02-22 16:57:05.648     0     0 I headset_imp_feature_get: get success!
02-22 16:57:05.886     0     0 E         : msm_qti_pp_get_rms_value_control, back not active to query rms be_idx:3
02-22 16:57:05.899     0     0 I core_get_license_status: cmdrsp_license_result.result = 0x15 for module 0x131ff
02-22 16:57:05.900     0     0 E msm-ext-disp-audio-codec-rx soc: qcom,msm-ext-disp:qcom,msm-ext-disp-audio-codec-rx: msm_ext_disp_audio_type_get: codec_data, get_audio_edid_blk() or get_intf_id is NULL
02-22 16:57:05.900     0     0 E         : max98927_info_rivision_ctl
02-22 16:57:05.900     0     0 E         : max98927_info_rivision_ctl
02-22 16:57:05.901     0     0 E         : max98927_get_rivision_ctl
02-22 16:57:05.901     0     0 I max98927_spk_gain_get: spk_gain setting returned 0
02-22 16:57:05.901     0     0 I max98927_digital_gain_get: spk_gain setting returned 0
02-22 16:57:05.908     0     0 I max98927_mono_out_get_l: value:128
02-22 16:57:05.908     0     0 I max98927_mono_out_get_r: value:0
02-22 16:57:05.909     0     0 I max98927_feedback_en_get_l: value:3
02-22 16:57:05.909     0     0 I max98927_feedback_en_get_r: value:0
02-22 16:57:05.909     0     0 I max98927_left_channel_enable_get: value:0
02-22 16:57:05.909     0     0 I max98927_right_channel_enable_get: value:0
02-22 16:57:05.943     0     0 E FG      : fg_psy_get_property: unsupported property 79
02-22 16:57:05.949     0     0 E FG      : fg_psy_get_property: unsupported property 79
02-22 16:57:05.952     0     0 W healthd : battery l=10 v=3755 t=26.8 h=2 st=2 c=-160000 fc=3092 chg=u
02-22 16:57:05.957     0     0 E FG      : fg_psy_get_property: unsupported property 79
02-22 16:57:05.993     0     0 E         : msm_qti_pp_get_rms_value_control, back not active to query rms be_idx:3
02-22 16:57:06.006     0     0 I core_get_license_status: cmdrsp_license_result.result = 0x15 for module 0x131ff
02-22 16:57:06.007     0     0 E msm-ext-disp-audio-codec-rx soc: qcom,msm-ext-disp:qcom,msm-ext-disp-audio-codec-rx: msm_ext_disp_audio_type_get: codec_data, get_audio_edid_blk() or get_intf_id is NULL
02-22 16:57:06.007     0     0 E         : max98927_info_rivision_ctl
02-22 16:57:06.007     0     0 E         : max98927_info_rivision_ctl
02-22 16:57:06.007     0     0 E         : max98927_get_rivision_ctl
02-22 16:57:06.007     0     0 I max98927_spk_gain_get: spk_gain setting returned 0
02-22 16:57:06.008     0     0 I max98927_digital_gain_get: spk_gain setting returned 0
02-22 16:57:06.014     0     0 I max98927_mono_out_get_l: value:128
02-22 16:57:06.014     0     0 I max98927_mono_out_get_r: value:0
02-22 16:57:06.014     0     0 I max98927_feedback_en_get_l: value:3
02-22 16:57:06.015     0     0 I max98927_feedback_en_get_r: value:0
02-22 16:57:06.015     0     0 I max98927_left_channel_enable_get: value:0
02-22 16:57:06.015     0     0 I max98927_right_channel_enable_get: value:0
02-22 16:57:06.138     0     0 E SMBLIB  : op_recovery_set_work: op_set_collapse_fet
02-22 16:57:08.041  4197  4197 F linker  : CANNOT LINK EXECUTABLE "/system/bin/netd": library "libnetd_resolv.so" not found: needed by main executable
02-22 16:57:08.064     0     0 I binder  : 4198:4198 ioctl 40046210 7fd066bd50 returned -22
02-22 16:57:08.065     0     0 D vdc     : Waited 0ms for vold
02-22 16:57:08.069     0     0 I libprocessgroup: Successfully killed process cgroup uid 1041 pid 4129 in 10ms
02-22 16:57:08.069     0     0 I init    : Sending signal 9 to service 'cameraserver' (pid 4130) process group...
02-22 16:57:08.075     0     0 I libprocessgroup: Successfully killed process cgroup uid 1047 pid 4130 in 5ms
02-22 16:57:08.075     0     0 I init    : Sending signal 9 to service 'media' (pid 4131) process group...
02-22 16:57:08.080     0     0 I libprocessgroup: Successfully killed process cgroup uid 1013 pid 4131 in 5ms
02-22 16:57:08.080     0     0 I init    : Command 'restart media.tuner' action=onrestart (<Service 'zygote' onrestart>:6) took 0ms and failed: service media.tuner not found
02-22 16:57:08.080     0     0 I init    : Sending signal 9 to service 'wificond' (pid 4132) process group...
02-22 16:57:08.086     0     0 I libprocessgroup: Successfully killed process cgroup uid 1010 pid 4132 in 5ms
02-22 16:57:08.086     0     0 I init    : Service 'audioserver' (pid 4129) received signal 9
02-22 16:57:08.086     0     0 I init    : Sending signal 9 to service 'vendor.audio-hal' (pid 4133) process group...
02-22 16:57:08.088     0     0 I binder  : undelivered TRANSACTION_COMPLETE
02-22 16:57:08.088     0     0 I binder  : undelivered transaction 85958, process died.
02-22 16:57:10.603     0     0 I binder  : 4206:4206 ioctl 40046210 ffd91450 returned -22
02-22 16:57:10.603     0     0 I binder  : 4203:4203 ioctl 40046210 7fd6fee0a4 returned -22
02-22 16:57:10.603     0     0 I binder  : 4206:4206 ioctl 40046210 ffd91440 returned -22
02-22 16:57:10.603     0     0 I binder  : 4203:4203 ioctl 40046210 7fd6fede80 returned -22
02-22 16:57:10.604     0     0 I binder  : 4206:4206 ioctl 40046210 ffd91618 returned -22
02-22 16:57:10.610  4207  4207 I wificond: wificond is starting up...
02-22 16:57:10.611     0     0 I binder  : 4207:4207 ioctl 40046210 7fd3c6a8c0 returned -22
02-22 16:57:10.614  4207  4207 I HidlServiceManagement: Registered android.system.wifi.keystore@1.0::IKeystore/default
02-22 16:57:10.612     0     0 I binder  : 4207:4207 ioctl 40046210 7fd3c6aa84 returned -22
02-22 16:57:10.623     0     0 I binder  : 4204:4204 ioctl 40046210 7fecc904c4 returned -22
02-22 16:57:10.623     0     0 I binder  : 4204:4204 ioctl 40046210 7fecc902a0 returned -22
02-22 16:57:10.625     0     0 I binder  : 4205:4205 ioctl 40046210 ffdc5f30 returned -22
02-22 16:57:10.627     0     0 I binder  : 4205:4205 ioctl 40046210 ffdc60f8 returned -22
02-22 16:57:10.631     0     0 I headset_imp_feature_get: get success!
02-22 16:57:10.648     0     0 I headset_imp_feature_get: get success!
02-22 16:57:10.884     0     0 E         : msm_qti_pp_get_rms_value_control, back not active to query rms be_idx:3
02-22 16:57:10.897     0     0 I core_get_license_status: cmdrsp_license_result.result = 0x15 for module 0x131ff
02-22 16:57:10.898     0     0 E msm-ext-disp-audio-codec-rx soc: qcom,msm-ext-disp:qcom,msm-ext-disp-audio-codec-rx: msm_ext_disp_audio_type_get: codec_data, get_audio_edid_blk() or get_intf_id is NULL
02-22 16:57:10.898     0     0 E         : max98927_info_rivision_ctl
02-22 16:57:10.898     0     0 E         : max98927_info_rivision_ctl
02-22 16:57:10.898     0     0 E         : max98927_get_rivision_ctl
02-22 16:57:10.899     0     0 I max98927_spk_gain_get: spk_gain setting returned 0
02-22 16:57:10.899     0     0 I max98927_digital_gain_get: spk_gain setting returned 0
02-22 16:57:10.907     0     0 I max98927_mono_out_get_l: value:128
02-22 16:57:10.907     0     0 I max98927_mono_out_get_r: value:0
02-22 16:57:10.908     0     0 I max98927_feedback_en_get_l: value:3
02-22 16:57:10.908     0     0 I max98927_feedback_en_get_r: value:0
02-22 16:57:10.909     0     0 I max98927_left_channel_enable_get: value:0
02-22 16:57:10.909     0     0 I max98927_right_channel_enable_get: value:0
02-22 16:57:10.984     0     0 E         : msm_qti_pp_get_rms_value_control, back not active to query rms be_idx:3
02-22 16:57:10.998     0     0 I core_get_license_status: cmdrsp_license_result.result = 0x15 for module 0x131ff
02-22 16:57:10.999     0     0 E msm-ext-disp-audio-codec-rx soc: qcom,msm-ext-disp:qcom,msm-ext-disp-audio-codec-rx: msm_ext_disp_audio_type_get: codec_data, get_audio_edid_blk() or get_intf_id is NULL
02-22 16:57:10.999     0     0 E         : max98927_info_rivision_ctl
02-22 16:57:10.999     0     0 E         : max98927_info_rivision_ctl
02-22 16:57:10.999     0     0 E         : max98927_get_rivision_ctl
02-22 16:57:11.000     0     0 I max98927_spk_gain_get: spk_gain setting returned 0
02-22 16:57:11.000     0     0 I max98927_digital_gain_get: spk_gain setting returned 0
02-22 16:57:11.008     0     0 I max98927_mono_out_get_l: value:128
02-22 16:57:11.008     0     0 I max98927_mono_out_get_r: value:0
02-22 16:57:11.009     0     0 I max98927_feedback_en_get_l: value:3
02-22 16:57:11.009     0     0 I max98927_feedback_en_get_r: value:0
02-22 16:57:11.009     0     0 I max98927_left_channel_enable_get: value:0
02-22 16:57:11.010     0     0 I max98927_right_channel_enable_get: value:0
02-22 16:57:11.985     0     0 I QCOM-BATT: pl_fcc_vote_callback: total_fcc_ua=1950000
02-22 16:57:11.985     0     0 I QCOM-BATT: pl_fv_vote_callback: fv_uv=4400000
02-22 16:57:12.343     0     0 E FG      : fg_psy_get_property: unsupported property 79
02-22 16:57:12.349     0     0 E FG      : fg_psy_get_property: unsupported property 79
02-22 16:57:12.352     0     0 W healthd : battery l=10 v=3717 t=26.7 h=2 st=2 c=-119000 fc=3092 chg=u
02-22 16:57:12.357     0     0 E FG      : fg_psy_get_property: unsupported property 79
02-22 16:57:13.049  4271  4271 F linker  : CANNOT LINK EXECUTABLE "/system/bin/netd": library "libnetd_resolv.so" not found: needed by main executable
02-22 16:57:13.074     0     0 I binder  : 4272:4272 ioctl 40046210 7ff0fe18e0 returned -22
02-22 16:57:13.074     0     0 D vdc     : Waited 0ms for vold
02-22 16:57:13.082     0     0 I libprocessgroup: Successfully killed process cgroup uid 1047 pid 4204 in 5ms
02-22 16:57:13.083     0     0 I init    : Sending signal 9 to service 'media' (pid 4205) process group...
02-22 16:57:13.088     0     0 I libprocessgroup: Successfully killed process cgroup uid 1013 pid 4205 in 5ms
02-22 16:57:13.088     0     0 I init    : Command 'restart media.tuner' action=onrestart (<Service 'zygote' onrestart>:6) took 0ms and failed: service media.tuner not found
02-22 16:57:13.088     0     0 I init    : Sending signal 9 to service 'wificond' (pid 4207) process group...
02-22 16:57:13.094     0     0 I libprocessgroup: Successfully killed process cgroup uid 1010 pid 4207 in 5ms
02-22 16:57:13.094     0     0 I init    : Service 'audioserver' (pid 4203) received signal 9
02-22 16:57:13.094     0     0 I init    : Sending signal 9 to service 'vendor.audio-hal' (pid 4206) process group...
02-22 16:57:13.110     0     0 I libprocessgroup: Successfully killed process cgroup uid 1041 pid 4206 in 15ms
02-22 16:57:13.110     0     0 I init    : Command 'restart vendor.audio-hal-4-0-msd' action=onrestart (<Service 'audioserver' onrestart>:2) took 0ms and failed: service vendor.audio-hal-4-0-msd not found
02-22 16:57:15.605     0     0 I binder  : 4282:4282 ioctl 40046210 ffd3dcf0 returned -22
02-22 16:57:15.605     0     0 I binder  : 4282:4282 ioctl 40046210 ffd3dce0 returned -22
02-22 16:57:15.605     0     0 I binder  : 4282:4282 ioctl 40046210 ffd3deb8 returned -22
02-22 16:57:15.609     0     0 I binder  : 4279:4279 ioctl 40046210 7fdf9dc454 returned -22
02-22 16:57:15.609     0     0 I binder  : 4279:4279 ioctl 40046210 7fdf9dc230 returned -22
02-22 16:57:15.625  4283  4283 I wificond: wificond is starting up...
02-22 16:57:15.626     0     0 I binder  : 4283:4283 ioctl 40046210 7fdcf82c30 returned -22
02-22 16:57:15.628     0     0 I binder  : 4283:4283 ioctl 40046210 7fdcf82df4 returned -22
02-22 16:57:15.630  4283  4283 I HidlServiceManagement: Registered android.system.wifi.keystore@1.0::IKeystore/default
02-22 16:57:15.629     0     0 I binder  : 4280:4280 ioctl 40046210 7fdd912e94 returned -22
02-22 16:57:15.629     0     0 I binder  : 4280:4280 ioctl 40046210 7fdd912c70 returned -22
02-22 16:57:15.631     0     0 I binder  : 4281:4281 ioctl 40046210 ffbc12e0 returned -22
02-22 16:57:15.633     0     0 I binder  : 4281:4281 ioctl 40046210 ffbc14a8 returned -22
02-22 16:57:15.637     0     0 I headset_imp_feature_get: get success!
02-22 16:57:15.653     0     0 I headset_imp_feature_get: get success!
02-22 16:57:15.893     0     0 E         : msm_qti_pp_get_rms_value_control, back not active to query rms be_idx:3
02-22 16:57:15.905     0     0 I core_get_license_status: cmdrsp_license_result.result = 0x15 for module 0x131ff
02-22 16:57:15.906     0     0 E msm-ext-disp-audio-codec-rx soc: qcom,msm-ext-disp:qcom,msm-ext-disp-audio-codec-rx: msm_ext_disp_audio_type_get: codec_data, get_audio_edid_blk() or get_intf_id is NULL
02-22 16:57:15.907     0     0 E         : max98927_info_rivision_ctl
02-22 16:57:15.907     0     0 E         : max98927_info_rivision_ctl
02-22 16:57:15.907     0     0 E         : max98927_get_rivision_ctl
02-22 16:57:15.907     0     0 I max98927_spk_gain_get: spk_gain setting returned 0
02-22 16:57:15.907     0     0 I max98927_digital_gain_get: spk_gain setting returned 0
02-22 16:57:15.914     0     0 I max98927_mono_out_get_l: value:128
02-22 16:57:15.915     0     0 I max98927_mono_out_get_r: value:0
02-22 16:57:15.915     0     0 I max98927_feedback_en_get_l: value:3
02-22 16:57:15.915     0     0 I max98927_feedback_en_get_r: value:0
02-22 16:57:15.916     0     0 I max98927_left_channel_enable_get: value:0
02-22 16:57:15.916     0     0 I max98927_right_channel_enable_get: value:0
02-22 16:57:15.998     0     0 E         : msm_qti_pp_get_rms_value_control, back not active to query rms be_idx:3
02-22 16:57:16.011     0     0 I core_get_license_status: cmdrsp_license_result.result = 0x15 for module 0x131ff
02-22 16:57:16.012     0     0 E msm-ext-disp-audio-codec-rx soc: qcom,msm-ext-disp:qcom,msm-ext-disp-audio-codec-rx: msm_ext_disp_audio_type_get: codec_data, get_audio_edid_blk() or get_intf_id is NULL
02-22 16:57:16.012     0     0 E         : max98927_info_rivision_ctl
02-22 16:57:16.012     0     0 E         : max98927_info_rivision_ctl
02-22 16:57:16.012     0     0 E         : max98927_get_rivision_ctl
02-22 16:57:16.012     0     0 I max98927_spk_gain_get: spk_gain setting returned 0
02-22 16:57:16.013     0     0 I max98927_digital_gain_get: spk_gain setting returned 0
02-22 16:57:16.021     0     0 I max98927_mono_out_get_l: value:128
02-22 16:57:16.021     0     0 I max98927_mono_out_get_r: value:0
02-22 16:57:16.022     0     0 I max98927_feedback_en_get_l: value:3
02-22 16:57:16.022     0     0 I max98927_feedback_en_get_r: value:0
02-22 16:57:16.022     0     0 I max98927_left_channel_enable_get: value:0
02-22 16:57:16.022     0     0 I max98927_right_channel_enable_get: value:0
02-22 16:57:18.055  4343  4343 F linker  : CANNOT LINK EXECUTABLE "/system/bin/netd": library "libnetd_resolv.so" not found: needed by main executable
02-22 16:57:18.082     0     0 I binder  : 4344:4344 ioctl 40046210 7fe7b442d0 returned -22
02-22 16:57:18.083     0     0 D vdc     : Waited 0ms for vold
02-22 16:57:18.089     0     0 I libprocessgroup: Successfully killed process cgroup uid 1013 pid 4281 in 5ms
02-22 16:57:18.090     0     0 I init    : Command 'restart media.tuner' action=onrestart (<Service 'zygote' onrestart>:6) took 0ms and failed: service media.tuner not found
02-22 16:57:18.090     0     0 I init    : Sending signal 9 to service 'wificond' (pid 4283) process group...
02-22 16:57:18.095     0     0 I libprocessgroup: Successfully killed process cgroup uid 1010 pid 4283 in 5ms
02-22 16:57:18.096     0     0 I init    : Service 'audioserver' (pid 4279) received signal 9
02-22 16:57:18.096     0     0 I init    : Sending signal 9 to service 'vendor.audio-hal' (pid 4282) process group...
02-22 16:57:18.101     0     0 I libprocessgroup: Successfully killed process cgroup uid 1041 pid 4282 in 5ms
02-22 16:57:18.101     0     0 I init    : Command 'restart vendor.audio-hal-4-0-msd' action=onrestart (<Service 'audioserver' onrestart>:2) took 0ms and failed: service vendor.audio-hal-4-0-msd not found
02-22 16:57:18.101     0     0 I init    : Command 'restart audio_proxy_service' action=onrestart (<Service 'audioserver' onrestart>:3) took 0ms and failed: service audio_proxy_service not found
02-22 16:57:18.101     0     0 I init    : Command 'restart vendor.audio-hal-2-0' action=onrestart (<Service 'audioserver' onrestart>:4) took 0ms and failed: service vendor.audio-hal-2-0 not found
02-22 16:57:18.385     0     0 I QCOM-BATT: pl_fcc_vote_callback: total_fcc_ua=1950000
02-22 16:57:18.385     0     0 I QCOM-BATT: pl_fv_vote_callback: fv_uv=4400000
02-22 16:57:18.743     0     0 E FG      : fg_psy_get_property: unsupported property 79
02-22 16:57:18.749     0     0 E FG      : fg_psy_get_property: unsupported property 79
02-22 16:57:18.752     0     0 W healthd : battery l=10 v=3751 t=26.6 h=2 st=2 c=-303000 fc=3092 chg=u
02-22 16:57:18.757     0     0 E FG      : fg_psy_get_property: unsupported property 79
02-22 16:57:20.605     0     0 I binder  : 4352:4352 ioctl 40046210 ffce5540 returned -22
02-22 16:57:20.605     0     0 I binder  : 4352:4352 ioctl 40046210 ffce5530 returned -22
02-22 16:57:20.606     0     0 I binder  : 4352:4352 ioctl 40046210 ffce5708 returned -22
02-22 16:57:20.619     0     0 I binder  : 4349:4349 ioctl 40046210 7fdcd95c54 returned -22
02-22 16:57:20.619     0     0 I binder  : 4349:4349 ioctl 40046210 7fdcd95a30 returned -22
02-22 16:57:20.632     0     0 I headset_imp_feature_get: get success!
02-22 16:57:20.634     0     0 I binder  : 4350:4350 ioctl 40046210 7fcc9745a4 returned -22
02-22 16:57:20.634     0     0 I binder  : 4350:4350 ioctl 40046210 7fcc974380 returned -22
02-22 16:57:20.636  4357  4357 I wificond: wificond is starting up...
02-22 16:57:20.636     0     0 I binder  : 4357:4357 ioctl 40046210 7fd1574770 returned -22
02-22 16:57:20.639     0     0 I binder  : 4357:4357 ioctl 40046210 7fd1574934 returned -22
02-22 16:57:20.641  4357  4357 I HidlServiceManagement: Registered android.system.wifi.keystore@1.0::IKeystore/default
02-22 16:57:20.641     0     0 I binder  : 4351:4351 ioctl 40046210 ffcabca0 returned -22
02-22 16:57:20.643     0     0 I binder  : 4351:4351 ioctl 40046210 ffcabe68 returned -22
02-22 16:57:20.663     0     0 I headset_imp_feature_get: get success!
02-22 16:57:20.880     0     0 E         : msm_qti_pp_get_rms_value_control, back not active to query rms be_idx:3
02-22 16:57:20.891     0     0 I core_get_license_status: cmdrsp_license_result.result = 0x15 for module 0x131ff
02-22 16:57:20.891     0     0 E msm-ext-disp-audio-codec-rx soc: qcom,msm-ext-disp:qcom,msm-ext-disp-audio-codec-rx: msm_ext_disp_audio_type_get: codec_data, get_audio_edid_blk() or get_intf_id is NULL
02-22 16:57:20.892     0     0 E         : max98927_info_rivision_ctl
02-22 16:57:20.892     0     0 E         : max98927_info_rivision_ctl
02-22 16:57:20.892     0     0 E         : max98927_get_rivision_ctl
02-22 16:57:20.892     0     0 I max98927_spk_gain_get: spk_gain setting returned 0
02-22 16:57:20.892     0     0 I max98927_digital_gain_get: spk_gain setting returned 0
02-22 16:57:20.900     0     0 I max98927_mono_out_get_l: value:128
02-22 16:57:20.900     0     0 I max98927_mono_out_get_r: value:0
02-22 16:57:20.901     0     0 I max98927_feedback_en_get_l: value:3
02-22 16:57:20.901     0     0 I max98927_feedback_en_get_r: value:0
02-22 16:57:20.901     0     0 I max98927_left_channel_enable_get: value:0
02-22 16:57:20.901     0     0 I max98927_right_channel_enable_get: value:0
02-22 16:57:21.012     0     0 E         : msm_qti_pp_get_rms_value_control, back not active to query rms be_idx:3
02-22 16:57:21.019     0     0 I core_get_license_status: cmdrsp_license_result.result = 0x15 for module 0x131ff
02-22 16:57:21.020     0     0 E msm-ext-disp-audio-codec-rx soc: qcom,msm-ext-disp:qcom,msm-ext-disp-audio-codec-rx: msm_ext_disp_audio_type_get: codec_data, get_audio_edid_blk() or get_intf_id is NULL
02-22 16:57:21.020     0     0 E         : max98927_info_rivision_ctl
02-22 16:57:21.020     0     0 E         : max98927_info_rivision_ctl
02-22 16:57:21.020     0     0 E         : max98927_get_rivision_ctl
02-22 16:57:21.021     0     0 I max98927_spk_gain_get: spk_gain setting returned 0
02-22 16:57:21.021     0     0 I max98927_digital_gain_get: spk_gain setting returned 0
02-22 16:57:21.025     0     0 I max98927_mono_out_get_l: value:128
02-22 16:57:21.025     0     0 I max98927_mono_out_get_r: value:0
02-22 16:57:21.025     0     0 I max98927_feedback_en_get_l: value:3
02-22 16:57:21.026     0     0 I max98927_feedback_en_get_r: value:0
02-22 16:57:21.026     0     0 I max98927_left_channel_enable_get: value:0
02-22 16:57:21.026     0     0 I max98927_right_channel_enable_get: value:0
02-22 16:57:21.578     0     0 I SMBLIB  : smblib_awake_vote_callback: set awake=0
02-22 16:57:23.060  4415  4415 F linker  : CANNOT LINK EXECUTABLE "/system/bin/netd": library "libnetd_resolv.so" not found: needed by main executable
02-22 16:57:23.090     0     0 I binder  : 4416:4416 ioctl 40046210 7fcb627ba0 returned -22
02-22 16:57:23.091     0     0 D vdc     : Waited 0ms for vold
02-22 16:57:23.100     0     0 I libprocessgroup: Successfully killed process cgroup uid 1010 pid 4357 in 5ms
02-22 16:57:23.101     0     0 I init    : Service 'audioserver' (pid 4349) received signal 9
02-22 16:57:23.101     0     0 I init    : Sending signal 9 to service 'vendor.audio-hal' (pid 4352) process group...
02-22 16:57:23.107     0     0 I libprocessgroup: Successfully killed process cgroup uid 1041 pid 4352 in 5ms
02-22 16:57:23.107     0     0 I init    : Command 'restart vendor.audio-hal-4-0-msd' action=onrestart (<Service 'audioserver' onrestart>:2) took 0ms and failed: service vendor.audio-hal-4-0-msd not found
02-22 16:57:23.107     0     0 I init    : Command 'restart audio_proxy_service' action=onrestart (<Service 'audioserver' onrestart>:3) took 0ms and failed: service audio_proxy_service not found
02-22 16:57:23.107     0     0 I init    : Command 'restart vendor.audio-hal-2-0' action=onrestart (<Service 'audioserver' onrestart>:4) took 0ms and failed: service vendor.audio-hal-2-0 not found
02-22 16:57:23.107     0     0 I init    : Command 'restart audio-hal-2-0' action=onrestart (<Service 'audioserver' onrestart>:5) took 0ms and failed: service audio-hal-2-0 not found
02-22 16:57:23.107     0     0 I init    : Service 'cameraserver' (pid 4350) received signal 9
02-22 16:57:23.108     0     0 I init    : Service 'media' (pid 4351) received signal 9
02-22 16:57:25.425     0     0 I QCOM-BATT: pl_fcc_vote_callback: total_fcc_ua=1950000
02-22 16:57:25.425     0     0 I QCOM-BATT: pl_fv_vote_callback: fv_uv=4400000
02-22 16:57:25.601     0     0 I binder  : 4424:4424 ioctl 40046210 ffd6ec00 returned -22
02-22 16:57:25.601     0     0 I binder  : 4424:4424 ioctl 40046210 ffd6ebf0 returned -22
02-22 16:57:25.601     0     0 I binder  : 4424:4424 ioctl 40046210 ffd6edc8 returned -22
02-22 16:57:25.623     0     0 I binder  : 4421:4421 ioctl 40046210 7fc707f604 returned -22
02-22 16:57:25.623     0     0 I binder  : 4421:4421 ioctl 40046210 7fc707f3e0 returned -22
02-22 16:57:25.636     0     0 I headset_imp_feature_get: get success!
02-22 16:57:25.638  4429  4429 I wificond: wificond is starting up...
02-22 16:57:25.639     0     0 I binder  : 4429:4429 ioctl 40046210 7fd7ff43a0 returned -22
02-22 16:57:25.641  4429  4429 I HidlServiceManagement: Registered android.system.wifi.keystore@1.0::IKeystore/default
02-22 16:57:25.640     0     0 I binder  : 4429:4429 ioctl 40046210 7fd7ff4564 returned -22
02-22 16:57:25.642     0     0 I binder  : 4422:4422 ioctl 40046210 7fdddd0634 returned -22
02-22 16:57:25.642     0     0 I binder  : 4422:4422 ioctl 40046210 7fdddd0410 returned -22
02-22 16:57:25.657     0     0 I binder  : 4423:4423 ioctl 40046210 fff7afa0 returned -22
02-22 16:57:25.659     0     0 I binder  : 4423:4423 ioctl 40046210 fff7b168 returned -22
02-22 16:57:25.669     0     0 I headset_imp_feature_get: get success!
02-22 16:57:25.783     0     0 E FG      : fg_psy_get_property: unsupported property 79
02-22 16:57:25.790     0     0 E FG      : fg_psy_get_property: unsupported property 79
02-22 16:57:25.793     0     0 W healthd : battery l=10 v=3750 t=26.6 h=2 st=2 c=-317000 fc=3092 chg=u
02-22 16:57:25.798     0     0 E FG      : fg_psy_get_property: unsupported property 79
02-22 16:57:25.882     0     0 E         : msm_qti_pp_get_rms_value_control, back not active to query rms be_idx:3
02-22 16:57:25.893     0     0 I core_get_license_status: cmdrsp_license_result.result = 0x15 for module 0x131ff
02-22 16:57:25.894     0     0 E msm-ext-disp-audio-codec-rx soc: qcom,msm-ext-disp:qcom,msm-ext-disp-audio-codec-rx: msm_ext_disp_audio_type_get: codec_data, get_audio_edid_blk() or get_intf_id is NULL
02-22 16:57:25.894     0     0 E         : max98927_info_rivision_ctl
02-22 16:57:25.894     0     0 E         : max98927_info_rivision_ctl
02-22 16:57:25.894     0     0 E         : max98927_get_rivision_ctl
02-22 16:57:25.894     0     0 I max98927_spk_gain_get: spk_gain setting returned 0
02-22 16:57:25.895     0     0 I max98927_digital_gain_get: spk_gain setting returned 0
02-22 16:57:25.902     0     0 I max98927_mono_out_get_l: value:128
02-22 16:57:25.902     0     0 I max98927_mono_out_get_r: value:0
02-22 16:57:25.903     0     0 I max98927_feedback_en_get_l: value:3
02-22 16:57:25.903     0     0 I max98927_feedback_en_get_r: value:0
02-22 16:57:25.903     0     0 I max98927_left_channel_enable_get: value:0
02-22 16:57:25.904     0     0 I max98927_right_channel_enable_get: value:0
02-22 16:57:26.018     0     0 E         : msm_qti_pp_get_rms_value_control, back not active to query rms be_idx:3
02-22 16:57:26.026     0     0 I core_get_license_status: cmdrsp_license_result.result = 0x15 for module 0x131ff
02-22 16:57:26.026     0     0 E msm-ext-disp-audio-codec-rx soc: qcom,msm-ext-disp:qcom,msm-ext-disp-audio-codec-rx: msm_ext_disp_audio_type_get: codec_data, get_audio_edid_blk() or get_intf_id is NULL
02-22 16:57:26.026     0     0 E         : max98927_info_rivision_ctl
02-22 16:57:26.026     0     0 E         : max98927_info_rivision_ctl
02-22 16:57:26.027     0     0 E         : max98927_get_rivision_ctl
02-22 16:57:26.027     0     0 I max98927_spk_gain_get: spk_gain setting returned 0
02-22 16:57:26.027     0     0 I max98927_digital_gain_get: spk_gain setting returned 0
02-22 16:57:26.031     0     0 I max98927_mono_out_get_l: value:128
02-22 16:57:26.031     0     0 I max98927_mono_out_get_r: value:0
02-22 16:57:26.032     0     0 I max98927_feedback_en_get_l: value:3
02-22 16:57:26.032     0     0 I max98927_feedback_en_get_r: value:0
02-22 16:57:26.032     0     0 I max98927_left_channel_enable_get: value:0
02-22 16:57:26.032     0     0 I max98927_right_channel_enable_get: value:0
02-22 16:57:28.062  4488  4488 F linker  : CANNOT LINK EXECUTABLE "/system/bin/netd": library "libnetd_resolv.so" not found: needed by main executable
02-22 16:57:28.096     0     0 I binder  : 4489:4489 ioctl 40046210 7fe2f96a50 returned -22
02-22 16:57:28.096     0     0 D vdc     : Waited 0ms for vold
02-22 16:57:28.108     0     0 I libprocessgroup: Successfully killed process cgroup uid 1041 pid 4424 in 5ms
02-22 16:57:28.108     0     0 I init    : Command 'restart vendor.audio-hal-4-0-msd' action=onrestart (<Service 'audioserver' onrestart>:2) took 0ms and failed: service vendor.audio-hal-4-0-msd not found
02-22 16:57:28.108     0     0 I init    : Command 'restart audio_proxy_service' action=onrestart (<Service 'audioserver' onrestart>:3) took 0ms and failed: service audio_proxy_service not found
02-22 16:57:28.108     0     0 I init    : Command 'restart vendor.audio-hal-2-0' action=onrestart (<Service 'audioserver' onrestart>:4) took 0ms and failed: service vendor.audio-hal-2-0 not found
02-22 16:57:28.108     0     0 I init    : Command 'restart audio-hal-2-0' action=onrestart (<Service 'audioserver' onrestart>:5) took 0ms and failed: service audio-hal-2-0 not found
02-22 16:57:28.109     0     0 I init    : Service 'cameraserver' (pid 4422) received signal 9
02-22 16:57:28.109     0     0 I init    : Service 'media' (pid 4423) received signal 9
02-22 16:57:28.110     0     0 I init    : Service 'vendor.audio-hal' (pid 4424) received signal 9
02-22 16:57:28.110     0     0 I init    : Service 'wificond' (pid 4429) received signal 9
02-22 16:57:28.110     0     0 I init    : Service 'zygote_secondary' (pid 4487) received signal 9
02-22 16:57:30.620     0     0 I binder  : 4495:4495 ioctl 40046210 ffe0d030 returned -22
02-22 16:57:30.620     0     0 I binder  : 4495:4495 ioctl 40046210 ffe0d020 returned -22
02-22 16:57:30.621     0     0 I binder  : 4495:4495 ioctl 40046210 ffe0d1f8 returned -22
02-22 16:57:30.626     0     0 I binder  : 4492:4492 ioctl 40046210 7fd7b2bdf4 returned -22
02-22 16:57:30.626     0     0 I binder  : 4492:4492 ioctl 40046210 7fd7b2bbd0 returned -22
02-22 16:57:30.639  4496  4496 I wificond: wificond is starting up...
02-22 16:57:30.639     0     0 I binder  : 4496:4496 ioctl 40046210 7fed265b60 returned -22
02-22 16:57:30.642  4496  4496 I HidlServiceManagement: Registered android.system.wifi.keystore@1.0::IKeystore/default
02-22 16:57:30.641     0     0 I binder  : 4496:4496 ioctl 40046210 7fed265d24 returned -22
02-22 16:57:30.642     0     0 I headset_imp_feature_get: get success!
02-22 16:57:30.646     0     0 I binder  : 4493:4493 ioctl 40046210 7fc27e70a4 returned -22
02-22 16:57:30.646     0     0 I binder  : 4493:4493 ioctl 40046210 7fc27e6e80 returned -22
02-22 16:57:30.649     0     0 I binder  : 4494:4494 ioctl 40046210 fff465e0 returned -22
02-22 16:57:30.651     0     0 I binder  : 4494:4494 ioctl 40046210 fff467a8 returned -22
02-22 16:57:30.667     0     0 I headset_imp_feature_get: get success!
02-22 16:57:30.894     0     0 E         : msm_qti_pp_get_rms_value_control, back not active to query rms be_idx:3
02-22 16:57:30.906     0     0 I core_get_license_status: cmdrsp_license_result.result = 0x15 for module 0x131ff
02-22 16:57:30.908     0     0 E msm-ext-disp-audio-codec-rx soc: qcom,msm-ext-disp:qcom,msm-ext-disp-audio-codec-rx: msm_ext_disp_audio_type_get: codec_data, get_audio_edid_blk() or get_intf_id is NULL
02-22 16:57:30.908     0     0 E         : max98927_info_rivision_ctl
02-22 16:57:30.908     0     0 E         : max98927_info_rivision_ctl
02-22 16:57:30.908     0     0 E         : max98927_get_rivision_ctl
02-22 16:57:30.908     0     0 I max98927_spk_gain_get: spk_gain setting returned 0
02-22 16:57:30.908     0     0 I max98927_digital_gain_get: spk_gain setting returned 0
02-22 16:57:30.917     0     0 I max98927_mono_out_get_l: value:128
02-22 16:57:30.917     0     0 I max98927_mono_out_get_r: value:0
02-22 16:57:30.917     0     0 I max98927_feedback_en_get_l: value:3
02-22 16:57:30.918     0     0 I max98927_feedback_en_get_r: value:0
02-22 16:57:30.918     0     0 I max98927_left_channel_enable_get: value:0
02-22 16:57:30.918     0     0 I max98927_right_channel_enable_get: value:0
02-22 16:57:31.006     0     0 E         : msm_qti_pp_get_rms_value_control, back not active to query rms be_idx:3
02-22 16:57:31.019     0     0 I core_get_license_status: cmdrsp_license_result.result = 0x15 for module 0x131ff
02-22 16:57:31.020     0     0 E msm-ext-disp-audio-codec-rx soc: qcom,msm-ext-disp:qcom,msm-ext-disp-audio-codec-rx: msm_ext_disp_audio_type_get: codec_data, get_audio_edid_blk() or get_intf_id is NULL
02-22 16:57:31.020     0     0 E         : max98927_info_rivision_ctl
02-22 16:57:31.021     0     0 E         : max98927_info_rivision_ctl
02-22 16:57:31.021     0     0 E         : max98927_get_rivision_ctl
02-22 16:57:31.021     0     0 I max98927_spk_gain_get: spk_gain setting returned 0
02-22 16:57:31.021     0     0 I max98927_digital_gain_get: spk_gain setting returned 0
02-22 16:57:31.029     0     0 I max98927_mono_out_get_l: value:128
02-22 16:57:31.029     0     0 I max98927_mono_out_get_r: value:0
02-22 16:57:31.030     0     0 I max98927_feedback_en_get_l: value:3
02-22 16:57:31.030     0     0 I max98927_feedback_en_get_r: value:0
02-22 16:57:31.030     0     0 I max98927_left_channel_enable_get: value:0
02-22 16:57:31.030     0     0 I max98927_right_channel_enable_get: value:0
02-22 16:57:32.465     0     0 I QCOM-BATT: pl_fcc_vote_callback: total_fcc_ua=1950000
02-22 16:57:32.465     0     0 I QCOM-BATT: pl_fv_vote_callback: fv_uv=4400000
02-22 16:57:32.823     0     0 E FG      : fg_psy_get_property: unsupported property 79
02-22 16:57:32.829     0     0 E FG      : fg_psy_get_property: unsupported property 79
02-22 16:57:32.832     0     0 W healthd : battery l=10 v=3715 t=26.5 h=2 st=2 c=-172000 fc=3092 chg=u
02-22 16:57:32.837     0     0 E FG      : fg_psy_get_property: unsupported property 79
02-22 16:57:33.069  4554  4554 F linker  : CANNOT LINK EXECUTABLE "/system/bin/netd": library "libnetd_resolv.so" not found: needed by main executable
02-22 16:57:33.094     0     0 I binder  : 4555:4555 ioctl 40046210 7fc3a29ed0 returned -22
02-22 16:57:33.094     0     0 D vdc     : Waited 0ms for vold
02-22 16:57:33.118     0     0 I init    : Service 'exec 102 (/system/bin/vdc volume abort_fuse)' (pid 4555) exited with status 0 oneshot service took 0.031000 seconds in background
02-22 16:57:33.118     0     0 I init    : Sending signal 9 to service 'exec 102 (/system/bin/vdc volume abort_fuse)' (pid 4555) process group...
02-22 16:57:33.118     0     0 I libprocessgroup: Successfully killed process cgroup uid 1000 pid 4555 in 0ms
02-22 16:57:33.118     0     0 I init    : processing action (sys.init.updatable_crashing=1) from (/system/etc/init/flags_health_check.rc:10)
02-22 16:57:33.119     0     0 I init    : starting service 'exec 103 (/system/bin/flags_health_check UPDATABLE_CRASHING)'...
02-22 16:57:33.121     0     0 I init    : SVC_EXEC service 'exec 103 (/system/bin/flags_health_check UPDATABLE_CRASHING)' pid 4557 (uid 1000 gid 1000+0 context default) started; waiting...
02-22 16:57:33.130     0     0 I init    : Service 'exec 103 (/system/bin/flags_health_check UPDATABLE_CRASHING)' (pid 4557) exited with status 0 waiting took 0.009000 seconds
02-22 16:57:33.130     0     0 I init    : Sending signal 9 to service 'exec 103 (/system/bin/flags_health_check UPDATABLE_CRASHING)' (pid 4557) process group...
02-22 16:57:33.130     0     0 I libprocessgroup: Successfully killed process cgroup uid 1000 pid 4557 in 0ms
02-22 16:57:33.130     0     0 I init    : processing action (init.svc.media=*) from (/system/etc/init/mediaserver.rc:1)
02-22 16:57:35.612     0     0 I binder  : 4561:4561 ioctl 40046210 ff9375c0 returned -22
02-22 16:57:35.613     0     0 I binder  : 4561:4561 ioctl 40046210 ff9375b0 returned -22
02-22 16:57:35.613     0     0 I binder  : 4561:4561 ioctl 40046210 ff937788 returned -22
02-22 16:57:35.632     0     0 I binder  : 4558:4558 ioctl 40046210 7fc1087964 returned -22
02-22 16:57:35.632     0     0 I binder  : 4558:4558 ioctl 40046210 7fc1087740 returned -22
02-22 16:57:35.635     0     0 I binder  : 4566:4566 ioctl 40046210 7fe123bc20 returned -22
02-22 16:57:35.635  4566  4566 I wificond: wificond is starting up...
02-22 16:57:35.636     0     0 I headset_imp_feature_get: get success!
02-22 16:57:35.639     0     0 I binder  : 4566:4566 ioctl 40046210 7fe123bde4 returned -22
02-22 16:57:35.639  4566  4566 I HidlServiceManagement: Registered android.system.wifi.keystore@1.0::IKeystore/default
02-22 16:57:35.652     0     0 I binder  : 4559:4559 ioctl 40046210 7ff0a39bd4 returned -22
02-22 16:57:35.652     0     0 I binder  : 4559:4559 ioctl 40046210 7ff0a399b0 returned -22
02-22 16:57:35.669     0     0 I headset_imp_feature_get: get success!
02-22 16:57:35.671     0     0 I binder  : 4560:4560 ioctl 40046210 ffadef30 returned -22
02-22 16:57:35.673     0     0 I binder  : 4560:4560 ioctl 40046210 ffadf0f8 returned -22
02-22 16:57:35.887     0     0 E         : msm_qti_pp_get_rms_value_control, back not active to query rms be_idx:3
02-22 16:57:35.898     0     0 I core_get_license_status: cmdrsp_license_result.result = 0x15 for module 0x131ff
02-22 16:57:35.899     0     0 E msm-ext-disp-audio-codec-rx soc: qcom,msm-ext-disp:qcom,msm-ext-disp-audio-codec-rx: msm_ext_disp_audio_type_get: codec_data, get_audio_edid_blk() or get_intf_id is NULL
02-22 16:57:35.900     0     0 E         : max98927_info_rivision_ctl
02-22 16:57:35.900     0     0 E         : max98927_info_rivision_ctl
02-22 16:57:35.900     0     0 E         : max98927_get_rivision_ctl
02-22 16:57:35.900     0     0 I max98927_spk_gain_get: spk_gain setting returned 0
02-22 16:57:35.900     0     0 I max98927_digital_gain_get: spk_gain setting returned 0
02-22 16:57:35.908     0     0 I max98927_mono_out_get_l: value:128
02-22 16:57:35.909     0     0 I max98927_mono_out_get_r: value:0
02-22 16:57:35.909     0     0 I max98927_feedback_en_get_l: value:3
02-22 16:57:35.910     0     0 I max98927_feedback_en_get_r: value:0
02-22 16:57:35.910     0     0 I max98927_left_channel_enable_get: value:0
02-22 16:57:35.910     0     0 I max98927_right_channel_enable_get: value:0
02-22 16:57:36.017     0     0 E         : msm_qti_pp_get_rms_value_control, back not active to query rms be_idx:3
02-22 16:57:36.025     0     0 I core_get_license_status: cmdrsp_license_result.result = 0x15 for module 0x131ff
02-22 16:57:36.025     0     0 E msm-ext-disp-audio-codec-rx soc: qcom,msm-ext-disp:qcom,msm-ext-disp-audio-codec-rx: msm_ext_disp_audio_type_get: codec_data, get_audio_edid_blk() or get_intf_id is NULL
02-22 16:57:36.025     0     0 E         : max98927_info_rivision_ctl
02-22 16:57:36.025     0     0 E         : max98927_info_rivision_ctl
02-22 16:57:36.025     0     0 E         : max98927_get_rivision_ctl
02-22 16:57:36.026     0     0 I max98927_spk_gain_get: spk_gain setting returned 0
02-22 16:57:36.026     0     0 I max98927_digital_gain_get: spk_gain setting returned 0
02-22 16:57:36.030     0     0 I max98927_mono_out_get_l: value:128
02-22 16:57:36.030     0     0 I max98927_mono_out_get_r: value:0
02-22 16:57:36.030     0     0 I max98927_feedback_en_get_l: value:3
02-22 16:57:36.031     0     0 I max98927_feedback_en_get_r: value:0
02-22 16:57:36.031     0     0 I max98927_left_channel_enable_get: value:0
02-22 16:57:36.031     0     0 I max98927_right_channel_enable_get: value:0
02-22 16:57:38.075  4621  4621 F linker  : CANNOT LINK EXECUTABLE "/system/bin/netd": library "libnetd_resolv.so" not found: needed by main executable
02-22 16:57:38.104     0     0 I binder  : 4622:4622 ioctl 40046210 7fdcb05a80 returned -22
02-22 16:57:38.104     0     0 D vdc     : Waited 0ms for vold
02-22 16:57:38.136     0     0 I init    : Service 'exec 105 (/system/bin/flags_health_check UPDATABLE_CRASHING)' (pid 4624) exited with status 0 waiting took 0.009000 seconds
02-22 16:57:38.136     0     0 I init    : Sending signal 9 to service 'exec 105 (/system/bin/flags_health_check UPDATABLE_CRASHING)' (pid 4624) process group...
02-22 16:57:38.136     0     0 I libprocessgroup: Successfully killed process cgroup uid 1000 pid 4624 in 0ms
02-22 16:57:38.137     0     0 I init    : processing action (init.svc.media=*) from (/system/etc/init/mediaserver.rc:1)
02-22 16:57:38.137     0     0 I init    : processing action (init.svc.media=*) from (/system/etc/init/mediaserver.rc:1)
02-22 16:57:39.505     0     0 I QCOM-BATT: pl_fcc_vote_callback: total_fcc_ua=1950000
02-22 16:57:39.505     0     0 I QCOM-BATT: pl_fv_vote_callback: fv_uv=4400000
02-22 16:57:39.863     0     0 E FG      : fg_psy_get_property: unsupported property 79
02-22 16:57:39.869     0     0 E FG      : fg_psy_get_property: unsupported property 79
02-22 16:57:39.872     0     0 W healthd : battery l=10 v=3748 t=26.5 h=2 st=2 c=-335000 fc=3092 chg=u
02-22 16:57:39.877     0     0 E FG      : fg_psy_get_property: unsupported property 79
02-22 16:57:40.595     0     0 I init    : starting service 'audioserver'...
02-22 16:57:40.599     0     0 I init    : starting service 'cameraserver'...
02-22 16:57:40.601     0     0 I init    : starting service 'media'...
02-22 16:57:40.604     0     0 I init    : processing action (init.svc.audioserver=running) from (/system/etc/init/audioserver.rc:38)
02-22 16:57:40.604     0     0 I init    : starting service 'vendor.audio-hal'...
02-22 16:57:40.625     0     0 I binder  : 4628:4628 ioctl 40046210 ffd82760 returned -22
02-22 16:57:40.625     0     0 I binder  : 4628:4628 ioctl 40046210 ffd82750 returned -22
02-22 16:57:40.625     0     0 I binder  : 4628:4628 ioctl 40046210 ffd82928 returned -22
02-22 16:57:40.645  4629  4629 I wificond: wificond is starting up...
02-22 16:57:40.644     0     0 I binder  : 4625:4625 ioctl 40046210 7fe3a50c34 returned -22
02-22 16:57:40.644     0     0 I headset_imp_feature_get: get success!
02-22 16:57:40.644     0     0 I binder  : 4625:4625 ioctl 40046210 7fe3a50a10 returned -22
02-22 16:57:40.646     0     0 I binder  : 4629:4629 ioctl 40046210 7fc897b860 returned -22
02-22 16:57:40.648     0     0 I binder  : 4629:4629 ioctl 40046210 7fc897ba24 returned -22
02-22 16:57:40.650  4629  4629 I HidlServiceManagement: Registered android.system.wifi.keystore@1.0::IKeystore/default
02-22 16:57:40.656     0     0 I binder  : 4626:4626 ioctl 40046210 7fcbb7d6e4 returned -22
02-22 16:57:40.656     0     0 I binder  : 4626:4626 ioctl 40046210 7fcbb7d4c0 returned -22
02-22 16:57:40.660     0     0 I binder  : 4627:4627 ioctl 40046210 ffdeef90 returned -22
02-22 16:57:40.662     0     0 I binder  : 4627:4627 ioctl 40046210 ffdef158 returned -22
02-22 16:57:40.680     0     0 I headset_imp_feature_get: get success!
02-22 16:57:40.881     0     0 E         : msm_qti_pp_get_rms_value_control, back not active to query rms be_idx:3
02-22 16:57:40.892     0     0 I core_get_license_status: cmdrsp_license_result.result = 0x15 for module 0x131ff
02-22 16:57:40.893     0     0 E msm-ext-disp-audio-codec-rx soc: qcom,msm-ext-disp:qcom,msm-ext-disp-audio-codec-rx: msm_ext_disp_audio_type_get: codec_data, get_audio_edid_blk() or get_intf_id is NULL
02-22 16:57:40.893     0     0 E         : max98927_info_rivision_ctl
02-22 16:57:40.893     0     0 E         : max98927_info_rivision_ctl
02-22 16:57:40.893     0     0 E         : max98927_get_rivision_ctl
02-22 16:57:40.894     0     0 I max98927_spk_gain_get: spk_gain setting returned 0
02-22 16:57:40.894     0     0 I max98927_digital_gain_get: spk_gain setting returned 0
02-22 16:57:40.900     0     0 I max98927_mono_out_get_l: value:128
02-22 16:57:40.901     0     0 I max98927_mono_out_get_r: value:0
02-22 16:57:40.901     0     0 I max98927_feedback_en_get_l: value:3
02-22 16:57:40.902     0     0 I max98927_feedback_en_get_r: value:0
02-22 16:57:40.902     0     0 I max98927_left_channel_enable_get: value:0
02-22 16:57:40.902     0     0 I max98927_right_channel_enable_get: value:0
02-22 16:57:41.026     0     0 E         : msm_qti_pp_get_rms_value_control, back not active to query rms be_idx:3
02-22 16:57:41.035     0     0 I core_get_license_status: cmdrsp_license_result.result = 0x15 for module 0x131ff
02-22 16:57:41.035     0     0 E msm-ext-disp-audio-codec-rx soc: qcom,msm-ext-disp:qcom,msm-ext-disp-audio-codec-rx: msm_ext_disp_audio_type_get: codec_data, get_audio_edid_blk() or get_intf_id is NULL
02-22 16:57:41.036     0     0 E         : max98927_info_rivision_ctl
02-22 16:57:41.036     0     0 E         : max98927_info_rivision_ctl
02-22 16:57:41.036     0     0 E         : max98927_get_rivision_ctl
02-22 16:57:41.036     0     0 I max98927_spk_gain_get: spk_gain setting returned 0
02-22 16:57:41.036     0     0 I max98927_digital_gain_get: spk_gain setting returned 0
02-22 16:57:41.041     0     0 I max98927_mono_out_get_l: value:128
02-22 16:57:41.041     0     0 I max98927_mono_out_get_r: value:0
02-22 16:57:41.041     0     0 I max98927_feedback_en_get_l: value:3
02-22 16:57:41.041     0     0 I max98927_feedback_en_get_r: value:0
02-22 16:57:41.041     0     0 I max98927_left_channel_enable_get: value:0
02-22 16:57:41.042     0     0 I max98927_right_channel_enable_get: value:0
02-22 16:57:43.080  4688  4688 F linker  : CANNOT LINK EXECUTABLE "/system/bin/netd": library "libnetd_resolv.so" not found: needed by main executable
02-22 16:57:43.104     0     0 I binder  : 4689:4689 ioctl 40046210 7fe72725b0 returned -22
02-22 16:57:43.105     0     0 D vdc     : Waited 0ms for vold
02-22 16:57:43.141     0     0 I init    : Service 'exec 107 (/system/bin/flags_health_check UPDATABLE_CRASHING)' (pid 4691) exited with status 0 waiting took 0.009000 seconds
02-22 16:57:43.141     0     0 I init    : Sending signal 9 to service 'exec 107 (/system/bin/flags_health_check UPDATABLE_CRASHING)' (pid 4691) process group...
02-22 16:57:43.141     0     0 I libprocessgroup: Successfully killed process cgroup uid 1000 pid 4691 in 0ms
02-22 16:57:43.141     0     0 I init    : processing action (init.svc.media=*) from (/system/etc/init/mediaserver.rc:1)
02-22 16:57:43.142     0     0 I init    : processing action (init.svc.media=*) from (/system/etc/init/mediaserver.rc:1)
02-22 16:57:45.601     0     0 I init    : starting service 'audioserver'...
02-22 16:57:45.604     0     0 I init    : starting service 'cameraserver'...
02-22 16:57:45.607     0     0 I init    : starting service 'media'...
02-22 16:57:45.611     0     0 I init    : processing action (init.svc.audioserver=running) from (/system/etc/init/audioserver.rc:38)
02-22 16:57:45.611     0     0 I init    : starting service 'vendor.audio-hal'...
02-22 16:57:45.635     0     0 I binder  : 4695:4695 ioctl 40046210 ff81cef0 returned -22
02-22 16:57:45.635     0     0 I binder  : 4695:4695 ioctl 40046210 ff81cee0 returned -22
02-22 16:57:45.635     0     0 I binder  : 4695:4695 ioctl 40046210 ff81d0b8 returned -22
02-22 16:57:45.646  4696  4696 I wificond: wificond is starting up...
02-22 16:57:45.643     0     0 I binder  : 4692:4692 ioctl 40046210 7fec0d1904 returned -22
02-22 16:57:45.644     0     0 I binder  : 4692:4692 ioctl 40046210 7fec0d16e0 returned -22
02-22 16:57:45.647     0     0 I binder  : 4696:4696 ioctl 40046210 7ffdaac540 returned -22
02-22 16:57:45.649     0     0 I binder  : 4696:4696 ioctl 40046210 7ffdaac704 returned -22
02-22 16:57:45.651  4696  4696 I HidlServiceManagement: Registered android.system.wifi.keystore@1.0::IKeystore/default
02-22 16:57:45.657     0     0 I headset_imp_feature_get: get success!
02-22 16:57:45.664     0     0 I binder  : 4693:4693 ioctl 40046210 7ffdfb6404 returned -22
02-22 16:57:45.664     0     0 I binder  : 4693:4693 ioctl 40046210 7ffdfb61e0 returned -22
02-22 16:57:45.666     0     0 I binder  : 4694:4694 ioctl 40046210 ffe1fd00 returned -22
02-22 16:57:45.668     0     0 I binder  : 4694:4694 ioctl 40046210 ffe1fec8 returned -22
02-22 16:57:45.688     0     0 I headset_imp_feature_get: get success!
02-22 16:57:45.905     0     0 E         : msm_qti_pp_get_rms_value_control, back not active to query rms be_idx:3
02-22 16:57:45.917     0     0 I core_get_license_status: cmdrsp_license_result.result = 0x15 for module 0x131ff
02-22 16:57:45.918     0     0 E msm-ext-disp-audio-codec-rx soc: qcom,msm-ext-disp:qcom,msm-ext-disp-audio-codec-rx: msm_ext_disp_audio_type_get: codec_data, get_audio_edid_blk() or get_intf_id is NULL
02-22 16:57:45.918     0     0 E         : max98927_info_rivision_ctl
02-22 16:57:45.918     0     0 E         : max98927_info_rivision_ctl
02-22 16:57:45.918     0     0 E         : max98927_get_rivision_ctl
02-22 16:57:45.919     0     0 I max98927_spk_gain_get: spk_gain setting returned 0
02-22 16:57:45.919     0     0 I max98927_digital_gain_get: spk_gain setting returned 0
02-22 16:57:45.927     0     0 I max98927_mono_out_get_l: value:128
02-22 16:57:45.927     0     0 I max98927_mono_out_get_r: value:0
02-22 16:57:45.928     0     0 I max98927_feedback_en_get_l: value:3
02-22 16:57:45.928     0     0 I max98927_feedback_en_get_r: value:0
02-22 16:57:45.928     0     0 I max98927_left_channel_enable_get: value:0
02-22 16:57:45.929     0     0 I max98927_right_channel_enable_get: value:0
02-22 16:57:46.036     0     0 E         : msm_qti_pp_get_rms_value_control, back not active to query rms be_idx:3
02-22 16:57:46.044     0     0 I core_get_license_status: cmdrsp_license_result.result = 0x15 for module 0x131ff
02-22 16:57:46.045     0     0 E msm-ext-disp-audio-codec-rx soc: qcom,msm-ext-disp:qcom,msm-ext-disp-audio-codec-rx: msm_ext_disp_audio_type_get: codec_data, get_audio_edid_blk() or get_intf_id is NULL
02-22 16:57:46.045     0     0 E         : max98927_info_rivision_ctl
02-22 16:57:46.045     0     0 E         : max98927_info_rivision_ctl
02-22 16:57:46.045     0     0 E         : max98927_get_rivision_ctl
02-22 16:57:46.045     0     0 I max98927_spk_gain_get: spk_gain setting returned 0
02-22 16:57:46.045     0     0 I max98927_digital_gain_get: spk_gain setting returned 0
02-22 16:57:46.050     0     0 I max98927_mono_out_get_l: value:128
02-22 16:57:46.050     0     0 I max98927_mono_out_get_r: value:0
02-22 16:57:46.050     0     0 I max98927_feedback_en_get_l: value:3
02-22 16:57:46.050     0     0 I max98927_feedback_en_get_r: value:0
02-22 16:57:46.050     0     0 I max98927_left_channel_enable_get: value:0
02-22 16:57:46.051     0     0 I max98927_right_channel_enable_get: value:0
02-22 16:57:46.545     0     0 I QCOM-BATT: pl_fcc_vote_callback: total_fcc_ua=1950000
02-22 16:57:46.545     0     0 I QCOM-BATT: pl_fv_vote_callback: fv_uv=4400000
02-22 16:57:46.903     0     0 E FG      : fg_psy_get_property: unsupported property 79
02-22 16:57:46.909     0     0 E FG      : fg_psy_get_property: unsupported property 79
02-22 16:57:46.912     0     0 W healthd : battery l=10 v=3715 t=26.5 h=2 st=2 c=-180000 fc=3092 chg=u
02-22 16:57:46.917     0     0 E FG      : fg_psy_get_property: unsupported property 79
02-22 16:57:48.086  4753  4753 F linker  : CANNOT LINK EXECUTABLE "/system/bin/netd": library "libnetd_resolv.so" not found: needed by main executable
02-22 16:57:48.113     0     0 I binder  : 4754:4754 ioctl 40046210 7ff2150930 returned -22
02-22 16:57:48.113     0     0 D vdc     : Waited 0ms for vold
