02-22 16:56:33.009     0     0 I init    : Sending signal 9 to service 'netd' (pid 3700) process group...
02-22 16:56:33.009     0     0 I libprocessgroup: Successfully killed process cgroup uid 0 pid 3700 in 0ms
02-22 16:56:33.009     0     0 E init    : process with updatable components 'netd' exited 4 times before boot completed
02-22 16:56:33.010     0     0 I init    : Sending signal 9 to service 'zygote' (pid 3698) process group...
02-22 16:56:33.015     0     0 I libprocessgroup: Successfully killed process cgroup uid 0 pid 3698 in 5ms
02-22 16:56:33.033     0     0 I binder  : 3701:3701 ioctl 40046210 7ff41165f0 returned -22
02-22 16:56:33.034     0     0 D vdc     : Waited 0ms for vold
02-22 16:56:35.555  3708  3708 I wificond: wificond is starting up...
02-22 16:56:35.556     0     0 I binder  : 3708:3708 ioctl 40046210 7fdd68ace0 returned -22
02-22 16:56:35.558     0     0 I binder  : 3708:3708 ioctl 40046210 7fdd68aea4 returned -22
02-22 16:56:35.559  3708  3708 I HidlServiceManagement: Registered android.system.wifi.keystore@1.0::IKeystore/default
02-22 16:56:35.560     0     0 I binder  : 3707:3707 ioctl 40046210 ff9061a0 returned -22
02-22 16:56:35.561     0     0 I binder  : 3707:3707 ioctl 40046210 ff906190 returned -22
02-22 16:56:35.561     0     0 I binder  : 3707:3707 ioctl 40046210 ff906368 returned -22
02-22 16:56:35.565     0     0 I binder  : 3704:3704 ioctl 40046210 7fe27fc964 returned -22
02-22 16:56:35.565     0     0 I binder  : 3704:3704 ioctl 40046210 7fe27fc740 returned -22
02-22 16:56:35.583     0     0 I headset_imp_feature_get: get success!
02-22 16:56:35.587     0     0 I binder  : 3705:3705 ioctl 40046210 7ff077d744 returned -22
02-22 16:56:35.587     0     0 I binder  : 3705:3705 ioctl 40046210 7ff077d520 returned -22
02-22 16:56:35.589     0     0 I binder  : 3706:3706 ioctl 40046210 ff8c9740 returned -22
02-22 16:56:35.590     0     0 I binder  : 3706:3706 ioctl 40046210 ff8c9908 returned -22
02-22 16:56:35.609     0     0 I headset_imp_feature_get: get success!
02-22 16:56:35.832     0     0 E         : msm_qti_pp_get_rms_value_control, back not active to query rms be_idx:3
02-22 16:56:35.845     0     0 I core_get_license_status: cmdrsp_license_result.result = 0x15 for module 0x131ff
02-22 16:56:35.846     0     0 E msm-ext-disp-audio-codec-rx soc: qcom,msm-ext-disp:qcom,msm-ext-disp-audio-codec-rx: msm_ext_disp_audio_type_get: codec_data, get_audio_edid_blk() or get_intf_id is NULL
02-22 16:56:35.846     0     0 E         : max98927_info_rivision_ctl
02-22 16:56:35.846     0     0 E         : max98927_info_rivision_ctl
02-22 16:56:35.846     0     0 E         : max98927_get_rivision_ctl
02-22 16:56:35.846     0     0 I max98927_spk_gain_get: spk_gain setting returned 0
02-22 16:56:35.847     0     0 I max98927_digital_gain_get: spk_gain setting returned 0
02-22 16:56:35.854     0     0 I max98927_mono_out_get_l: value:128
02-22 16:56:35.855     0     0 I max98927_mono_out_get_r: value:0
02-22 16:56:35.855     0     0 I max98927_feedback_en_get_l: value:3
02-22 16:56:35.856     0     0 I max98927_feedback_en_get_r: value:0
02-22 16:56:35.856     0     0 I max98927_left_channel_enable_get: value:0
02-22 16:56:35.856     0     0 I max98927_right_channel_enable_get: value:0
02-22 16:56:35.957     0     0 E         : msm_qti_pp_get_rms_value_control, back not active to query rms be_idx:3
02-22 16:56:35.966     0     0 I core_get_license_status: cmdrsp_license_result.result = 0x15 for module 0x131ff
02-22 16:56:35.966     0     0 E msm-ext-disp-audio-codec-rx soc: qcom,msm-ext-disp:qcom,msm-ext-disp-audio-codec-rx: msm_ext_disp_audio_type_get: codec_data, get_audio_edid_blk() or get_intf_id is NULL
02-22 16:56:35.967     0     0 E         : max98927_info_rivision_ctl
02-22 16:56:35.967     0     0 E         : max98927_info_rivision_ctl
02-22 16:56:35.967     0     0 E         : max98927_get_rivision_ctl
02-22 16:56:35.967     0     0 I max98927_spk_gain_get: spk_gain setting returned 0
02-22 16:56:35.967     0     0 I max98927_digital_gain_get: spk_gain setting returned 0
02-22 16:56:35.971     0     0 I max98927_mono_out_get_l: value:128
02-22 16:56:35.972     0     0 I max98927_mono_out_get_r: value:0
02-22 16:56:35.972     0     0 I max98927_feedback_en_get_l: value:3
02-22 16:56:35.972     0     0 I max98927_feedback_en_get_r: value:0
02-22 16:56:35.972     0     0 I max98927_left_channel_enable_get: value:0
02-22 16:56:35.972     0     0 I max98927_right_channel_enable_get: value:0
02-22 16:56:37.419     0     0 E BQ      : bq27541_battery_soc: bq27541_battery_soc = 10
02-22 16:56:37.422     0     0 I BQ      : fg_soc_calibrate: soc:10, soc_calib:10, VOLT:3813, current:-1305
02-22 16:56:37.427     0     0 I QCOM-BATT: pl_fcc_vote_callback: total_fcc_ua=1950000
02-22 16:56:37.427     0     0 I QCOM-BATT: pl_fv_vote_callback: fv_uv=4400000
02-22 16:56:37.783     0     0 E FG      : fg_psy_get_property: unsupported property 79
02-22 16:56:37.786     0     0 I QCOM-BATT: pl_fcc_vote_callback: total_fcc_ua=1950000
02-22 16:56:37.786     0     0 I QCOM-BATT: pl_fv_vote_callback: fv_uv=4400000
02-22 16:56:37.798     0     0 E FG      : fg_psy_get_property: unsupported property 79
02-22 16:56:37.802     0     0 W healthd : battery l=10 v=3846 t=27.0 h=2 st=2 c=-1469000 fc=3092 chg=a
02-22 16:56:37.807     0     0 E FG      : fg_psy_get_property: unsupported property 79
02-22 16:56:37.973     0     0 E FG      : fg_psy_get_property: unsupported property 79
02-22 16:56:37.978     0     0 E FG      : fg_psy_get_property: unsupported property 79
02-22 16:56:37.982     0     0 W healthd : battery l=10 v=3846 t=27.0 h=2 st=2 c=-1469000 fc=3092 chg=a
02-22 16:56:37.987     0     0 E FG      : fg_psy_get_property: unsupported property 79
02-22 16:56:38.010  3766  3766 F linker  : CANNOT LINK EXECUTABLE "/system/bin/netd": library "libnetd_resolv.so" not found: needed by main executable
02-22 16:56:38.011     0     0 I init    : Service 'netd' (pid 3766) exited with status 1
02-22 16:56:38.011     0     0 I init    : Sending signal 9 to service 'netd' (pid 3766) process group...
02-22 16:56:38.011     0     0 I libprocessgroup: Successfully killed process cgroup uid 0 pid 3766 in 0ms
02-22 16:56:38.011     0     0 E init    : process with updatable components 'netd' exited 4 times before boot completed
02-22 16:56:38.012     0     0 I init    : Sending signal 9 to service 'zygote' (pid 3764) process group...
02-22 16:56:38.017     0     0 I libprocessgroup: Successfully killed process cgroup uid 0 pid 3764 in 5ms
02-22 16:56:38.017     0     0 I init    : Sending signal 9 to service 'zygote_secondary' (pid 3765) process group...
02-22 16:56:38.023     0     0 I libprocessgroup: Successfully killed process cgroup uid 0 pid 3765 in 5ms
02-22 16:56:38.023     0     0 I init    : Service 'zygote' (pid 3764) received signal 9
02-22 16:56:38.025     0     0 I init    : starting service 'exec 80 (/system/bin/vdc volume abort_fuse)'...
02-22 16:56:38.042     0     0 I binder  : 3767:3767 ioctl 40046210 7fc70c8200 returned -22
02-22 16:56:38.042     0     0 D vdc     : Waited 0ms for vold
02-22 16:56:40.555     0     0 I binder  : 3773:3773 ioctl 40046210 ffc1bc40 returned -22
02-22 16:56:40.555     0     0 I binder  : 3773:3773 ioctl 40046210 ffc1bc30 returned -22
02-22 16:56:40.555     0     0 I binder  : 3773:3773 ioctl 40046210 ffc1be08 returned -22
02-22 16:56:40.573     0     0 I binder  : 3770:3770 ioctl 40046210 7fc51918f4 returned -22
02-22 16:56:40.573     0     0 I binder  : 3770:3770 ioctl 40046210 7fc51916d0 returned -22
02-22 16:56:40.584  3778  3778 I wificond: wificond is starting up...
02-22 16:56:40.581     0     0 I headset_imp_feature_get: get success!
02-22 16:56:40.584     0     0 I binder  : 3778:3778 ioctl 40046210 7fee5a9be0 returned -22
02-22 16:56:40.587     0     0 I binder  : 3778:3778 ioctl 40046210 7fee5a9da4 returned -22
02-22 16:56:40.588  3778  3778 I HidlServiceManagement: Registered android.system.wifi.keystore@1.0::IKeystore/default
02-22 16:56:40.591     0     0 I binder  : 3771:3771 ioctl 40046210 7fde1ee854 returned -22
02-22 16:56:40.591     0     0 I binder  : 3771:3771 ioctl 40046210 7fde1ee630 returned -22
02-22 16:56:40.601     0     0 I binder  : 3772:3772 ioctl 40046210 ffaae930 returned -22
02-22 16:56:40.604     0     0 I binder  : 3772:3772 ioctl 40046210 ffaaeaf8 returned -22
02-22 16:56:40.614     0     0 I headset_imp_feature_get: get success!
02-22 16:56:40.832     0     0 E         : msm_qti_pp_get_rms_value_control, back not active to query rms be_idx:3
02-22 16:56:40.843     0     0 I core_get_license_status: cmdrsp_license_result.result = 0x15 for module 0x131ff
02-22 16:56:40.844     0     0 E msm-ext-disp-audio-codec-rx soc: qcom,msm-ext-disp:qcom,msm-ext-disp-audio-codec-rx: msm_ext_disp_audio_type_get: codec_data, get_audio_edid_blk() or get_intf_id is NULL
02-22 16:56:40.845     0     0 E         : max98927_info_rivision_ctl
02-22 16:56:40.845     0     0 E         : max98927_info_rivision_ctl
02-22 16:56:40.845     0     0 E         : max98927_get_rivision_ctl
02-22 16:56:40.845     0     0 I max98927_spk_gain_get: spk_gain setting returned 0
02-22 16:56:40.845     0     0 I max98927_digital_gain_get: spk_gain setting returned 0
02-22 16:56:40.853     0     0 I max98927_mono_out_get_l: value:128
02-22 16:56:40.854     0     0 I max98927_mono_out_get_r: value:0
02-22 16:56:40.854     0     0 I max98927_feedback_en_get_l: value:3
02-22 16:56:40.855     0     0 I max98927_feedback_en_get_r: value:0
02-22 16:56:40.855     0     0 I max98927_left_channel_enable_get: value:0
02-22 16:56:40.855     0     0 I max98927_right_channel_enable_get: value:0
02-22 16:56:40.962     0     0 E         : msm_qti_pp_get_rms_value_control, back not active to query rms be_idx:3
02-22 16:56:40.970     0     0 I core_get_license_status: cmdrsp_license_result.result = 0x15 for module 0x131ff
02-22 16:56:40.970     0     0 E msm-ext-disp-audio-codec-rx soc: qcom,msm-ext-disp:qcom,msm-ext-disp-audio-codec-rx: msm_ext_disp_audio_type_get: codec_data, get_audio_edid_blk() or get_intf_id is NULL
02-22 16:56:40.970     0     0 E         : max98927_info_rivision_ctl
02-22 16:56:40.970     0     0 E         : max98927_info_rivision_ctl
02-22 16:56:40.971     0     0 E         : max98927_get_rivision_ctl
02-22 16:56:40.971     0     0 I max98927_spk_gain_get: spk_gain setting returned 0
02-22 16:56:40.971     0     0 I max98927_digital_gain_get: spk_gain setting returned 0
02-22 16:56:40.975     0     0 I max98927_mono_out_get_l: value:128
02-22 16:56:40.975     0     0 I max98927_mono_out_get_r: value:0
02-22 16:56:40.975     0     0 I max98927_feedback_en_get_l: value:3
02-22 16:56:40.976     0     0 I max98927_feedback_en_get_r: value:0
02-22 16:56:40.976     0     0 I max98927_left_channel_enable_get: value:0
02-22 16:56:40.976     0     0 I max98927_right_channel_enable_get: value:0
02-22 16:56:43.015  3833  3833 F linker  : CANNOT LINK EXECUTABLE "/system/bin/netd": library "libnetd_resolv.so" not found: needed by main executable
02-22 16:56:43.021     0     0 I libprocessgroup: Successfully killed process cgroup uid 0 pid 3831 in 5ms
02-22 16:56:43.021     0     0 I init    : Sending signal 9 to service 'zygote_secondary' (pid 3832) process group...
02-22 16:56:43.026     0     0 I libprocessgroup: Successfully killed process cgroup uid 0 pid 3832 in 5ms
02-22 16:56:43.027     0     0 I init    : Service 'zygote' (pid 3831) received signal 9
02-22 16:56:43.029     0     0 I init    : starting service 'exec 82 (/system/bin/vdc volume abort_fuse)'...
02-22 16:56:43.032     0     0 I init    : Command 'write /sys/power/state on' action=onrestart (<Service 'zygote' onrestart>:2) took 0ms and failed: Unable to write to file '/sys/power/state': Unable to write file contents: Invalid argument
02-22 16:56:43.032     0     0 I init    : Sending signal 9 to service 'audioserver' (pid 3770) process group...
02-22 16:56:43.037     0     0 I libprocessgroup: Successfully killed process cgroup uid 1041 pid 3770 in 5ms
02-22 16:56:43.038     0     0 I init    : Sending signal 9 to service 'cameraserver' (pid 3771) process group...
02-22 16:56:43.043     0     0 I binder  : 3834:3834 ioctl 40046210 7fc20173b0 returned -22
02-22 16:56:43.043     0     0 I libprocessgroup: Successfully killed process cgroup uid 1047 pid 3771 in 5ms
02-22 16:56:43.045     0     0 D vdc     : Waited 0ms for vold
02-22 16:56:44.465     0     0 I QCOM-BATT: pl_fcc_vote_callback: total_fcc_ua=1950000
02-22 16:56:44.465     0     0 I QCOM-BATT: pl_fv_vote_callback: fv_uv=4400000
02-22 16:56:44.703     0     0 E FG      : fg_psy_get_property: unsupported property 79
02-22 16:56:44.709     0     0 E FG      : fg_psy_get_property: unsupported property 79
02-22 16:56:44.712     0     0 W healthd : battery l=10 v=3847 t=27.1 h=2 st=2 c=-1449000 fc=3092 chg=a
02-22 16:56:44.717     0     0 E FG      : fg_psy_get_property: unsupported property 79
02-22 16:56:45.565     0     0 I binder  : 3840:3840 ioctl 40046210 ffb2b960 returned -22
02-22 16:56:45.565     0     0 I binder  : 3840:3840 ioctl 40046210 ffb2b950 returned -22
02-22 16:56:45.566     0     0 I binder  : 3840:3840 ioctl 40046210 ffb2bb28 returned -22
02-22 16:56:45.576     0     0 I binder  : 3837:3837 ioctl 40046210 7ff1563104 returned -22
02-22 16:56:45.576     0     0 I binder  : 3837:3837 ioctl 40046210 7ff1562ee0 returned -22
02-22 16:56:45.586     0     0 I headset_imp_feature_get: get success!
02-22 16:56:45.595     0     0 I binder  : 3838:3838 ioctl 40046210 7ffb3688e4 returned -22
02-22 16:56:45.595     0     0 I binder  : 3838:3838 ioctl 40046210 7ffb3686c0 returned -22
02-22 16:56:45.598  3845  3845 I wificond: wificond is starting up...
02-22 16:56:45.599     0     0 I binder  : 3845:3845 ioctl 40046210 7fce9fdcc0 returned -22
02-22 16:56:45.600     0     0 I binder  : 3845:3845 ioctl 40046210 7fce9fde84 returned -22
02-22 16:56:45.601  3845  3845 I HidlServiceManagement: Registered android.system.wifi.keystore@1.0::IKeystore/default
02-22 16:56:45.600     0     0 I binder  : 3839:3839 ioctl 40046210 ff9808a0 returned -22
02-22 16:56:45.602     0     0 I binder  : 3839:3839 ioctl 40046210 ff980a68 returned -22
02-22 16:56:45.615     0     0 I headset_imp_feature_get: get success!
02-22 16:56:45.671     0     0 E SMBLIB  : smblib_handle_usbin_uv: PMI: smblib_handle_usbin_uv: DEBUG: RESET STORM COUNT FOR POWER_OK
02-22 16:56:45.671     0     0 I SMBLIB  : smblib_set_icl_current: icl_ua=25000
02-22 16:56:45.671     0     0 I SMBLIB  : smblib_set_usb_suspend: suspend=1
02-22 16:56:45.671     0     0 I QCOM-BATT: usb_icl_vote_callback: total_icl_ua=500000
02-22 16:56:45.671     0     0 I SMBLIB  : smblib_set_icl_current: icl_ua=500000
02-22 16:56:45.671     0     0 I SMBLIB  : smblib_set_usb_suspend: suspend=0
02-22 16:56:45.672     0     0 I SMBLIB  : smblib_get_apsd_result: APSD_DTC_STATUS_DONE_BIT is 0
02-22 16:56:45.672     0     0 I SMBLIB  : smblib_usb_plugin_locked: release chg_wake_lock
02-22 16:56:45.672     0     0 E SMBLIB  : set_usb_switch: switch off fastchg
02-22 16:56:45.672     0     0 I FASTCHG : usb_sw_gpio_set: set usb_sw_gpio=0
02-22 16:56:45.672     0     0 I FASTCHG : usb_sw_gpio_set: get usb_sw_gpio=0&0
02-22 16:56:45.672     0     0 I SMBLIB  : set_dash_charger_present: dash_present = 0, charger_present = 0
02-22 16:56:45.672     0     0 I QCOM-BATT: pl_fcc_vote_callback: total_fcc_ua=500000
02-22 16:56:45.672     0     0 I QCOM-BATT: pl_fv_vote_callback: fv_uv=4400000
02-22 16:56:45.672     0     0 I SMBLIB  : smblib_get_apsd_result: APSD_DTC_STATUS_DONE_BIT is 0
02-22 16:56:45.672     0     0 E SMBLIB  : op_battery_temp_region_set: set temp_region=8
02-22 16:56:45.674     0     0 I QCOM-BATT: pl_fcc_vote_callback: total_fcc_ua=500000
02-22 16:56:45.674     0     0 I QCOM-BATT: pl_fv_vote_callback: fv_uv=4400000
02-22 16:56:45.728     0     0 I SMBLIB  : smblib_get_apsd_result: APSD_DTC_STATUS_DONE_BIT is 0
02-22 16:56:45.736     0     0 E FG      : fg_psy_get_property: unsupported property 79
02-22 16:56:45.739     0     0 W healthd : battery l=10 v=3847 t=27.1 h=2 st=3 c=-1473000 fc=3092 chg=
02-22 16:56:45.744     0     0 E FG      : fg_psy_get_property: unsupported property 79
02-22 16:56:45.788     0     0 E SMBLIB  : smblib_usb_plugin_locked: IRQ: detached
02-22 16:56:45.833     0     0 E         : msm_qti_pp_get_rms_value_control, back not active to query rms be_idx:3
02-22 16:56:45.844     0     0 I core_get_license_status: cmdrsp_license_result.result = 0x15 for module 0x131ff
02-22 16:56:45.845     0     0 E msm-ext-disp-audio-codec-rx soc: qcom,msm-ext-disp:qcom,msm-ext-disp-audio-codec-rx: msm_ext_disp_audio_type_get: codec_data, get_audio_edid_blk() or get_intf_id is NULL
02-22 16:56:45.846     0     0 E         : max98927_info_rivision_ctl
02-22 16:56:45.846     0     0 E         : max98927_info_rivision_ctl
02-22 16:56:45.846     0     0 E         : max98927_get_rivision_ctl
02-22 16:56:45.846     0     0 I max98927_spk_gain_get: spk_gain setting returned 0
02-22 16:56:45.846     0     0 I max98927_digital_gain_get: spk_gain setting returned 0
02-22 16:56:45.854     0     0 I max98927_mono_out_get_l: value:128
02-22 16:56:45.854     0     0 I max98927_mono_out_get_r: value:0
02-22 16:56:45.855     0     0 I max98927_feedback_en_get_l: value:3
02-22 16:56:45.855     0     0 I max98927_feedback_en_get_r: value:0
02-22 16:56:45.855     0     0 I max98927_left_channel_enable_get: value:0
02-22 16:56:45.855     0     0 I max98927_right_channel_enable_get: value:0
02-22 16:56:45.908     0     0 I SMBLIB  : smblib_get_apsd_result: APSD_DTC_STATUS_DONE_BIT is 0
02-22 16:56:45.915     0     0 E FG      : fg_psy_get_property: unsupported property 79
02-22 16:56:45.917     0     0 E FG      : fg_psy_get_property: unsupported property 79
02-22 16:56:45.921     0     0 W healthd : battery l=10 v=3847 t=27.1 h=2 st=3 c=-1189000 fc=3092 chg=
02-22 16:56:45.926     0     0 E FG      : fg_psy_get_property: unsupported property 79
02-22 16:56:45.927     0     0 I QCOM-BATT: pl_fcc_vote_callback: total_fcc_ua=500000
02-22 16:56:45.927     0     0 I QCOM-BATT: pl_fv_vote_callback: fv_uv=4400000
02-22 16:56:45.943     0     0 E FG      : fg_psy_get_property: unsupported property 79
02-22 16:56:45.947     0     0 W healthd : battery l=10 v=3847 t=27.1 h=2 st=3 c=-1189000 fc=3092 chg=
02-22 16:56:45.952     0     0 E FG      : fg_psy_get_property: unsupported property 79
02-22 16:56:45.966     0     0 E         : msm_qti_pp_get_rms_value_control, back not active to query rms be_idx:3
02-22 16:56:45.976     0     0 I core_get_license_status: cmdrsp_license_result.result = 0x15 for module 0x131ff
02-22 16:56:45.977     0     0 E msm-ext-disp-audio-codec-rx soc: qcom,msm-ext-disp:qcom,msm-ext-disp-audio-codec-rx: msm_ext_disp_audio_type_get: codec_data, get_audio_edid_blk() or get_intf_id is NULL
02-22 16:56:45.977     0     0 E         : max98927_info_rivision_ctl
02-22 16:56:45.977     0     0 E         : max98927_info_rivision_ctl
02-22 16:56:45.977     0     0 E         : max98927_get_rivision_ctl
02-22 16:56:45.977     0     0 I max98927_spk_gain_get: spk_gain setting returned 0
02-22 16:56:45.977     0     0 I max98927_digital_gain_get: spk_gain setting returned 0
02-22 16:56:45.982     0     0 I max98927_mono_out_get_l: value:128
02-22 16:56:45.982     0     0 I max98927_mono_out_get_r: value:0
02-22 16:56:45.982     0     0 I max98927_feedback_en_get_l: value:3
02-22 16:56:45.982     0     0 I max98927_feedback_en_get_r: value:0
02-22 16:56:45.982     0     0 I max98927_left_channel_enable_get: value:0
02-22 16:56:45.982     0     0 I max98927_right_channel_enable_get: value:0
02-22 16:56:45.992     0     0 E FG      : fg_psy_get_property: unsupported property 79
02-22 16:56:45.998     0     0 E FG      : fg_psy_get_property: unsupported property 79
02-22 16:56:46.001     0     0 W healthd : battery l=10 v=3847 t=27.1 h=2 st=3 c=-1189000 fc=3092 chg=
02-22 16:56:46.006     0     0 E FG      : fg_psy_get_property: unsupported property 79
02-22 16:56:46.832     0     0 E synaptics,s3320: start get base data:1
02-22 16:56:46.988     0     0 E synaptics,s3320: synaptics_tpedge_limitfunc limit_enable =1,mode:0x67 !
02-22 16:56:47.167     0     0 E synaptics,s3320: all finger up
02-22 16:56:47.218     0     0 E synaptics,s3320: all finger up
02-22 16:56:47.269     0     0 E synaptics,s3320: all finger up
02-22 16:56:47.320     0     0 E synaptics,s3320: all finger up
02-22 16:56:47.371     0     0 E synaptics,s3320: all finger up
02-22 16:56:47.422     0     0 E synaptics,s3320: all finger up
02-22 16:56:47.473     0     0 E synaptics,s3320: all finger up
02-22 16:56:47.524     0     0 E synaptics,s3320: all finger up
02-22 16:56:47.575     0     0 E synaptics,s3320: all finger up
02-22 16:56:47.626     0     0 E synaptics,s3320: all finger up
02-22 16:56:47.677     0     0 E synaptics,s3320: all finger up
02-22 16:56:47.728     0     0 E synaptics,s3320: all finger up
02-22 16:56:47.779     0     0 E synaptics,s3320: all finger up
02-22 16:56:47.830     0     0 E synaptics,s3320: all finger up
02-22 16:56:47.881     0     0 E synaptics,s3320: all finger up
02-22 16:56:47.933     0     0 E synaptics,s3320: all finger up
02-22 16:56:47.984     0     0 E synaptics,s3320: all finger up
02-22 16:56:48.021  3900  3900 F linker  : CANNOT LINK EXECUTABLE "/system/bin/netd": library "libnetd_resolv.so" not found: needed by main executable
02-22 16:56:48.032     0     0 I libprocessgroup: Successfully killed process cgroup uid 0 pid 3899 in 5ms
02-22 16:56:48.033     0     0 I init    : Service 'zygote' (pid 3898) received signal 9
02-22 16:56:48.035     0     0 E synaptics,s3320: all finger up
02-22 16:56:48.035     0     0 I init    : starting service 'exec 84 (/system/bin/vdc volume abort_fuse)'...
02-22 16:56:48.038     0     0 I init    : Command 'write /sys/power/state on' action=onrestart (<Service 'zygote' onrestart>:2) took 0ms and failed: Unable to write to file '/sys/power/state': Unable to write file contents: Invalid argument
02-22 16:56:48.038     0     0 I init    : Sending signal 9 to service 'audioserver' (pid 3837) process group...
02-22 16:56:48.043     0     0 I libprocessgroup: Successfully killed process cgroup uid 1041 pid 3837 in 5ms
02-22 16:56:48.044     0     0 I init    : Sending signal 9 to service 'cameraserver' (pid 3838) process group...
02-22 16:56:48.049     0     0 I binder  : 3901:3901 ioctl 40046210 7ff5ff32a0 returned -22
02-22 16:56:48.049     0     0 D vdc     : Waited 0ms for vold
02-22 16:56:48.049     0     0 I libprocessgroup: Successfully killed process cgroup uid 1047 pid 3838 in 5ms
02-22 16:56:48.049     0     0 I init    : Sending signal 9 to service 'media' (pid 3839) process group...
02-22 16:56:48.055     0     0 I libprocessgroup: Successfully killed process cgroup uid 1013 pid 3839 in 5ms
02-22 16:56:48.086     0     0 E synaptics,s3320: all finger up
02-22 16:56:48.137     0     0 E synaptics,s3320: all finger up
02-22 16:56:48.188     0     0 E synaptics,s3320: all finger up
02-22 16:56:48.239     0     0 E synaptics,s3320: all finger up
02-22 16:56:48.290     0     0 E synaptics,s3320: all finger up
02-22 16:56:48.341     0     0 E synaptics,s3320: all finger up
02-22 16:56:48.392     0     0 E synaptics,s3320: all finger up
02-22 16:56:48.443     0     0 E synaptics,s3320: all finger up
02-22 16:56:48.494     0     0 E synaptics,s3320: all finger up
02-22 16:56:48.545     0     0 E synaptics,s3320: all finger up
02-22 16:56:48.596     0     0 E synaptics,s3320: all finger up
02-22 16:56:48.647     0     0 E synaptics,s3320: all finger up
02-22 16:56:48.698     0     0 E synaptics,s3320: all finger up
02-22 16:56:48.749     0     0 E synaptics,s3320: all finger up
02-22 16:56:48.800     0     0 E synaptics,s3320: all finger up
02-22 16:56:48.852     0     0 E synaptics,s3320: all finger up
02-22 16:56:48.903     0     0 E synaptics,s3320: all finger up
02-22 16:56:48.954     0     0 E synaptics,s3320: all finger up
02-22 16:56:49.005     0     0 E synaptics,s3320: all finger up
02-22 16:56:49.056     0     0 E synaptics,s3320: all finger up
02-22 16:56:49.107     0     0 E synaptics,s3320: all finger up
02-22 16:56:49.158     0     0 E synaptics,s3320: all finger up
02-22 16:56:49.209     0     0 E synaptics,s3320: all finger up
02-22 16:56:49.260     0     0 E synaptics,s3320: all finger up
02-22 16:56:49.311     0     0 E synaptics,s3320: all finger up
02-22 16:56:49.345     0     0 E synaptics,s3320: all finger up
02-22 16:56:49.396     0     0 E synaptics,s3320: all finger up
02-22 16:56:50.567     0     0 I binder  : 3907:3907 ioctl 40046210 fff5ec70 returned -22
02-22 16:56:50.567     0     0 I binder  : 3907:3907 ioctl 40046210 fff5ec60 returned -22
02-22 16:56:50.567     0     0 I binder  : 3907:3907 ioctl 40046210 fff5ee38 returned -22
02-22 16:56:50.582     0     0 I binder  : 3904:3904 ioctl 40046210 7fd68ac994 returned -22
02-22 16:56:50.582     0     0 I binder  : 3904:3904 ioctl 40046210 7fd68ac770 returned -22
02-22 16:56:50.594     0     0 I headset_imp_feature_get: get success!
02-22 16:56:50.598  3912  3912 I wificond: wificond is starting up...
02-22 16:56:50.598     0     0 I binder  : 3912:3912 ioctl 40046210 7fda85eb70 returned -22
02-22 16:56:50.602  3912  3912 I HidlServiceManagement: Registered android.system.wifi.keystore@1.0::IKeystore/default
02-22 16:56:50.600     0     0 I binder  : 3912:3912 ioctl 40046210 7fda85ed34 returned -22
02-22 16:56:50.602     0     0 I binder  : 3905:3905 ioctl 40046210 7fd11c3c04 returned -22
02-22 16:56:50.602     0     0 I binder  : 3905:3905 ioctl 40046210 7fd11c39e0 returned -22
02-22 16:56:50.607     0     0 I binder  : 3906:3906 ioctl 40046210 fff8e190 returned -22
02-22 16:56:50.608     0     0 I binder  : 3906:3906 ioctl 40046210 fff8e358 returned -22
02-22 16:56:50.625     0     0 I headset_imp_feature_get: get success!
02-22 16:56:50.760  1283  1968 E storaged: getService package_native failed
02-22 16:56:50.842     0     0 E         : msm_qti_pp_get_rms_value_control, back not active to query rms be_idx:3
02-22 16:56:50.852     0     0 I core_get_license_status: cmdrsp_license_result.result = 0x15 for module 0x131ff
02-22 16:56:50.853     0     0 E msm-ext-disp-audio-codec-rx soc: qcom,msm-ext-disp:qcom,msm-ext-disp-audio-codec-rx: msm_ext_disp_audio_type_get: codec_data, get_audio_edid_blk() or get_intf_id is NULL
02-22 16:56:50.854     0     0 E         : max98927_info_rivision_ctl
02-22 16:56:50.854     0     0 E         : max98927_info_rivision_ctl
02-22 16:56:50.854     0     0 E         : max98927_get_rivision_ctl
02-22 16:56:50.854     0     0 I max98927_spk_gain_get: spk_gain setting returned 0
02-22 16:56:50.854     0     0 I max98927_digital_gain_get: spk_gain setting returned 0
02-22 16:56:50.862     0     0 I max98927_mono_out_get_l: value:128
02-22 16:56:50.863     0     0 I max98927_mono_out_get_r: value:0
02-22 16:56:50.863     0     0 I max98927_feedback_en_get_l: value:3
02-22 16:56:50.864     0     0 I max98927_feedback_en_get_r: value:0
02-22 16:56:50.864     0     0 I max98927_left_channel_enable_get: value:0
02-22 16:56:50.864     0     0 I max98927_right_channel_enable_get: value:0
02-22 16:56:50.974     0     0 E         : msm_qti_pp_get_rms_value_control, back not active to query rms be_idx:3
02-22 16:56:50.982     0     0 I core_get_license_status: cmdrsp_license_result.result = 0x15 for module 0x131ff
02-22 16:56:50.982     0     0 E msm-ext-disp-audio-codec-rx soc: qcom,msm-ext-disp:qcom,msm-ext-disp-audio-codec-rx: msm_ext_disp_audio_type_get: codec_data, get_audio_edid_blk() or get_intf_id is NULL
02-22 16:56:50.982     0     0 E         : max98927_info_rivision_ctl
02-22 16:56:50.982     0     0 E         : max98927_info_rivision_ctl
02-22 16:56:50.983     0     0 E         : max98927_get_rivision_ctl
02-22 16:56:50.983     0     0 I max98927_spk_gain_get: spk_gain setting returned 0
02-22 16:56:50.983     0     0 I max98927_digital_gain_get: spk_gain setting returned 0
02-22 16:56:50.987     0     0 I max98927_mono_out_get_l: value:128
02-22 16:56:50.987     0     0 I max98927_mono_out_get_r: value:0
02-22 16:56:50.987     0     0 I max98927_feedback_en_get_l: value:3
02-22 16:56:50.988     0     0 I max98927_feedback_en_get_r: value:0
02-22 16:56:50.988     0     0 I max98927_left_channel_enable_get: value:0
02-22 16:56:50.988     0     0 I max98927_right_channel_enable_get: value:0
02-22 16:56:51.202     0     0 I SMBLIB  : smblib_get_apsd_result: APSD_DTC_STATUS_DONE_BIT is 0
02-22 16:56:51.226     0     0 I SMBLIB  : smblib_get_apsd_result: APSD_DTC_STATUS_DONE_BIT is 0
02-22 16:56:51.226     0     0 E SMBLIB  : smblib_handle_usbin_uv: PMI: smblib_handle_usbin_uv: DEBUG: RESET STORM COUNT FOR POWER_OK
02-22 16:56:51.226     0     0 I SMBLIB  : smblib_usb_plugin_locked: acquire chg_wake_lock
02-22 16:56:51.228     0     0 I SMBLIB  : smblib_awake_vote_callback: set awake=1
02-22 16:56:51.228     0     0 E SMBLIB  : smblib_usb_plugin_locked: IRQ: attached
02-22 16:56:51.378     0     0 I SMBLIB  : smblib_get_apsd_result: APSD_DTC_STATUS_DONE_BIT is 0
02-22 16:56:51.385     0     0 E FG      : fg_psy_get_property: unsupported property 79
02-22 16:56:51.388     0     0 W healthd : battery l=10 v=3725 t=27.1 h=2 st=4 c=395000 fc=3092 chg=
02-22 16:56:51.393     0     0 E FG      : fg_psy_get_property: unsupported property 79
02-22 16:56:51.498     0     0 I SMBLIB  : smblib_get_apsd_result: APSD_DTC_STATUS_DONE_BIT is 0
02-22 16:56:51.508     0     0 E FG      : fg_psy_get_property: unsupported property 79
02-22 16:56:51.509     0     0 I QCOM-BATT: pl_fcc_vote_callback: total_fcc_ua=500000
02-22 16:56:51.509     0     0 I QCOM-BATT: pl_fv_vote_callback: fv_uv=4400000
02-22 16:56:51.520     0     0 W healthd : battery l=10 v=3725 t=27.1 h=2 st=4 c=395000 fc=3092 chg=
02-22 16:56:51.525     0     0 E FG      : fg_psy_get_property: unsupported property 79
02-22 16:56:51.598     0     0 I SMBLIB  : smblib_get_apsd_result: APSD_DTC_STATUS_DONE_BIT is 0
02-22 16:56:51.620     0     0 I QCOM-BATT: usb_icl_vote_callback: total_icl_ua=475000
02-22 16:56:51.620     0     0 I SMBLIB  : smblib_set_icl_current: icl_ua=475000
02-22 16:56:51.620     0     0 I SMBLIB  : smblib_set_usb_suspend: suspend=0
02-22 16:56:51.620     0     0 I QCOM-BATT: usb_icl_vote_callback: total_icl_ua=500000
02-22 16:56:51.620     0     0 I SMBLIB  : smblib_set_icl_current: icl_ua=500000
02-22 16:56:51.620     0     0 I SMBLIB  : smblib_set_usb_suspend: suspend=0
02-22 16:56:51.620     0     0 E SMBLIB  : op_check_charger_collapse: PMI: op_check_charger_collapse: op_check_charger_collapse done
02-22 16:56:51.622     0     0 E SMBLIB  : handle_batt_temp_normal: triggered
02-22 16:56:51.622     0     0 E SMBLIB  : set_chg_ibat_vbat_max: set ibatmax=1950 and set vbatmax=4400
02-22 16:56:51.622     0     0 I QCOM-BATT: pl_fcc_vote_callback: total_fcc_ua=1950000
02-22 16:56:51.622     0     0 I QCOM-BATT: pl_fv_vote_callback: fv_uv=4400000
02-22 16:56:51.622     0     0 E SMBLIB  : op_battery_temp_region_set: set temp_region=5
02-22 16:56:51.803     0     0 E FG      : fg_psy_get_property: unsupported property 79
02-22 16:56:51.809     0     0 E FG      : fg_psy_get_property: unsupported property 79
02-22 16:56:51.812     0     0 W healthd : battery l=10 v=3687 t=27.0 h=2 st=4 c=286000 fc=3092 chg=
02-22 16:56:51.817     0     0 E FG      : fg_psy_get_property: unsupported property 79
02-22 16:56:51.864     0     0 I QCOM-BATT: pl_fcc_vote_callback: total_fcc_ua=1950000
02-22 16:56:51.864     0     0 I QCOM-BATT: pl_fv_vote_callback: fv_uv=4400000
02-22 16:56:51.963     0     0 I SMBLIB  : smblib_handle_usb_source_change: APSD_STATUS=0x01
02-22 16:56:51.964     0     0 I SMBLIB  : smblib_set_icl_current: icl_ua=475000
02-22 16:56:51.964     0     0 I SMBLIB  : smblib_set_usb_suspend: suspend=0
02-22 16:56:51.964     0     0 I QCOM-BATT: usb_icl_vote_callback: total_icl_ua=525000
02-22 16:56:51.964     0     0 I SMBLIB  : smblib_set_icl_current: icl_ua=525000
02-22 16:56:51.964     0     0 I SMBLIB  : smblib_set_usb_suspend: suspend=0
02-22 16:56:51.964     0     0 I SMBLIB  : smblib_set_icl_current: icl_ua=450000
02-22 16:56:51.964     0     0 I SMBLIB  : smblib_set_usb_suspend: suspend=0
02-22 16:56:51.964     0     0 I QCOM-BATT: usb_icl_vote_callback: total_icl_ua=500000
02-22 16:56:51.964     0     0 I SMBLIB  : smblib_set_icl_current: icl_ua=500000
02-22 16:56:51.964     0     0 I SMBLIB  : smblib_set_usb_suspend: suspend=0
02-22 16:56:51.964     0     0 I SMBLIB  : op_charging_en: enable=1
02-22 16:56:51.965     0     0 E SMBLIB  : handle_batt_temp_normal: triggered
02-22 16:56:51.965     0     0 E SMBLIB  : set_chg_ibat_vbat_max: set ibatmax=1950 and set vbatmax=4400
02-22 16:56:51.965     0     0 E SMBLIB  : op_battery_temp_region_set: set temp_region=5
02-22 16:56:51.965     0     0 I SMBLIB  : smblib_handle_apsd_done: apsd result=0x1, name=SDP, psy_type=4
02-22 16:56:51.966     0     0 I SMBLIB  : smblib_handle_apsd_done: apsd done,current_now=286
02-22 16:56:51.966     0     0 I usbpd0  : Type-C Source (high - 3.0A) connected
02-22 16:56:51.966     0     0 I QCOM-BATT: pl_fcc_vote_callback: total_fcc_ua=1950000
02-22 16:56:51.966     0     0 I QCOM-BATT: pl_fv_vote_callback: fv_uv=4400000
02-22 16:56:51.969     0     0 I msm-dwc3 a600000.ssusb: DWC3 exited from low power mode
02-22 16:56:51.973     0     0 E FG      : fg_psy_get_property: unsupported property 79
02-22 16:56:51.976     0     0 W healthd : battery l=10 v=3687 t=27.0 h=2 st=2 c=286000 fc=3092 chg=u
02-22 16:56:51.981     0     0 E FG      : fg_psy_get_property: unsupported property 79
02-22 16:56:51.985     0     0 I QCOM-BATT: pl_fcc_vote_callback: total_fcc_ua=1950000
02-22 16:56:51.985     0     0 I QCOM-BATT: pl_fv_vote_callback: fv_uv=4400000
02-22 16:56:51.990     0     0 E FG      : fg_psy_get_property: unsupported property 79
02-22 16:56:51.993     0     0 W healthd : battery l=10 v=3687 t=27.0 h=2 st=2 c=286000 fc=3092 chg=u
02-22 16:56:51.998     0     0 E FG      : fg_psy_get_property: unsupported property 79
02-22 16:56:52.113     0     0 E FG      : fg_psy_get_property: unsupported property 79
02-22 16:56:52.117     0     0 E FG      : fg_psy_get_property: unsupported property 79
02-22 16:56:52.120     0     0 W healthd : battery l=10 v=3687 t=27.0 h=2 st=2 c=286000 fc=3092 chg=u
02-22 16:56:52.125     0     0 E FG      : fg_psy_get_property: unsupported property 79
02-22 16:56:52.134     0     0 E FG      : fg_psy_get_property: unsupported property 79
02-22 16:56:52.134     0     0 I SMBLIB  : notify_usb_enumeration_function: status=1
02-22 16:56:52.137     0     0 W healthd : battery l=10 v=3687 t=27.0 h=2 st=2 c=286000 fc=3092 chg=u
02-22 16:56:52.137     0     0 I android_work: sent uevent USB_STATE=CONNECTED
02-22 16:56:52.142     0     0 E FG      : fg_psy_get_property: unsupported property 79
02-22 16:56:52.144     0     0 I configfs-gadget gadget: high-speed config #1: b
02-22 16:56:52.144     0     0 I msm-dwc3 a600000.ssusb: Avail curr from USB = 500
02-22 16:56:52.144     0     0 E SMBLIB  : smblib_set_prop_sdp_current_max: set usb current_max=500000
02-22 16:56:52.144     0     0 I android_work: sent uevent USB_STATE=CONFIGURED
02-22 16:56:52.756     0     0 I logd    : logdr: UID=2000 GID=2000 PID=3972 b tail=0 logMask=99 pid=0 start=0ns deadline=0ns
02-22 16:56:53.018     0     0 I SMBLIB  : smbchg_re_det_work: re_det, usb_enum_status
02-22 16:56:53.025  3977  3977 F linker  : CANNOT LINK EXECUTABLE "/system/bin/netd": library "libnetd_resolv.so" not found: needed by main executable
02-22 16:56:53.039     0     0 I init    : starting service 'exec 86 (/system/bin/vdc volume abort_fuse)'...
02-22 16:56:53.042     0     0 I init    : Command 'write /sys/power/state on' action=onrestart (<Service 'zygote' onrestart>:2) took 0ms and failed: Unable to write to file '/sys/power/state': Unable to write file contents: Invalid argument
02-22 16:56:53.042     0     0 I init    : Sending signal 9 to service 'audioserver' (pid 3904) process group...
02-22 16:56:53.048     0     0 I libprocessgroup: Successfully killed process cgroup uid 1041 pid 3904 in 5ms
02-22 16:56:53.048     0     0 I init    : Sending signal 9 to service 'cameraserver' (pid 3905) process group...
02-22 16:56:53.049     0     0 I binder  : 3978:3978 ioctl 40046210 7fe7d562c0 returned -22
02-22 16:56:53.050     0     0 D vdc     : Waited 0ms for vold
02-22 16:56:53.054     0     0 I libprocessgroup: Successfully killed process cgroup uid 1047 pid 3905 in 5ms
02-22 16:56:53.054     0     0 I init    : Sending signal 9 to service 'media' (pid 3906) process group...
02-22 16:56:53.059     0     0 I libprocessgroup: Successfully killed process cgroup uid 1013 pid 3906 in 5ms
02-22 16:56:53.059     0     0 I init    : Command 'restart media.tuner' action=onrestart (<Service 'zygote' onrestart>:6) took 0ms and failed: service media.tuner not found
02-22 16:56:53.059     0     0 I init    : Sending signal 9 to service 'wificond' (pid 3912) process group...
02-22 16:56:55.583     0     0 I binder  : 3987:3987 ioctl 40046210 ffc431f0 returned -22
02-22 16:56:55.584     0     0 I binder  : 3987:3987 ioctl 40046210 ffc431e0 returned -22
02-22 16:56:55.585     0     0 I binder  : 3987:3987 ioctl 40046210 ffc433b8 returned -22
02-22 16:56:55.586     0     0 I binder  : 3984:3984 ioctl 40046210 7fc530dd84 returned -22
02-22 16:56:55.588  3988  3988 I wificond: wificond is starting up...
02-22 16:56:55.586     0     0 I binder  : 3984:3984 ioctl 40046210 7fc530db60 returned -22
02-22 16:56:55.589     0     0 I binder  : 3988:3988 ioctl 40046210 7fc7abfac0 returned -22
02-22 16:56:55.590     0     0 I binder  : 3988:3988 ioctl 40046210 7fc7abfc84 returned -22
02-22 16:56:55.592  3988  3988 I HidlServiceManagement: Registered android.system.wifi.keystore@1.0::IKeystore/default
02-22 16:56:55.607     0     0 I binder  : 3985:3985 ioctl 40046210 7ff3988974 returned -22
02-22 16:56:55.607     0     0 I binder  : 3985:3985 ioctl 40046210 7ff3988750 returned -22
02-22 16:56:55.612     0     0 I binder  : 3986:3986 ioctl 40046210 ff8dfb40 returned -22
02-22 16:56:55.614     0     0 I headset_imp_feature_get: get success!
02-22 16:56:55.614     0     0 I binder  : 3986:3986 ioctl 40046210 ff8dfd08 returned -22
02-22 16:56:55.630     0     0 I headset_imp_feature_get: get success!
02-22 16:56:55.869     0     0 E         : msm_qti_pp_get_rms_value_control, back not active to query rms be_idx:3
02-22 16:56:55.882     0     0 I core_get_license_status: cmdrsp_license_result.result = 0x15 for module 0x131ff
02-22 16:56:55.883     0     0 E msm-ext-disp-audio-codec-rx soc: qcom,msm-ext-disp:qcom,msm-ext-disp-audio-codec-rx: msm_ext_disp_audio_type_get: codec_data, get_audio_edid_blk() or get_intf_id is NULL
02-22 16:56:55.883     0     0 E         : max98927_info_rivision_ctl
02-22 16:56:55.883     0     0 E         : max98927_info_rivision_ctl
02-22 16:56:55.883     0     0 E         : max98927_get_rivision_ctl
02-22 16:56:55.883     0     0 I max98927_spk_gain_get: spk_gain setting returned 0
02-22 16:56:55.883     0     0 I max98927_digital_gain_get: spk_gain setting returned 0
02-22 16:56:55.891     0     0 I max98927_mono_out_get_l: value:128
02-22 16:56:55.891     0     0 I max98927_mono_out_get_r: value:0
02-22 16:56:55.892     0     0 I max98927_feedback_en_get_l: value:3
02-22 16:56:55.892     0     0 I max98927_feedback_en_get_r: value:0
02-22 16:56:55.892     0     0 I max98927_left_channel_enable_get: value:0
02-22 16:56:55.892     0     0 I max98927_right_channel_enable_get: value:0
02-22 16:56:55.975     0     0 E         : msm_qti_pp_get_rms_value_control, back not active to query rms be_idx:3
02-22 16:56:55.989     0     0 I core_get_license_status: cmdrsp_license_result.result = 0x15 for module 0x131ff
02-22 16:56:55.990     0     0 E msm-ext-disp-audio-codec-rx soc: qcom,msm-ext-disp:qcom,msm-ext-disp-audio-codec-rx: msm_ext_disp_audio_type_get: codec_data, get_audio_edid_blk() or get_intf_id is NULL
02-22 16:56:55.990     0     0 E         : max98927_info_rivision_ctl
02-22 16:56:55.990     0     0 E         : max98927_info_rivision_ctl
02-22 16:56:55.990     0     0 E         : max98927_get_rivision_ctl
02-22 16:56:55.991     0     0 I max98927_spk_gain_get: spk_gain setting returned 0
02-22 16:56:55.991     0     0 I max98927_digital_gain_get: spk_gain setting returned 0
02-22 16:56:55.997     0     0 I max98927_mono_out_get_l: value:128
02-22 16:56:55.998     0     0 I max98927_mono_out_get_r: value:0
02-22 16:56:55.998     0     0 I max98927_feedback_en_get_l: value:3
02-22 16:56:55.998     0     0 I max98927_feedback_en_get_r: value:0
02-22 16:56:55.998     0     0 I max98927_left_channel_enable_get: value:0
02-22 16:56:55.998     0     0 I max98927_right_channel_enable_get: value:0
02-22 16:56:56.998  1283  1968 E storaged: getService package_native failed
02-22 16:56:58.031  4050  4050 F linker  : CANNOT LINK EXECUTABLE "/system/bin/netd": library "libnetd_resolv.so" not found: needed by main executable
02-22 16:56:58.048     0     0 I init    : Command 'write /sys/power/state on' action=onrestart (<Service 'zygote' onrestart>:2) took 0ms and failed: Unable to write to file '/sys/power/state': Unable to write file contents: Invalid argument
02-22 16:56:58.048     0     0 I init    : Sending signal 9 to service 'audioserver' (pid 3984) process group...
02-22 16:56:58.055     0     0 I binder  : 4051:4051 ioctl 40046210 7fdfd77ed0 returned -22
02-22 16:56:58.055     0     0 D vdc     : Waited 0ms for vold
02-22 16:56:58.058     0     0 I libprocessgroup: Successfully killed process cgroup uid 1041 pid 3984 in 10ms
02-22 16:56:58.059     0     0 I init    : Sending signal 9 to service 'cameraserver' (pid 3985) process group...
02-22 16:56:58.064     0     0 I libprocessgroup: Successfully killed process cgroup uid 1047 pid 3985 in 5ms
02-22 16:56:58.064     0     0 I init    : Sending signal 9 to service 'media' (pid 3986) process group...
02-22 16:56:58.070     0     0 I libprocessgroup: Successfully killed process cgroup uid 1013 pid 3986 in 5ms
02-22 16:56:58.070     0     0 I init    : Command 'restart media.tuner' action=onrestart (<Service 'zygote' onrestart>:6) took 0ms and failed: service media.tuner not found
02-22 16:56:58.070     0     0 I init    : Sending signal 9 to service 'wificond' (pid 3988) process group...
02-22 16:56:58.075     0     0 I libprocessgroup: Successfully killed process cgroup uid 1010 pid 3988 in 5ms
02-22 16:56:58.545     0     0 I QCOM-BATT: pl_fcc_vote_callback: total_fcc_ua=1950000
02-22 16:56:58.545     0     0 I QCOM-BATT: pl_fv_vote_callback: fv_uv=4400000
02-22 16:56:58.914     0     0 E FG      : fg_psy_get_property: unsupported property 79
02-22 16:56:58.920     0     0 E FG      : fg_psy_get_property: unsupported property 79
02-22 16:56:58.923     0     0 W healthd : battery l=10 v=3758 t=26.9 h=2 st=2 c=-303000 fc=3092 chg=u
02-22 16:56:58.928     0     0 E FG      : fg_psy_get_property: unsupported property 79
02-22 16:57:00.576     0     0 I binder  : 4059:4059 ioctl 40046210 ffada5a0 returned -22
02-22 16:57:00.576     0     0 I binder  : 4059:4059 ioctl 40046210 ffada590 returned -22
02-22 16:57:00.578     0     0 I binder  : 4059:4059 ioctl 40046210 ffada768 returned -22
02-22 16:57:00.605  4061  4061 I wificond: wificond is starting up...
02-22 16:57:00.599     0     0 I binder  : 4056:4056 ioctl 40046210 7fc3951a04 returned -22
02-22 16:57:00.599     0     0 I binder  : 4056:4056 ioctl 40046210 7fc39517e0 returned -22
02-22 16:57:00.600     0     0 I headset_imp_feature_get: get success!
02-22 16:57:00.605     0     0 I binder  : 4061:4061 ioctl 40046210 7fe7a30e60 returned -22
02-22 16:57:00.608     0     0 I binder  : 4061:4061 ioctl 40046210 7fe7a31024 returned -22
02-22 16:57:00.609  4061  4061 I HidlServiceManagement: Registered android.system.wifi.keystore@1.0::IKeystore/default
02-22 16:57:00.613     0     0 I binder  : 4057:4057 ioctl 40046210 7fffad25e4 returned -22
02-22 16:57:00.613     0     0 I binder  : 4057:4057 ioctl 40046210 7fffad23c0 returned -22
02-22 16:57:00.626     0     0 I binder  : 4058:4058 ioctl 40046210 ffa91900 returned -22
02-22 16:57:00.627     0     0 I binder  : 4058:4058 ioctl 40046210 ffa91ac8 returned -22
02-22 16:57:00.643     0     0 I headset_imp_feature_get: get success!
02-22 16:57:00.845     0     0 E         : msm_qti_pp_get_rms_value_control, back not active to query rms be_idx:3
02-22 16:57:00.855     0     0 I core_get_license_status: cmdrsp_license_result.result = 0x15 for module 0x131ff
02-22 16:57:00.856     0     0 E msm-ext-disp-audio-codec-rx soc: qcom,msm-ext-disp:qcom,msm-ext-disp-audio-codec-rx: msm_ext_disp_audio_type_get: codec_data, get_audio_edid_blk() or get_intf_id is NULL
02-22 16:57:00.857     0     0 E         : max98927_info_rivision_ctl
02-22 16:57:00.857     0     0 E         : max98927_info_rivision_ctl
02-22 16:57:00.857     0     0 E         : max98927_get_rivision_ctl
02-22 16:57:00.857     0     0 I max98927_spk_gain_get: spk_gain setting returned 0
02-22 16:57:00.857     0     0 I max98927_digital_gain_get: spk_gain setting returned 0
02-22 16:57:00.864     0     0 I max98927_mono_out_get_l: value:128
02-22 16:57:00.864     0     0 I max98927_mono_out_get_r: value:0
02-22 16:57:00.865     0     0 I max98927_feedback_en_get_l: value:3
02-22 16:57:00.865     0     0 I max98927_feedback_en_get_r: value:0
02-22 16:57:00.865     0     0 I max98927_left_channel_enable_get: value:0
02-22 16:57:00.865     0     0 I max98927_right_channel_enable_get: value:0
02-22 16:57:00.984     0     0 E         : msm_qti_pp_get_rms_value_control, back not active to query rms be_idx:3
02-22 16:57:00.992     0     0 I core_get_license_status: cmdrsp_license_result.result = 0x15 for module 0x131ff
02-22 16:57:00.992     0     0 E msm-ext-disp-audio-codec-rx soc: qcom,msm-ext-disp:qcom,msm-ext-disp-audio-codec-rx: msm_ext_disp_audio_type_get: codec_data, get_audio_edid_blk() or get_intf_id is NULL
02-22 16:57:00.993     0     0 E         : max98927_info_rivision_ctl
02-22 16:57:00.993     0     0 E         : max98927_info_rivision_ctl
02-22 16:57:00.993     0     0 E         : max98927_get_rivision_ctl
02-22 16:57:00.993     0     0 I max98927_spk_gain_get: spk_gain setting returned 0
02-22 16:57:00.993     0     0 I max98927_digital_gain_get: spk_gain setting returned 0
02-22 16:57:00.997     0     0 I max98927_mono_out_get_l: value:128
02-22 16:57:00.998     0     0 I max98927_mono_out_get_r: value:0
02-22 16:57:00.998     0     0 I max98927_feedback_en_get_l: value:3
02-22 16:57:00.998     0     0 I max98927_feedback_en_get_r: value:0
02-22 16:57:00.998     0     0 I max98927_left_channel_enable_get: value:0
02-22 16:57:00.998     0     0 I max98927_right_channel_enable_get: value:0
02-22 16:57:03.035  4121  4121 F linker  : CANNOT LINK EXECUTABLE "/system/bin/netd": library "libnetd_resolv.so" not found: needed by main executable
02-22 16:57:03.058     0     0 I libprocessgroup: Successfully killed process cgroup uid 1041 pid 4056 in 5ms
02-22 16:57:03.058     0     0 I init    : Sending signal 9 to service 'cameraserver' (pid 4057) process group...
02-22 16:57:03.062     0     0 I binder  : 4122:4122 ioctl 40046210 7fd2d5c640 returned -22
02-22 16:57:03.063     0     0 D vdc     : Waited 0ms for vold
02-22 16:57:03.064     0     0 I libprocessgroup: Successfully killed process cgroup uid 1047 pid 4057 in 5ms
02-22 16:57:03.064     0     0 I init    : Sending signal 9 to service 'media' (pid 4058) process group...
02-22 16:57:03.069     0     0 I libprocessgroup: Successfully killed process cgroup uid 1013 pid 4058 in 5ms
02-22 16:57:03.070     0     0 I init    : Command 'restart media.tuner' action=onrestart (<Service 'zygote' onrestart>:6) took 0ms and failed: service media.tuner not found
02-22 16:57:03.070     0     0 I init    : Sending signal 9 to service 'wificond' (pid 4061) process group...
02-22 16:57:03.075     0     0 I libprocessgroup: Successfully killed process cgroup uid 1010 pid 4061 in 5ms
02-22 16:57:03.076     0     0 I init    : Service 'audioserver' (pid 4056) received signal 9
02-22 16:57:03.076     0     0 I init    : Sending signal 9 to service 'vendor.audio-hal' (pid 4059) process group...
02-22 16:57:05.585     0     0 I QCOM-BATT: pl_fcc_vote_callback: total_fcc_ua=1950000
02-22 16:57:05.585     0     0 I QCOM-BATT: pl_fv_vote_callback: fv_uv=4400000
02-22 16:57:05.597     0     0 I binder  : 4129:4129 ioctl 40046210 7ffd25a6c4 returned -22
02-22 16:57:05.597     0     0 I binder  : 4129:4129 ioctl 40046210 7ffd25a4a0 returned -22
02-22 16:57:05.606     0     0 I binder  : 4133:4133 ioctl 40046210 ffbc8d20 returned -22
02-22 16:57:05.606     0     0 I binder  : 4133:4133 ioctl 40046210 ffbc8d10 returned -22
02-22 16:57:05.607     0     0 I binder  : 4132:4132 ioctl 40046210 7fd6917a60 returned -22
02-22 16:57:05.606  4132  4132 I wificond: wificond is starting up...
02-22 16:57:05.607     0     0 I binder  : 4133:4133 ioctl 40046210 ffbc8ee8 returned -22
02-22 16:57:05.610  4132  4132 I HidlServiceManagement: Registered android.system.wifi.keystore@1.0::IKeystore/default
02-22 16:57:05.608     0     0 I binder  : 4132:4132 ioctl 40046210 7fd6917c24 returned -22
02-22 16:57:05.616     0     0 I binder  : 4130:4130 ioctl 40046210 7fd90792d4 returned -22
02-22 16:57:05.616     0     0 I binder  : 4130:4130 ioctl 40046210 7fd90790b0 returned -22
02-22 16:57:05.621     0     0 I binder  : 4131:4131 ioctl 40046210 ffe89060 returned -22
02-22 16:57:05.624     0     0 I binder  : 4131:4131 ioctl 40046210 ffe89228 returned -22
02-22 16:57:05.630     0     0 I headset_imp_feature_get: get success!
