01-04 07:58:10.716     0     0 W subsys-pil-tz 5c00000.qcom,ssc: loading /vendor/firmware_mnt/image/slpi.b04 failed with error -13
01-04 07:58:10.716     0     0 W subsys-pil-tz 5c00000.qcom,ssc: loading /vendor/firmware_mnt/image/slpi.b05 failed with error -13
01-04 07:58:10.716     0     0 W subsys-pil-tz 5c00000.qcom,ssc: loading /vendor/firmware_mnt/image/slpi.b07 failed with error -13
01-04 07:58:10.716     0     0 W subsys-pil-tz 5c00000.qcom,ssc: loading /vendor/firmware_mnt/image/slpi.b08 failed with error -13
01-04 07:58:10.716     0     0 W subsys-pil-tz 5c00000.qcom,ssc: loading /vendor/firmware_mnt/image/slpi.b06 failed with error -13
01-04 07:58:10.716     0     0 W subsys-pil-tz 5c00000.qcom,ssc: loading /vendor/firmware_mnt/image/slpi.b09 failed with error -13
01-04 07:58:10.716     0     0 W subsys-pil-tz 5c00000.qcom,ssc: loading /vendor/firmware_mnt/image/slpi.b10 failed with error -13
01-04 07:58:10.716     0     0 W subsys-pil-tz 5c00000.qcom,ssc: loading /vendor/firmware_mnt/image/slpi.b11 failed with error -13
01-04 07:58:10.717     0     0 W subsys-pil-tz 5c00000.qcom,ssc: loading /vendor/firmware_mnt/image/slpi.b12 failed with error -13
01-04 07:58:10.717     0     0 W subsys-pil-tz 5c00000.qcom,ssc: loading /vendor/firmware_mnt/image/slpi.b13 failed with error -13
01-04 07:58:10.717     0     0 W subsys-pil-tz 5c00000.qcom,ssc: loading /vendor/firmware_mnt/image/slpi.b14 failed with error -13
01-04 07:58:10.717     0     0 W subsys-pil-tz 5c00000.qcom,ssc: loading /vendor/firmware_mnt/image/slpi.b15 failed with error -13
01-04 07:58:10.717     0     0 W subsys-pil-tz 5c00000.qcom,ssc: loading /vendor/firmware_mnt/image/slpi.b16 failed with error -13
01-04 07:58:10.717     0     0 W subsys-pil-tz 5c00000.qcom,ssc: loading /vendor/firmware_mnt/image/slpi.b17 failed with error -13
01-04 07:58:10.717     0     0 W subsys-pil-tz 5c00000.qcom,ssc: loading /vendor/firmware_mnt/image/slpi.b19 failed with error -13
01-04 07:58:10.717     0     0 W subsys-pil-tz 5c00000.qcom,ssc: loading /vendor/firmware_mnt/image/slpi.b20 failed with error -13
01-04 07:58:10.718     0     0 W subsys-pil-tz 5c00000.qcom,ssc: loading /vendor/firmware_mnt/image/slpi.b21 failed with error -13
01-04 07:58:10.724     0     0 I binder  : 1014:1014 ioctl 40046210 7fecb789c4 returned -22
01-04 07:58:10.725     0     0 E slimbus sb-1: of_slim: invalid E-addr
01-04 07:58:10.726     0     0 I wcd-slim tavil-slim-pgd: Platform data from device tree
01-04 07:58:10.726     0     0 I wcd-slim tavil-slim-pgd: msm_cdc_dt_parse_vreg_info: cdc-vdd-buck: vol=[1800000 1800000]uV, curr=[650000]uA, ond 0
01-04 07:58:10.726     0     0 I wcd-slim tavil-slim-pgd: msm_cdc_dt_parse_vreg_info: cdc-buck-sido: vol=[1800000 1800000]uV, curr=[250000]uA, ond 0
01-04 07:58:10.726     0     0 I wcd-slim tavil-slim-pgd: msm_cdc_dt_parse_vreg_info: cdc-vdd-tx-h: vol=[1800000 1800000]uV, curr=[25000]uA, ond 0
01-04 07:58:10.726     0     0 I wcd-slim tavil-slim-pgd: msm_cdc_dt_parse_vreg_info: cdc-vdd-rx-h: vol=[1800000 1800000]uV, curr=[25000]uA, ond 0
01-04 07:58:10.726     0     0 I wcd-slim tavil-slim-pgd: msm_cdc_dt_parse_vreg_info: cdc-vddpx-1: vol=[1800000 1800000]uV, curr=[10000]uA, ond 0
01-04 07:58:10.726     0     0 I wcd-slim tavil-slim-pgd: wcd9xxx_slim_probe: probing for wcd type: 4, name: tavil-slim-pgd
01-04 07:58:10.726     0     0 E slimbus sb-3: of_slim: invalid E-addr
01-04 07:58:10.727     0     0 I binder  : 1012:1012 ioctl 40046210 fff6d990 returned -22
01-04 07:58:10.728     0     0 I binder  : 1012:1012 ioctl 40046210 fff6d980 returned -22
01-04 07:58:10.731     0     0 I binder  : 1012:1012 ioctl 40046210 fff6db58 returned -22
01-04 07:58:10.733     0     0 I binder  : 1016:1016 ioctl 40046210 ffa235e8 returned -22
01-04 07:58:10.733     0     0 I binder  : 1018:1018 ioctl 40046210 7fc9882db0 returned -22
01-04 07:58:10.740     0     0 I binder  : 1017:1017 ioctl 40046210 7ff6f71d94 returned -22
01-04 07:58:10.753     0     0 I binder  : 1030:1030 ioctl 40046210 7ff383b894 returned -22
01-04 07:58:10.754     0     0 I binder  : 1026:1026 ioctl 40046210 7fe207bb94 returned -22
01-04 07:58:10.765     0     0 I binder  : 1036:1036 ioctl 40046210 7fe5c33204 returned -22
01-04 07:58:10.765     0     0 W healthd : BatteryCycleCountPath not found
01-04 07:58:10.765     0     0 W healthd : batteryCapacityLevelPath not found
01-04 07:58:10.766     0     0 I init    : starting service 'android.thermal-hal'...
01-04 07:58:10.771     0     0 I init    : starting service 'vendor.usb-hal-1-0'...
01-04 07:58:10.775     0     0 I init    : starting service 'vendor.wifi_hal_legacy'...
01-04 07:58:10.782     0     0 I init    : starting service 'display-color-hal-1-0'...
01-04 07:58:10.784     0     0 E FG      : fg_psy_get_property: unsupported property 79
01-04 07:58:10.786     0     0 I slimbus : 1 laddr:0xcf, EAPC:0x1:0x50
01-04 07:58:10.787     0     0 I wcd-slim tavil-slim-pgd: wcd9xxx_slim_device_up: slim device up, dev_up = 1
01-04 07:58:10.787     0     0 I slimbus : 1 laddr:0xce, EAPC:0x0:0x50
02-22 16:54:20.769     0     0 W healthd : battery l=8 v=3812 t=26.3 h=2 st=2 c=-1053000 fc=3092 chg=a
02-22 16:54:20.771     0     0 I init    : starting service 'vendor.touch-hal-1-0'...
02-22 16:54:20.777     0     0 E FG      : fg_psy_get_property: unsupported property 79
02-22 16:54:20.778     0     0 I wcd-slim tavil-slim-pgd: wcd934x_get_cdc_info: wcd9xxx chip id major 0x108, minor 0x1
02-22 16:54:20.778     0     0 I wcd9xxx_core_res_init: num_irqs = 32, num_irq_regs = 4
02-22 16:54:20.784     0     0 I init    : starting service 'vendor.trust-hal-1-0'...
02-22 16:54:20.786     0     0 I binder  : 1021:1021 ioctl 40046210 7ff5d5e9f4 returned -22
02-22 16:54:20.788     0     0 I binder  : 1020:1020 ioctl 40046210 7fc056ac24 returned -22
02-22 16:54:20.791     0     0 I binder  : 1053:1053 ioctl 40046210 7fd4a303e4 returned -22
02-22 16:54:20.793     0     0 I binder  : 1045:1045 ioctl 40046210 7fe1acba70 returned -22
02-22 16:54:20.795     0     0 I init    : starting service 'vendor.opcamera-mdm-1-0'...
02-22 16:54:20.797     0     0 I binder  : 1043:1043 ioctl 40046210 7ffbec6994 returned -22
02-22 16:54:20.798     0     0 I binder  : 1024:1024 ioctl 40046210 7ffd478cc0 returned -22
02-22 16:54:20.799     0     0 I binder  : 1024:1024 ioctl 40046210 7ffd478ee4 returned -22
02-22 16:54:20.800     0     0 I init    : starting service 'vendor.opcamera-provider-1-0'...
02-22 16:54:20.802     0     0 I binder  : 1047:1047 ioctl 40046210 7fedcaaa54 returned -22
02-22 16:54:20.804     0     0 I init    : starting service 'oneplus_display_service'...
02-22 16:54:20.814     0     0 I binder  : 1060:1060 ioctl 40046210 7feb019ce0 returned -22
02-22 16:54:20.814     0     0 I binder  : 1060:1060 ioctl 40046210 7feb019f04 returned -22
02-22 16:54:20.815     0     0 I init    : starting service 'oneplus_param_service'...
02-22 16:54:20.819     0     0 I binder  : 1065:1065 ioctl 40046210 7fd945a424 returned -22
02-22 16:54:20.826     0     0 I binder  : 1069:1069 ioctl 40046210 7fc061be74 returned -22
02-22 16:54:20.829     0     0 I binder  : 1079:1079 ioctl 40046210 7fd4a05564 returned -22
02-22 16:54:20.841     0     0 I binder  : 1075:1075 ioctl 40046210 7fd32c9064 returned -22
02-22 16:54:20.855     0     0 I binder  : 1078:1078 ioctl 40046210 7fd3858b44 returned -22
02-22 16:54:20.861     0     0 I binder  : 1051:1051 ioctl 40046210 7ffa4a4744 returned -22
02-22 16:54:20.866     0     0 I binder  : 1083:1083 ioctl 40046210 7fc2043c84 returned -22
02-22 16:54:20.873     0     0 E FG      : fg_psy_get_property: unsupported property 79
02-22 16:54:20.873     0     0 I binder  : 1084:1084 ioctl 40046210 7fd9d83db4 returned -22
02-22 16:54:20.876     0     0 I binder  : 1039:1039 ioctl 40046210 7feae87644 returned -22
02-22 16:54:20.880     0     0 I binder  : 1098:1098 ioctl 40046210 7ff9ff6324 returned -22
02-22 16:54:20.880     0     0 I subsys-pil-tz 5c00000.qcom,ssc: slpi: Brought out of reset
02-22 16:54:20.880     0     0 I binder  : 1082:1082 ioctl 40046210 7fd2793e04 returned -22
02-22 16:54:20.882     0     0 I binder  : 1085:1085 ioctl 40046210 7fea3a2304 returned -22
02-22 16:54:20.884  1055  1055 I android.hardware.wifi@1.0-service: Wifi Hal is booting up...
02-22 16:54:20.884     0     0 I binder  : 1055:1055 ioctl 40046210 7fe180d614 returned -22
02-22 16:54:20.889  1055  1055 I HidlServiceManagement: Registered android.hardware.wifi@1.6::IWifi/default
02-22 16:54:20.892     0     0 I binder  : 1102:1102 ioctl 40046210 7feaf983f4 returned -22
02-22 16:54:20.902     0     0 I binder  : 1094:1094 ioctl 40046210 7ff6f00230 returned -22
02-22 16:54:20.902     0     0 I binder  : 1094:1094 ioctl 40046210 7ff6f00454 returned -22
02-22 16:54:20.907     0     0 I binder  : 1100:1100 ioctl 40046210 7fec0aee64 returned -22
02-22 16:54:20.912     0     0 W QSEECOM : qseecom_load_app: App (soter64) does'nt exist, loading apps for first time
02-22 16:54:20.920     0     0 I subsys-pil-tz 5c00000.qcom,ssc: Subsystem error monitoring/handling services are up
02-22 16:54:20.921     0     0 I binder  : 1105:1105 ioctl 40046210 7fddf9d154 returned -22
02-22 16:54:20.923     0     0 I         : 'opened /dev/sdsprpc-smd c 218 2'
02-22 16:54:20.925     0     0 I         : 'closed /dev/sdsprpc-smd c 218 2'
02-22 16:54:20.925     0     0 I bad ioctl: -1072934383
02-22 16:54:20.927     0     0 I subsys-pil-tz 5c00000.qcom,ssc: slpi: Power/Clock ready interrupt received
02-22 16:54:20.929     0     0 I binder  : 1086:1086 ioctl 40046210 7ff79600b4 returned -22
02-22 16:54:20.935     0     0 I binder  : 1111:1111 ioctl 40046210 7fe32447c0 returned -22
02-22 16:54:20.943  1115  1115 I irsc_util: Starting irsc tool
02-22 16:54:20.948  1115  1115 I irsc_util: Num of entries:299
02-22 16:54:20.950  1115  1115 I irsc_util: Ending irsc tool
02-22 16:54:20.950     0     0 E dashd   : dashd_main enterd
02-22 16:54:20.950     0     0 E dashd   : run /vendor/bin/dashd ENGINE START!
02-22 16:54:20.950     0     0 I FASTCHG : dash_dev_write: fw_ver_count=6392
02-22 16:54:20.951     0     0 E dashd   : THREAD is created!
02-22 16:54:20.951     0     0 I sysmon-qmi: sysmon_clnt_svc_arrive: Connection established between QMI handle and slpi's SSCTL service
02-22 16:54:20.952     0     0 E dashd   : THREAD running
02-22 16:54:20.952     0     0 E dashd   : dash read
02-22 16:54:20.954     0     0 E diag    : In diag_send_feature_mask_update, control channel is not open, p: 3, 0000000000000000
02-22 16:54:20.954     0     0 E diag    : In diag_send_peripheral_buffering_mode, buffering flag not set for 3
02-22 16:54:20.955     0     0 E diag    : In diag_send_peripheral_buffering_mode, buffering flag not set for 3
02-22 16:54:20.957     0     0 I binder  : 1121:1121 ioctl 40046210 7fe93fd560 returned -22
02-22 16:54:20.959     0     0 E dashd   : type=USB_DCP, soc=8, temp=26, vbat=3812, ibat=-1053
02-22 16:54:20.962     0     0 I         : 'opened /dev/sdsprpc-smd c 218 2'
02-22 16:54:20.964     0     0 W QSEECOM : qseecom_load_app: App with id 2 (soter64) now loaded
02-22 16:54:20.976     0     0 I rmt_storage: INFO:check_support_using_libmdm: Modem subsystem found on target!
02-22 16:54:20.976     0     0 E rmt_storage: INFO:oem_remote_storage_parse_partitions: Registering oem_dycnvbk: 9, /oem/nvbk/dynamic
02-22 16:54:20.976     0     0 E rmt_storage: INFO:oem_remote_storage_parse_partitions: Registering oem_stanvbk: 10, /oem/nvbk/static
02-22 16:54:20.977     0     0 I binder  : 1122:1122 ioctl 40046210 7ff339dbf0 returned -22
02-22 16:54:20.979     0     0 I rmt_storage: INFO:main: Done with init now waiting for messages!
02-22 16:54:20.982     0     0 I servloc : service_locator_svc_arrive: Connection established with the Service locator
02-22 16:54:20.987     0     0 I servloc : init_service_locator: Service locator initialized
02-22 16:54:20.992     0     0 I audio_notifer_reg_service: service PDR_ADSP is in use
02-22 16:54:20.992     0     0 I service-notifier: root_service_service_arrive: Connection established between QMI handle and 74 service
02-22 16:54:20.992     0     0 I binder  : 1124:1124 ioctl 40046210 7ff6e93820 returned -22
02-22 16:54:20.993     0     0 E         : smartpa dts config is max98927
02-22 16:54:20.993     0     0 E         : smartpa_present
02-22 16:54:20.993     0     0 W sdm845-asoc-snd soc: qcom,msm-audio-apr:sound-tavil: msm_init_wsa_dev: Max WSA devices is 0 for this target?
02-22 16:54:20.994     0     0 I         : tavil_codec tavil_codec: tavil_soc_codec_probe()
02-22 16:54:20.999     0     0 E synaptics,s3320: synaptics bootmode 0  !
02-22 16:54:20.999     0     0 E synaptics,s3320: start update ******* fw_name:tp/fw_synaptics_17819.img,ts->manu_name:S3706B
02-22 16:54:20.999     0     0 E synaptics,s3320: enter version 17819 update mode
02-22 16:54:20.999     0     0 I wcd-dsp-mgr soc: qcom,wcd-dsp-mgr: for wdsp segments only will be dumped.
02-22 16:54:20.999     0     0 I wcd-dsp-mgr soc: qcom,wcd-dsp-mgr: bound tavil_codec (ops wcd_ctrl_component_ops)
02-22 16:54:21.000     0     0 I wcd-dsp-mgr soc: qcom,wcd-dsp-mgr: bound spi0.0 (ops wcd_spi_component_ops)
02-22 16:54:21.000     0     0 I wcd-dsp-mgr soc: qcom,wcd-dsp-mgr: bound soc:qcom,glink-spi-xprt-wdsp (ops glink_component_ops)
02-22 16:54:21.002     0     0 E synaptics,s3320: FW_ID:2827775--CONFIG_ID  FW_NAME:tp/fw_synaptics_17819.img
02-22 16:54:21.003     0     0 W msm-pcm-routing soc: qcom,msm-pcm-routing: ASoC: no dapm match for TERT_MI2S_TX --> TERT_MI2S_TX --> MultiMedia17 Mixer
02-22 16:54:21.003     0     0 E msm-pcm-routing soc: qcom,msm-pcm-routing: ASoC: Failed to add route TERT_MI2S_TX -> TERT_MI2S_TX -> MultiMedia17 Mixer
02-22 16:54:21.003     0     0 W msm-pcm-routing soc: qcom,msm-pcm-routing: ASoC: no dapm match for TERT_MI2S_TX --> TERT_MI2S_TX --> MultiMedia18 Mixer
02-22 16:54:21.003     0     0 E msm-pcm-routing soc: qcom,msm-pcm-routing: ASoC: Failed to add route TERT_MI2S_TX -> TERT_MI2S_TX -> MultiMedia18 Mixer
02-22 16:54:21.003     0     0 W msm-pcm-routing soc: qcom,msm-pcm-routing: ASoC: no dapm match for TERT_MI2S_TX --> TERT_MI2S_TX --> MultiMedia19 Mixer
02-22 16:54:21.003     0     0 E msm-pcm-routing soc: qcom,msm-pcm-routing: ASoC: Failed to add route TERT_MI2S_TX -> TERT_MI2S_TX -> MultiMedia19 Mixer
02-22 16:54:21.004     0     0 W msm-pcm-routing soc: qcom,msm-pcm-routing: ASoC: no dapm match for TERT_MI2S_TX --> TERT_MI2S_TX --> MultiMedia28 Mixer
02-22 16:54:21.004     0     0 E msm-pcm-routing soc: qcom,msm-pcm-routing: ASoC: Failed to add route TERT_MI2S_TX -> TERT_MI2S_TX -> MultiMedia28 Mixer
02-22 16:54:21.004     0     0 W msm-pcm-routing soc: qcom,msm-pcm-routing: ASoC: no dapm match for TERT_MI2S_TX --> TERT_MI2S_TX --> MultiMedia29 Mixer
02-22 16:54:21.004     0     0 E msm-pcm-routing soc: qcom,msm-pcm-routing: ASoC: Failed to add route TERT_MI2S_TX -> TERT_MI2S_TX -> MultiMedia29 Mixer
02-22 16:54:21.004     0     0 W msm-pcm-routing soc: qcom,msm-pcm-routing: ASoC: no dapm match for QUAT_MI2S_TX --> QUAT_MI2S_TX --> MultiMedia17 Mixer
02-22 16:54:21.004     0     0 E msm-pcm-routing soc: qcom,msm-pcm-routing: ASoC: Failed to add route QUAT_MI2S_TX -> QUAT_MI2S_TX -> MultiMedia17 Mixer
02-22 16:54:21.004     0     0 W msm-pcm-routing soc: qcom,msm-pcm-routing: ASoC: no dapm match for QUAT_MI2S_TX --> QUAT_MI2S_TX --> MultiMedia19 Mixer
02-22 16:54:21.004     0     0 E msm-pcm-routing soc: qcom,msm-pcm-routing: ASoC: Failed to add route QUAT_MI2S_TX -> QUAT_MI2S_TX -> MultiMedia19 Mixer
02-22 16:54:21.004     0     0 W msm-pcm-routing soc: qcom,msm-pcm-routing: ASoC: no dapm match for QUAT_MI2S_TX --> QUAT_MI2S_TX --> MultiMedia28 Mixer
02-22 16:54:21.004     0     0 E msm-pcm-routing soc: qcom,msm-pcm-routing: ASoC: Failed to add route QUAT_MI2S_TX -> QUAT_MI2S_TX -> MultiMedia28 Mixer
02-22 16:54:21.004     0     0 W msm-pcm-routing soc: qcom,msm-pcm-routing: ASoC: no dapm match for QUAT_MI2S_TX --> QUAT_MI2S_TX --> MultiMedia29 Mixer
02-22 16:54:21.004     0     0 E msm-pcm-routing soc: qcom,msm-pcm-routing: ASoC: Failed to add route QUAT_MI2S_TX -> QUAT_MI2S_TX -> MultiMedia29 Mixer
02-22 16:54:21.009     0     0 E msm-pcm-routing soc: qcom,msm-pcm-routing: ASoC: no sink widget found for MM_UL28
02-22 16:54:21.009     0     0 E msm-pcm-routing soc: qcom,msm-pcm-routing: ASoC: Failed to add route MultiMedia28 Mixer -> direct -> MM_UL28
02-22 16:54:21.009     0     0 E msm-pcm-routing soc: qcom,msm-pcm-routing: ASoC: no sink widget found for MM_UL29
02-22 16:54:21.009     0     0 E msm-pcm-routing soc: qcom,msm-pcm-routing: ASoC: Failed to add route MultiMedia29 Mixer -> direct -> MM_UL29
02-22 16:54:21.010     0     0 E msm-pcm-routing soc: qcom,msm-pcm-routing: ASoC: no source widget found for SLIM_6_RX
02-22 16:54:21.010     0     0 E msm-pcm-routing soc: qcom,msm-pcm-routing: ASoC: Failed to add route SLIM_6_RX -> SLIM_6_RX -> AUDIO_REF_EC_UL1 MUX
02-22 16:54:21.011     0     0 E msm-pcm-routing soc: qcom,msm-pcm-routing: ASoC: no sink widget found for AUDIO_REF_EC_UL28 MUX
02-22 16:54:21.011     0     0 E msm-pcm-routing soc: qcom,msm-pcm-routing: ASoC: Failed to add route PRI_MI2S_TX -> PRI_MI2S_TX -> AUDIO_REF_EC_UL28 MUX
02-22 16:54:21.011     0     0 E msm-pcm-routing soc: qcom,msm-pcm-routing: ASoC: no sink widget found for AUDIO_REF_EC_UL28 MUX
02-22 16:54:21.011     0     0 E msm-pcm-routing soc: qcom,msm-pcm-routing: ASoC: Failed to add route SEC_MI2S_TX -> SEC_MI2S_TX -> AUDIO_REF_EC_UL28 MUX
02-22 16:54:21.011     0     0 E msm-pcm-routing soc: qcom,msm-pcm-routing: ASoC: no sink widget found for AUDIO_REF_EC_UL28 MUX
02-22 16:54:21.011     0     0 E msm-pcm-routing soc: qcom,msm-pcm-routing: ASoC: Failed to add route TERT_MI2S_TX -> TERT_MI2S_TX -> AUDIO_REF_EC_UL28 MUX
02-22 16:54:21.011     0     0 E msm-pcm-routing soc: qcom,msm-pcm-routing: ASoC: no sink widget found for AUDIO_REF_EC_UL28 MUX
02-22 16:54:21.011     0     0 E msm-pcm-routing soc: qcom,msm-pcm-routing: ASoC: Failed to add route QUAT_MI2S_TX -> QUAT_MI2S_TX -> AUDIO_REF_EC_UL28 MUX
02-22 16:54:21.011     0     0 E msm-pcm-routing soc: qcom,msm-pcm-routing: ASoC: no sink widget found for AUDIO_REF_EC_UL29 MUX
02-22 16:54:21.011     0     0 E msm-pcm-routing soc: qcom,msm-pcm-routing: ASoC: Failed to add route PRI_MI2S_TX -> PRI_MI2S_TX -> AUDIO_REF_EC_UL29 MUX
02-22 16:54:21.011     0     0 E msm-pcm-routing soc: qcom,msm-pcm-routing: ASoC: no sink widget found for AUDIO_REF_EC_UL29 MUX
02-22 16:54:21.011     0     0 E msm-pcm-routing soc: qcom,msm-pcm-routing: ASoC: Failed to add route SEC_MI2S_TX -> SEC_MI2S_TX -> AUDIO_REF_EC_UL29 MUX
02-22 16:54:21.011     0     0 E msm-pcm-routing soc: qcom,msm-pcm-routing: ASoC: no sink widget found for AUDIO_REF_EC_UL29 MUX
02-22 16:54:21.011     0     0 E msm-pcm-routing soc: qcom,msm-pcm-routing: ASoC: Failed to add route TERT_MI2S_TX -> TERT_MI2S_TX -> AUDIO_REF_EC_UL29 MUX
02-22 16:54:21.011     0     0 E msm-pcm-routing soc: qcom,msm-pcm-routing: ASoC: no sink widget found for AUDIO_REF_EC_UL29 MUX
02-22 16:54:21.011     0     0 E msm-pcm-routing soc: qcom,msm-pcm-routing: ASoC: Failed to add route QUAT_MI2S_TX -> QUAT_MI2S_TX -> AUDIO_REF_EC_UL29 MUX
02-22 16:54:21.011     0     0 E synaptics,s3320_firmware: fwu_start_reflash: Start of reflash process
02-22 16:54:21.011     0     0 E msm-pcm-routing soc: qcom,msm-pcm-routing: ASoC: no source widget found for AUDIO_REF_EC_UL28 MUX
02-22 16:54:21.011     0     0 E msm-pcm-routing soc: qcom,msm-pcm-routing: ASoC: Failed to add route AUDIO_REF_EC_UL28 MUX -> direct -> MM_UL28
02-22 16:54:21.011     0     0 E msm-pcm-routing soc: qcom,msm-pcm-routing: ASoC: no source widget found for AUDIO_REF_EC_UL29 MUX
02-22 16:54:21.011     0     0 E msm-pcm-routing soc: qcom,msm-pcm-routing: ASoC: Failed to add route AUDIO_REF_EC_UL29 MUX -> direct -> MM_UL29
02-22 16:54:21.011     0     0 E synaptics,s3320_firmware: fwu_go_nogo: Device firmware ID = 2827775
02-22 16:54:21.011     0     0 E synaptics,s3320_firmware: fwu_go_nogo: Image firmware ID = 2827775
02-22 16:54:21.013     0     0 E synaptics,s3320_firmware: fwu_go_nogo: No need to do reflash
02-22 16:54:21.014     0     0 E synaptics,s3320_firmware: fwu_start_reflash: End of reflash process
02-22 16:54:21.021     0     0 W msm-pcm-routing soc: qcom,msm-pcm-routing: ASoC: no dapm match for TERT_MI2S_TX --> TERT_MI2S_TX --> VoLTE Stub Tx Mixer
02-22 16:54:21.021     0     0 E msm-pcm-routing soc: qcom,msm-pcm-routing: ASoC: Failed to add route TERT_MI2S_TX -> TERT_MI2S_TX -> VoLTE Stub Tx Mixer
02-22 16:54:21.036     0     0 I spi_geni a80000.spi: tx_fifo 16 rx_fifo 16 tx_width 32
02-22 16:54:21.038     0     0 W         : tavil_codec tavil_codec: loading /vendor/firmware_mnt/image/cpe_9340.mdt failed with error -13
02-22 16:54:21.046     0     0 W cam-a5 ac00000.qcom,a5: loading /vendor/firmware_mnt/image/CAMERA_ICP.elf failed with error -13
02-22 16:54:21.050     0     0 I binder  : 1127:1127 ioctl 40046210 7fc1b00664 returned -22
02-22 16:54:21.052     0     0 I ueventd : firmware: loading 'cpe_9340.mdt' for '/devices/platform/soc/171c0000.slim/tavil-slim-pgd/tavil_codec/firmware/cpe_9340.mdt'
02-22 16:54:21.052     0     0 I binder  : 1127:1127 ioctl 40046210 7fc1b00440 returned -22
02-22 16:54:21.054     0     0 I ueventd : loading /devices/platform/soc/171c0000.slim/tavil-slim-pgd/tavil_codec/firmware/cpe_9340.mdt took 2ms
02-22 16:54:21.054     0     0 W         : tavil_codec tavil_codec: loading /vendor/firmware_mnt/image/cpe_9340.b01 failed with error -13
02-22 16:54:21.055     0     0 I ueventd : firmware: loading 'CAMERA_ICP.elf' for '/devices/platform/soc/ac00000.qcom,a5/firmware/CAMERA_ICP.elf'
02-22 16:54:21.058     0     0 I ueventd : firmware: loading 'cpe_9340.b01' for '/devices/platform/soc/171c0000.slim/tavil-slim-pgd/tavil_codec/firmware/cpe_9340.b01'
02-22 16:54:21.059     0     0 I ueventd : loading /devices/platform/soc/171c0000.slim/tavil-slim-pgd/tavil_codec/firmware/cpe_9340.b01 took 1ms
02-22 16:54:21.060     0     0 W         : tavil_codec tavil_codec: loading /vendor/firmware_mnt/image/cpe_9340.b03 failed with error -13
02-22 16:54:21.063     0     0 I ueventd : firmware: loading 'cpe_9340.b03' for '/devices/platform/soc/171c0000.slim/tavil-slim-pgd/tavil_codec/firmware/cpe_9340.b03'
02-22 16:54:21.065     0     0 I ueventd : loading /devices/platform/soc/ac00000.qcom,a5/firmware/CAMERA_ICP.elf took 10ms
02-22 16:54:21.066     0     0 I ueventd : loading /devices/platform/soc/171c0000.slim/tavil-slim-pgd/tavil_codec/firmware/cpe_9340.b03 took 2ms
02-22 16:54:21.066     0     0 W         : tavil_codec tavil_codec: loading /vendor/firmware_mnt/image/cpe_9340.b05 failed with error -13
02-22 16:54:21.069     0     0 I ueventd : firmware: loading 'cpe_9340.b05' for '/devices/platform/soc/171c0000.slim/tavil-slim-pgd/tavil_codec/firmware/cpe_9340.b05'
02-22 16:54:21.070     0     0 I ueventd : loading /devices/platform/soc/171c0000.slim/tavil-slim-pgd/tavil_codec/firmware/cpe_9340.b05 took 1ms
02-22 16:54:21.070     0     0 W         : tavil_codec tavil_codec: loading /vendor/firmware_mnt/image/cpe_9340.b06 failed with error -13
02-22 16:54:21.074     0     0 W         : tavil_codec tavil_codec: loading /vendor/firmware_mnt/image/cpe_9340.b07 failed with error -13
02-22 16:54:21.075     0     0 I CAM_INFO: CAM-ICP: cam_icp_mgr_hw_open: 2801 FW download done successfully
02-22 16:54:21.080     0     0 W         : tavil_codec tavil_codec: loading /vendor/firmware_mnt/image/cpe_9340.b09 failed with error -13
02-22 16:54:21.084     0     0 W         : tavil_codec tavil_codec: loading /vendor/firmware_mnt/image/cpe_9340.b11 failed with error -13
02-22 16:54:21.088     0     0 W         : tavil_codec tavil_codec: loading /vendor/firmware_mnt/image/cpe_9340.b13 failed with error -13
02-22 16:54:21.092     0     0 W         : tavil_codec tavil_codec: loading /vendor/firmware_mnt/image/cpe_9340.b15 failed with error -13
02-22 16:54:21.098     0     0 E BQ      : bq27411_modify_soc_smooth_parameter: bq27411_modify_soc_smooth_parameter begin
02-22 16:54:21.140     0     0 W kgsl-3d0: loading /vendor/firmware_mnt/image/a630_sqe.fw failed with error -13
02-22 16:54:21.147     0     0 W kgsl-3d0: loading /vendor/firmware_mnt/image/a630_gmu.bin failed with error -13
02-22 16:54:21.156     0     0 I max98927_probe: enter
02-22 16:54:21.176     0     0 I msm_audrx_init: dev_namesoc:qcom,msm-dai-q6:qcom,msm-dai-q6-sb-0-rx
02-22 16:54:21.183     0     0 I apr_tal_notify_state: Channel state[0]
02-22 16:54:21.186     0     0 I BQ      : unseal: bq27541 : i=1,bq27541_di->device_type=1
02-22 16:54:21.189     0     0 E sdm845-asoc-snd soc: qcom,msm-audio-apr:sound-tavil: ASoC: no sink widget found for SpkrLeft IN
02-22 16:54:21.189     0     0 E sdm845-asoc-snd soc: qcom,msm-audio-apr:sound-tavil: ASoC: Failed to add route SPK1 OUT -> direct -> SpkrLeft IN
02-22 16:54:21.189     0     0 E sdm845-asoc-snd soc: qcom,msm-audio-apr:sound-tavil: ASoC: no sink widget found for SpkrRight IN
02-22 16:54:21.189     0     0 E sdm845-asoc-snd soc: qcom,msm-audio-apr:sound-tavil: ASoC: Failed to add route SPK2 OUT -> direct -> SpkrRight IN
02-22 16:54:21.189     0     0 I sdm845-asoc-snd soc: qcom,msm-audio-apr:sound-tavil: wcd_mbhc_start: qcom,msm-mbhc-usbc-audio-supported in dt node is missing or false
02-22 16:54:21.189     0     0 I sdm845-asoc-snd soc: qcom,msm-audio-apr:sound-tavil: wcd_mbhc_start: skipping USB c analog configuration
02-22 16:54:21.197     0     0 W subsys-pil-tz soc: qcom,kgsl-hyp: loading /vendor/firmware_mnt/image/a630_zap.mdt failed with error -13
02-22 16:54:21.202     0     0 I input   : sdm845-tavil-snd-card Headset Jack as /devices/platform/soc/soc:qcom,msm-audio-apr/soc:qcom,msm-audio-apr:sound-tavil/sound/card0/input4
02-22 16:54:21.202     0     0 I input   : sdm845-tavil-snd-card Button Jack as /devices/platform/soc/soc:qcom,msm-audio-apr/soc:qcom,msm-audio-apr:sound-tavil/sound/card0/input5
02-22 16:54:21.203     0     0 I sdm845-asoc-snd soc: qcom,msm-audio-apr:sound-tavil: Sound card sdm845-tavil-snd-card registered
02-22 16:54:21.203     0     0 E msm_asoc_machine_probe: fsa4480_enable is false
02-22 16:54:21.203     0     0 E         : setHpSwGpioPin hp_sw_gpio gpio_is_valid failed
02-22 16:54:21.203     0     0 E msm_get_pinctrl: could not get mi2s_disable pinstate
02-22 16:54:21.241     0     0 E BQ      : bq27411_enable_config_mode: bq27411_enable_config_mode success i = 1, config_mode = 0x11c, enable = 1
02-22 16:54:21.252     0     0 I subsys-pil-tz soc: qcom,kgsl-hyp: a630_zap: loading from 0x000000008c415000 to 0x000000008c416000
02-22 16:54:21.265     0     0 E BQ      : bq27411_write_block_data_cmd: bq27411 write blk_id = 0x6b, addr = 0x42, old_val = 0x71, new_val = 0x11, old_csum = 0xfd, new_csum = 0x5d
02-22 16:54:21.272     0     0 I headset_imp_feature_get: get success!
02-22 16:54:21.277     0     0 W subsys-pil-tz soc: qcom,kgsl-hyp: loading /vendor/firmware_mnt/image/a630_zap.b02 failed with error -13
02-22 16:54:21.284     0     0 E BQ      : bq27411_write_block_data_cmd: bq27411 write blk_id = 0x40, addr = 0x42, old_val = 0xf, new_val = 0x7, old_csum = 0x1, new_csum = 0x9
02-22 16:54:21.324     0     0 I subsys-pil-tz soc: qcom,kgsl-hyp: a630_zap: Brought out of reset
02-22 16:54:21.489     0     0 E         : msm_qti_pp_get_rms_value_control, back not active to query rms be_idx:3
02-22 16:54:21.496     0     0 I core_get_license_status: cmdrsp_license_result.result = 0x15 for module 0x131ff
02-22 16:54:21.497     0     0 E msm-ext-disp-audio-codec-rx soc: qcom,msm-ext-disp:qcom,msm-ext-disp-audio-codec-rx: msm_ext_disp_audio_type_get: codec_data, get_audio_edid_blk() or get_intf_id is NULL
02-22 16:54:21.497     0     0 E         : max98927_info_rivision_ctl
02-22 16:54:21.497     0     0 E         : max98927_info_rivision_ctl
02-22 16:54:21.497     0     0 E         : max98927_get_rivision_ctl
02-22 16:54:21.498     0     0 I max98927_spk_gain_get: spk_gain setting returned 0
02-22 16:54:21.498     0     0 I max98927_digital_gain_get: spk_gain setting returned 0
02-22 16:54:21.504     0     0 I max98927_mono_out_get_l: value:128
02-22 16:54:21.504     0     0 I max98927_mono_out_get_r: value:0
02-22 16:54:21.504     0     0 I max98927_feedback_en_get_l: value:3
02-22 16:54:21.505     0     0 I max98927_feedback_en_get_r: value:0
02-22 16:54:21.505     0     0 I max98927_left_channel_enable_get: value:0
02-22 16:54:21.505     0     0 I max98927_right_channel_enable_get: value:0
02-22 16:54:21.539     0     0 E BQ      : bq27411_enable_config_mode: bq27411_enable_config_mode success i = 9, config_mode = 0x10c, enable = 0
02-22 16:54:21.551     0     0 E BQ      : bq27411_modify_soc_smooth_parameter: bq27411_modify_soc_smooth_parameter end
02-22 16:54:22.228     0     0 E CAM_ERR : CAM-SENSOR: cam_sensor_update_id_info: 508 Sensor Addr: 0x1010100 sensor_id: 0x61 sensor_mask: 0x0
02-22 16:54:22.240     0     0 E CAM_ERR : CAM-SENSOR: cam_sensor_match_id: 729 sensor id 0x13 does not match 0x61
02-22 16:54:22.278     0     0 E CAM_ERR : CAM-SENSOR: cam_sensor_init_subdev_do_ioctl: 131 cam_sensor_subdev_ioctl failed
02-22 16:54:22.278     0     0 E CAM_ERR : CAM-SENSOR: cam_sensor_update_id_info: 508 Sensor Addr: 0x1010100 sensor_id: 0x13 sensor_mask: 0x0
02-22 16:54:22.290     0     0 E CAM_ERR : CAM-SENSOR: cam_sensor_match_id: 732 sensor id 0x13 matched
02-22 16:54:22.290     0     0 I CAM_INFO: CAM-SENSOR: cam_sensor_match_id: 755 imx519 sensor_version: 0x10
02-22 16:54:22.303     0     0 E CAM_ERR : CAM-SENSOR: cam_sensor_match_id: 767 sensor_id: 0x519, fuse_id:7bb0519213030261
02-22 16:54:22.303     0     0 I CAM_INFO: CAM-SENSOR: cam_sensor_driver_cmd: 892 Probe Succees,slot:0,slave_addr:0x34,sensor_id:0x519
02-22 16:54:22.314     0     0 E CAM_ERR : CAM-SENSOR: cam_sensor_driver_cmd: 1134 fuse_id:7bb0519213030261
02-22 16:54:22.378     0     0 I         : synap rmidev_create_attr
02-22 16:54:22.518     0     0 E synaptics,s3320: F12_2D_QUERY_BASE = 4a
02-22 16:54:22.518     0     0 E         : F12_2D_CMD_BASE  = 0
02-22 16:54:22.518     0     0 E         : F12_2D_CTRL_BASE	= 13
02-22 16:54:22.518     0     0 E         : F12_2D_DATA_BASE	= 8
02-22 16:54:22.519     0     0 E synaptics,s3320: F34_FLASH_QUERY_BASE = 23
02-22 16:54:22.519     0     0 E         : F34_FLASH_CMD_BASE	= 0
02-22 16:54:22.519     0     0 E         : F34_FLASH_CTRL_BASE	= c
02-22 16:54:22.519     0     0 E         : F34_FLASH_DATA_BASE	= 0
02-22 16:54:22.520     0     0 E synaptics,s3320: F54_QUERY_BASE = 43
02-22 16:54:22.520     0     0 E         : F54_CMD_BASE  = 42
02-22 16:54:22.520     0     0 E         : F54_CTRL_BASE	= e
02-22 16:54:22.520     0     0 E         : F54_DATA_BASE	= 0
02-22 16:54:22.522     0     0 E synaptics,s3320: max_x = 1080,max_y = 2280; max_x_ic = 1079,max_y_ic = 2279
02-22 16:54:22.522     0     0 E synaptics,s3320: Firmware self check success
02-22 16:54:22.523     0     0 E synaptics,s3320: CURRENT_FIRMWARE_ID 0x4543313031303134!
02-22 16:54:22.563  1206  1206 I gsid    : no DSU: No such file or directory
02-22 16:54:22.673     0     0 E CAM_ERR : CAM-SENSOR: cam_sensor_update_id_info: 508 Sensor Addr: 0x0 sensor_id: 0x0 sensor_mask: 0x0
02-22 16:54:22.677     0     0 I binder  : 1205:1205 ioctl 40046210 7fcd4ecb80 returned -22
02-22 16:54:22.686     0     0 E CAM_ERR : CAM-SENSOR: cam_sensor_match_id: 735 sensor id register is 0x0
02-22 16:54:22.686     0     0 I CAM_INFO: CAM-SENSOR: cam_sensor_driver_cmd: 892 Probe Succees,slot:2,slave_addr:0x20,sensor_id:0x371
02-22 16:54:22.736     0     0 I SMBLIB  : op_set_prop_otg_switch: set otg_switch=1
02-22 16:54:22.746     0     0 E CAM_ERR : CAM-SENSOR: cam_sensor_update_id_info: 508 Sensor Addr: 0x1010100 sensor_id: 0x13 sensor_mask: 0x0
02-22 16:54:22.759     0     0 E CAM_ERR : CAM-SENSOR: cam_sensor_match_id: 732 sensor id 0x13 matched
02-22 16:54:22.759     0     0 I CAM_INFO: CAM-SENSOR: cam_sensor_driver_cmd: 892 Probe Succees,slot:1,slave_addr:0x20,sensor_id:0x376
02-22 16:54:22.767     0     0 I SMBLIB  : op_set_prop_otg_switch: retry time = 0,ctrl = 48
02-22 16:54:22.800     0     0 I binder  : 1231:1231 ioctl 40046210 7feb1bbc60 returned -22
02-22 16:54:22.803     0     0 I binder  : 1205:1227 ioctl 40046210 7332861164 returned -22
02-22 16:54:22.803     0     0 I subsys-restart: __subsystem_get(): Changing subsys fw_name to modem
02-22 16:54:22.806     0     0 I ipa-wan ipa3_ssr_notifier_cb: 2738 IPA received MPSS BEFORE_POWERUP
02-22 16:54:22.807     0     0 E ipa3_uc_state_check: 289 uC is not loaded
02-22 16:54:22.807     0     0 I ipa-wan ipa3_ssr_notifier_cb: 2752 IPA BEFORE_POWERUP handling is complete
02-22 16:54:22.809     0     0 I pil-q6v5-mss 4080000.qcom,mss: modem: loading from 0x000000008e000000 to 0x0000000095800000
02-22 16:54:22.820     0     0 W pil-q6v5-mss 4080000.qcom,mss: Debug policy not present - msadp. Continue.
02-22 16:54:22.820     0     0 I pil-q6v5-mss 4080000.qcom,mss: Loading MBA and DP (if present) from 0x0000000096600000 to 0x0000000096700000
02-22 16:54:22.821     0     0 I binder  : 1232:1232 ioctl 40046210 7fe1db02e0 returned -22
02-22 16:54:22.836  1205  1227 D BootAnimation: BootAnimationShownTiming start time: 9898ms
02-22 16:54:22.841     0     0 I binder  : 1235:1235 ioctl 40046210 ffda8670 returned -22
02-22 16:54:22.858     0     0 I binder  : 1255:1255 ioctl 40046210 7fc08ddbe4 returned -22
02-22 16:54:22.861     0     0 I         : read descriptors
02-22 16:54:22.861     0     0 I         : read strings
02-22 16:54:22.866     0     0 I binder  : 1247:1247 ioctl 40046210 7fd0f4c664 returned -22
02-22 16:54:22.880     0     0 E msm-dsi-panel: [dsi_panel_set_aod_mode:4433] AOD MODE = 0
02-22 16:54:22.881     0     0 E msm-dsi-panel: [dsi_panel_tx_cmd_set:758] [samsung sofef00_m cmd mode dsi panel] No commands to be sent for state(2)
02-22 16:54:22.897     0     0 I pil-q6v5-mss 4080000.qcom,mss: MBA boot done
02-22 16:54:22.910  1282  1282 F linker  : CANNOT LINK EXECUTABLE "/system/bin/netd": library "libnetd_resolv.so" not found: needed by main executable
02-22 16:54:22.916     0     0 I binder  : 1275:1275 ioctl 40046210 7fff3e15c0 returned -22
02-22 16:54:22.917     0     0 I binder  : 1276:1276 ioctl 40046210 7fee059980 returned -22
02-22 16:54:22.918  1277  1277 I installd: installd firing up
02-22 16:54:22.924     0     0 I binder  : 1277:1277 ioctl 40046210 7fcbeb7bc0 returned -22
02-22 16:54:22.945     0     0 I binder  : 1280:1280 ioctl 40046210 7fe71fbb80 returned -22
02-22 16:54:22.964     0     0 I binder  : 1283:1283 ioctl 40046210 7fdbffcd90 returned -22
02-22 16:54:22.965     0     0 I binder  : 1285:1285 ioctl 40046210 7ff6293350 returned -22
02-22 16:54:22.974  1283  1283 I storaged: Unable to get AIDL health service, trying HIDL...
02-22 16:54:22.974     0     0 I binder  : 1283:1283 ioctl 40046210 7fdbffcdd4 returned -22
02-22 16:54:22.998  1307  1307 I imsrcsd : Uce Service HAL  is starting up...
02-22 16:54:23.008  1307  1307 I imsrcsd : Uce Service HAL  loading imsrcsbaseimpl
02-22 16:54:23.019     0     0 I binder  : 1279:1279 ioctl 40046210 7fe3184e60 returned -22
02-22 16:54:23.030     0     0 I binder  : 1300:1300 ioctl 40046210 7fd5de3a14 returned -22
02-22 16:54:23.036     0     0 I binder  : 1292:1292 ioctl 40046210 ffa22e98 returned -22
02-22 16:54:23.036     0     0 I binder  : 1292:1292 ioctl 40046210 ffa23060 returned -22
02-22 16:54:23.043     0     0 I         : 'opened /dev/adsprpc-smd c 218 0'
02-22 16:54:23.050     0     0 I         : 'opened /dev/cdsprpc-smd c 218 3'
02-22 16:54:23.052     0     0 E CAM_ERR : CAM-EEPROM: cam_eeprom_read_memory: 192 OIS module 0x24
02-22 16:54:23.054     0     0 I bad ioctl: -1072934383
02-22 16:54:23.058     0     0 I binder  : 1341:1341 ioctl 40046210 ffb10dd0 returned -22
02-22 16:54:23.061     0     0 I bad ioctl: -1072934383
02-22 16:54:23.075     0     0 I binder  : 1295:1295 ioctl 40046210 7fe9e73f34 returned -22
02-22 16:54:23.085     0     0 I binder  : 1294:1294 ioctl 40046210 ffc6ac48 returned -22
02-22 16:54:23.085     0     0 I binder  : 1294:1294 ioctl 40046210 ffc6ae10 returned -22
02-22 16:54:23.101     0     0 I binder  : 1394:1394 ioctl 40046210 7fdaa30200 returned -22
02-22 16:54:23.102     0     0 I binder  : 1307:1307 ioctl 40046210 7fd7aafa34 returned -22
02-22 16:54:23.102  1307  1307 I imsrcsd : Starting Service for First Time imsbaseimpl
02-22 16:54:23.102     0     0 D vdc     : Waited 0ms for vold
02-22 16:54:23.106     0     0 I binder  : 1355:1355 ioctl 40046210 7ff25556c4 returned -22
02-22 16:54:23.109     0     0 I binder  : 1296:1296 ioctl 40046210 ffa71350 returned -22
02-22 16:54:23.109     0     0 I binder  : 1296:1296 ioctl 40046210 ffa71518 returned -22
02-22 16:54:23.108  1307  1307 I imsrcsd : Interface com.qualcomm.qti.uceservice@2.3::IUceService  com.qualcomm.qti.uceservice is found in manifest
02-22 16:54:23.109  1307  1307 I HidlServiceManagement: Registered com.qualcomm.qti.uceservice@2.3::IUceService/com.qualcomm.qti.uceservice
02-22 16:54:23.115  1307  1307 I imsrcsd : Interface com.qualcomm.qti.imscmservice@2.2::IImsCmService  qti.ims.connectionmanagerservice is found in manifest
02-22 16:54:23.117  1307  1307 I HidlServiceManagement: Registered com.qualcomm.qti.imscmservice@2.2::IImsCmService/qti.ims.connectionmanagerservice
02-22 16:54:23.122  1307  1307 I imsrcsd : Interface vendor.qti.ims.factory@1.1::IImsFactory  default is not found in manifest
02-22 16:54:23.122  1307  1307 I imsrcsd : Interface vendor.qti.ims.factory@1.0::IImsFactory  default is found in manifest
02-22 16:54:23.123  1307  1307 I HidlServiceManagement: Registered vendor.qti.ims.factory@1.0::IImsFactory/default
02-22 16:54:23.123  1307  1307 I imsrcsd : Interface vendor.qti.ims.callinfo@1.0::IService  default is found in manifest
02-22 16:54:23.124  1307  1307 I HidlServiceManagement: Registered vendor.qti.ims.callinfo@1.0::IService/default
02-22 16:54:23.125  1307  1307 I imsrcsd : ImsRcsBaseImpl ImsCallInfo After Registering Service
02-22 16:54:23.190     0     0 I binder  : 1416:1416 ioctl 40046210 7fdce1e720 returned -22
02-22 16:54:23.209     0     0 I binder  : 1426:1426 ioctl 40046210 7ff0145ea4 returned -22
02-22 16:54:23.230     0     0 I binder  : 1442:1442 ioctl 40046210 7fc3fd8854 returned -22
02-22 16:54:23.234     0     0 I binder  : 1432:1432 ioctl 40046210 7ff4c75940 returned -22
02-22 16:54:23.235     0     0 I binder  : 1432:1432 ioctl 40046210 7ff4c75984 returned -22
02-22 16:54:23.240     0     0 I binder  : 1449:1449 ioctl 40046210 7fc4e5a0f4 returned -22
02-22 16:54:23.250     0     0 I binder  : 1446:1446 ioctl 40046210 7fc5493234 returned -22
02-22 16:54:23.253     0     0 I gf_spi  : Found
02-22 16:54:23.253     0     0 I gf_spi  : Succeed to open device. irq = 373
02-22 16:54:23.253     0     0 I gf_spi  : Sensor has already powered-on.
02-22 16:54:23.253     0     0 I gf_spi  : gf_ioctl GF_IOC_RESET.
02-22 16:54:23.253     0     0 I binder  : 1447:1447 ioctl 40046210 7fecfd7c70 returned -22
02-22 16:54:23.259     0     0 I android_work: did not send uevent (0 0 0000000000000000)
02-22 16:54:23.261     0     0 I binder  : 1447:1447 ioctl 40046210 7fecfd81c4 returned -22
02-22 16:54:23.274     0     0 W QSEECOM : qseecom_load_app: App (gfp5288) does'nt exist, loading apps for first time
02-22 16:54:23.340     0     0 I capability: warning: `msm_irqbalance' uses 32-bit capabilities (legacy support in use)
02-22 16:54:23.395     0     0 W QSEECOM : qseecom_load_app: App with id 3 (gfp5288) now loaded
02-22 16:54:23.405     0     0 I binder  : 1435:1435 ioctl 40046210 7ff8f6f460 returned -22
02-22 16:54:23.405     0     0 I binder  : 1435:1435 ioctl 40046210 7ff8f6f274 returned -22
02-22 16:54:23.418     0     0 I binder  : 1349:1349 ioctl 40046210 7ff1819224 returned -22
02-22 16:54:23.492     0     0 W gf_spi  : IRQ has been enabled.
02-22 16:54:23.492     0     0 I gf_spi  : vendor_id : 0x0
02-22 16:54:23.492     0     0 I gf_spi  : mode : 0xe8
02-22 16:54:23.492     0     0 I gf_spi  : operation: 0x37
02-22 16:54:23.840     0     0 I binder  : 1478:1478 ioctl 40046210 7fc6dbbc54 returned -22
02-22 16:54:23.840     0     0 I binder  : 1463:1463 ioctl 40046210 7ff0548e04 returned -22
02-22 16:54:23.856     0     0 I binder  : 1463:1463 ioctl 40046210 7ff0548280 returned -22
02-22 16:54:23.859     0     0 I binder  : 1478:1478 ioctl 40046210 7fc6dbb0d0 returned -22
02-22 16:54:24.314     0     0 I pil-q6v5-mss 4080000.qcom,mss: modem: Brought out of reset
02-22 16:54:24.353     0     0 I FASTCHG : dashchg_fw_check: result=success
02-22 16:54:24.353     0     0 I FASTCHG : reset_mcu_and_request_irq:
02-22 16:54:24.366     0     0 I pil-q6v5-mss 4080000.qcom,mss: Subsystem error monitoring/handling services are up
02-22 16:54:24.368     0     0 I ipa-wan ipa3_ssr_notifier_cb: 2756 ipa3_ssr_notifier_cb:2756 IPA received MPSS AFTER_POWERUP
02-22 16:54:24.368     0     0 I ipa-wan ipa3_ssr_notifier_cb: 2761 IPA AFTER_POWERUP handling is complete
02-22 16:54:24.368     0     0 I apr_tal_link_state_cb: edge[mpss] link state[0]
02-22 16:54:24.369     0     0 E ipc_router_log_msg: Modem QMI Readiness RX cmd:0x2 ADDR:0x0
02-22 16:54:24.375     0     0 I service-notifier: root_service_service_arrive: Connection established between QMI handle and 180 service
02-22 16:54:24.376     0     0 I sysmon-qmi: sysmon_clnt_svc_arrive: Connection established between QMI handle and modem's SSCTL service
02-22 16:54:24.376     0     0 I rmt_storage: INFO:rmt_storage_open_cb: Processing: Open Request (req_h 0x1) for /boot/modem_fs1!
02-22 16:54:24.377     0     0 I rmt_storage: INFO:rmt_storage_open_cb: Processing: Open Request (req_h 0x2) for /boot/modem_fs2!
02-22 16:54:24.378     0     0 I rmt_storage: INFO:rmt_storage_open_cb: Processing: Open Request (req_h 0x3) for /boot/modem_fsg!
02-22 16:54:24.378     0     0 I rmt_storage: INFO:rmt_storage_open_cb: Processing: Open Request (req_h 0x4) for /boot/modem_fsc!
02-22 16:54:24.378     0     0 I FASTCHG : dashchg_fw_update: FW check success
02-22 16:54:24.380     0     0 E rmt_storage: INFO:oem_remote_storage_should_create_client: init a new client for path /oem/nvbk/static!
02-22 16:54:24.380     0     0 E rmt_storage: INFO:oem_remote_storage_should_create_client: init a new client for path /oem/nvbk/dynamic!
02-22 16:54:24.450     0     0 I binder  : 1463:1463 ioctl 40046210 7ff05482f0 returned -22
02-22 16:54:24.579     0     0 E IPC_RTR : msm_ipc_router_send_to: permission failure for time_daemon
02-22 16:54:24.579     0     0 E IPC_RTR : msm_ipc_router_sendmsg: Send_to failure -1
02-22 16:54:24.585     0     0 E diag    : In diag_send_feature_mask_update, control channel is not open, p: 0, 0000000000000000
02-22 16:54:24.585     0     0 E diag    : In diag_send_peripheral_buffering_mode, buffering flag not set for 0
02-22 16:54:24.585     0     0 E diag    : In diag_send_peripheral_buffering_mode, buffering flag not set for 0
02-22 16:54:24.653     0     0 I         : Sending QMI_IPA_INIT_MODEM_DRIVER_REQ_V01
02-22 16:54:24.653     0     0 E ipa-wan ipa3_handle_indication_req: 154 not send indication
02-22 16:54:24.658     0     0 E ipa3_uc_wdi_event_log_info_handler: 364 WDI stats ofst=0x47130
02-22 16:54:24.658     0     0 E ipa3_uc_ntn_event_log_info_handler: 39 NTN feature missing 0x9
02-22 16:54:24.661     0     0 I         : QMI_IPA_INIT_MODEM_DRIVER_REQ_V01 response received
02-22 16:54:24.694     0     0 E IPC_RTR : process_new_server_msg: Server 00001002 create rejected, version = 0
02-22 16:54:24.879     0     0 I SMBLIB  : switch_fast_chg: is_allowed = 1
02-22 16:54:24.879     0     0 E SMBLIB  : set_usb_switch: switch on fastchg
02-22 16:54:24.889     0     0 I FASTCHG : usb_sw_gpio_set: set usb_sw_gpio=1
02-22 16:54:24.889     0     0 I FASTCHG : usb_sw_gpio_set: get usb_sw_gpio=1&1
02-22 16:54:25.144     0     0 I pil-q6v5-mss 4080000.qcom,mss: modem: Power/Clock ready interrupt received
02-22 16:54:25.145     0     0 I binder  : 1310:1409 ioctl 40046210 797458e0a0 returned -22
02-22 16:54:25.313     0     0 I service-notifier: root_service_service_ind_cb: Indication received from msm/modem/wlan_pd, state: 0x1fffffff, trans-id: 1
02-22 16:54:25.313     0     0 I service-notifier: send_ind_ack: Indication ACKed for transid 1, service msm/modem/wlan_pd, instance 180!
02-22 16:54:25.315     0     0 I icnss   : QMI Server Connected: state: 0x981
02-22 16:54:25.384     0     0 E IPC_RTR : process_new_server_msg: Server 00001003 create rejected, version = 0
02-22 16:54:25.422     0     0 I binder  : 1478:1528 ioctl 40046210 71990d3500 returned -22
02-22 16:54:25.428     0     0 I binder  : 1684:1684 ioctl 40046210 ffa0e870 returned -22
02-22 16:54:25.428  1689  1689 I wificond: wificond is starting up...
02-22 16:54:25.429     0     0 I binder  : 1689:1689 ioctl 40046210 7fcc025630 returned -22
02-22 16:54:25.430     0     0 I binder  : 1684:1684 ioctl 40046210 ffa0e860 returned -22
02-22 16:54:25.430     0     0 I binder  : 1669:1669 ioctl 40046210 7fd4087954 returned -22
02-22 16:54:25.430     0     0 I binder  : 1669:1669 ioctl 40046210 7fd4087730 returned -22
02-22 16:54:25.430     0     0 I binder  : 1684:1684 ioctl 40046210 ffa0ea38 returned -22
02-22 16:54:25.430     0     0 I binder  : 1689:1689 ioctl 40046210 7fcc0257f4 returned -22
02-22 16:54:25.432  1689  1689 I HidlServiceManagement: Registered android.system.wifi.keystore@1.0::IKeystore/default
02-22 16:54:25.463     0     0 I binder  : 1685:1685 ioctl 40046210 fff7eb10 returned -22
02-22 16:54:25.465     0     0 I binder  : 1685:1685 ioctl 40046210 fff7ecd8 returned -22
02-22 16:54:25.467     0     0 I headset_imp_feature_get: get success!
02-22 16:54:25.493     0     0 I binder  : 1672:1672 ioctl 40046210 7fde7c52b4 returned -22
02-22 16:54:25.493     0     0 I binder  : 1672:1672 ioctl 40046210 7fde7c5090 returned -22
02-22 16:54:25.513     0     0 I headset_imp_feature_get: get success!
02-22 16:54:25.671     0     0 E ip_local_port_range: prefer different parity for start/end values.
02-22 16:54:25.848     0     0 E         : msm_qti_pp_get_rms_value_control, back not active to query rms be_idx:3
02-22 16:54:25.851     0     0 E         : msm_qti_pp_get_rms_value_control, back not active to query rms be_idx:3
02-22 16:54:25.859     0     0 I core_get_license_status: cmdrsp_license_result.result = 0x15 for module 0x131ff
02-22 16:54:25.860     0     0 E msm-ext-disp-audio-codec-rx soc: qcom,msm-ext-disp:qcom,msm-ext-disp-audio-codec-rx: msm_ext_disp_audio_type_get: codec_data, get_audio_edid_blk() or get_intf_id is NULL
02-22 16:54:25.861     0     0 E         : max98927_info_rivision_ctl
02-22 16:54:25.861     0     0 E         : max98927_info_rivision_ctl
02-22 16:54:25.861     0     0 E         : max98927_get_rivision_ctl
02-22 16:54:25.861     0     0 I max98927_spk_gain_get: spk_gain setting returned 0
02-22 16:54:25.861     0     0 I max98927_digital_gain_get: spk_gain setting returned 0
02-22 16:54:25.863     0     0 I core_get_license_status: cmdrsp_license_result.result = 0x15 for module 0x131ff
02-22 16:54:25.864     0     0 E msm-ext-disp-audio-codec-rx soc: qcom,msm-ext-disp:qcom,msm-ext-disp-audio-codec-rx: msm_ext_disp_audio_type_get: codec_data, get_audio_edid_blk() or get_intf_id is NULL
02-22 16:54:25.864     0     0 E         : max98927_info_rivision_ctl
02-22 16:54:25.864     0     0 E         : max98927_info_rivision_ctl
02-22 16:54:25.864     0     0 E         : max98927_get_rivision_ctl
02-22 16:54:25.864     0     0 I max98927_spk_gain_get: spk_gain setting returned 0
02-22 16:54:25.865     0     0 I max98927_digital_gain_get: spk_gain setting returned 0
02-22 16:54:25.869     0     0 I max98927_mono_out_get_l: value:128
02-22 16:54:25.869     0     0 I max98927_mono_out_get_r: value:0
02-22 16:54:25.870     0     0 I max98927_feedback_en_get_l: value:3
02-22 16:54:25.870     0     0 I max98927_feedback_en_get_r: value:0
02-22 16:54:25.871     0     0 I max98927_left_channel_enable_get: value:0
02-22 16:54:25.871     0     0 I max98927_right_channel_enable_get: value:0
02-22 16:54:25.873     0     0 I max98927_mono_out_get_l: value:128
02-22 16:54:25.873     0     0 I max98927_mono_out_get_r: value:0
02-22 16:54:25.874     0     0 I max98927_feedback_en_get_l: value:3
02-22 16:54:25.874     0     0 I max98927_feedback_en_get_r: value:0
02-22 16:54:25.874     0     0 I max98927_left_channel_enable_get: value:0
02-22 16:54:25.875     0     0 I max98927_right_channel_enable_get: value:0
02-22 16:54:25.881     0     0 I binder  : 1080:1080 ioctl 40046210 7fe6b9d444 returned -22
02-22 16:54:25.983     0     0 E IPC_RTR : msm_ipc_router_bind: Loc_hal_worker Do not have permissions
02-22 16:54:25.984     0     0 E IPC_RTR : msm_ipc_router_bind: Loc_hal_worker Do not have permissions
02-22 16:54:26.108     0     0 I binder  : 1310:1310 ioctl 40046210 7ffceed864 returned -22
02-22 16:54:26.115     0     0 E ipa3_assign_policy: 2909 get close-by 8192
02-22 16:54:26.115     0     0 E ipa3_assign_policy: 2915 set rx_buff_sz 7680
02-22 16:54:26.115     0     0 E ipa3_assign_policy: 2937 set aggr_limit 6
02-22 16:54:26.118     0     0 E ipa-wan ipa3_wwan_ioctl: 1722 dev(rmnet_data0) register to IPA
02-22 16:54:26.125     0     0 E ipa-wan ipa3_wwan_ioctl: 1722 dev(rmnet_data1) register to IPA
02-22 16:54:26.131     0     0 E ipa-wan ipa3_wwan_ioctl: 1722 dev(rmnet_data2) register to IPA
02-22 16:54:26.137     0     0 E ipa-wan ipa3_wwan_ioctl: 1722 dev(rmnet_data3) register to IPA
02-22 16:54:26.143     0     0 E ipa-wan ipa3_wwan_ioctl: 1722 dev(rmnet_data4) register to IPA
02-22 16:54:26.149     0     0 E ipa-wan ipa3_wwan_ioctl: 1722 dev(rmnet_data5) register to IPA
02-22 16:54:26.155     0     0 E ipa-wan ipa3_wwan_ioctl: 1722 dev(rmnet_data6) register to IPA
