02-22 16:55:07.973     0     0 I init    : Sending signal 9 to service 'wificond' (pid 2495) process group...
02-22 16:55:07.978     0     0 I libprocessgroup: Successfully killed process cgroup uid 1010 pid 2495 in 5ms
02-22 16:55:07.979     0     0 I init    : Service 'audioserver' (pid 2487) received signal 9
02-22 16:55:07.979     0     0 I init    : Sending signal 9 to service 'vendor.audio-hal' (pid 2490) process group...
02-22 16:55:08.465     0     0 I QCOM-BATT: pl_fcc_vote_callback: total_fcc_ua=1950000
02-22 16:55:08.465     0     0 I QCOM-BATT: pl_fv_vote_callback: fv_uv=4400000
02-22 16:55:08.823     0     0 E FG      : fg_psy_get_property: unsupported property 79
02-22 16:55:08.829     0     0 E FG      : fg_psy_get_property: unsupported property 79
02-22 16:55:08.832     0     0 W healthd : battery l=8 v=3840 t=26.7 h=2 st=2 c=-1438000 fc=3092 chg=a
02-22 16:55:08.837     0     0 E FG      : fg_psy_get_property: unsupported property 79
02-22 16:55:10.454     0     0 I binder  : 2559:2559 ioctl 40046210 ffa8d290 returned -22
02-22 16:55:10.454     0     0 I binder  : 2559:2559 ioctl 40046210 ffa8d280 returned -22
02-22 16:55:10.454     0     0 I binder  : 2559:2559 ioctl 40046210 ffa8d458 returned -22
02-22 16:55:10.475     0     0 I binder  : 2556:2556 ioctl 40046210 7fd49457d4 returned -22
02-22 16:55:10.475     0     0 I binder  : 2556:2556 ioctl 40046210 7fd49455b0 returned -22
02-22 16:55:10.485  2564  2564 I wificond: wificond is starting up...
02-22 16:55:10.485     0     0 I binder  : 2564:2564 ioctl 40046210 7ffd636850 returned -22
02-22 16:55:10.490     0     0 I headset_imp_feature_get: get success!
02-22 16:55:10.491     0     0 I binder  : 2564:2564 ioctl 40046210 7ffd636a14 returned -22
02-22 16:55:10.498  2564  2564 I HidlServiceManagement: Registered android.system.wifi.keystore@1.0::IKeystore/default
02-22 16:55:10.499     0     0 I binder  : 2557:2557 ioctl 40046210 7fe4edcf74 returned -22
02-22 16:55:10.499     0     0 I binder  : 2557:2557 ioctl 40046210 7fe4edcd50 returned -22
02-22 16:55:10.511     0     0 I binder  : 2558:2558 ioctl 40046210 ffced910 returned -22
02-22 16:55:10.512     0     0 I binder  : 2558:2558 ioctl 40046210 ffcedad8 returned -22
02-22 16:55:10.516     0     0 I headset_imp_feature_get: get success!
02-22 16:55:10.741     0     0 E         : msm_qti_pp_get_rms_value_control, back not active to query rms be_idx:3
02-22 16:55:10.754     0     0 I core_get_license_status: cmdrsp_license_result.result = 0x15 for module 0x131ff
02-22 16:55:10.755     0     0 E msm-ext-disp-audio-codec-rx soc: qcom,msm-ext-disp:qcom,msm-ext-disp-audio-codec-rx: msm_ext_disp_audio_type_get: codec_data, get_audio_edid_blk() or get_intf_id is NULL
02-22 16:55:10.755     0     0 E         : max98927_info_rivision_ctl
02-22 16:55:10.755     0     0 E         : max98927_info_rivision_ctl
02-22 16:55:10.755     0     0 E         : max98927_get_rivision_ctl
02-22 16:55:10.755     0     0 I max98927_spk_gain_get: spk_gain setting returned 0
02-22 16:55:10.755     0     0 I max98927_digital_gain_get: spk_gain setting returned 0
02-22 16:55:10.763     0     0 I max98927_mono_out_get_l: value:128
02-22 16:55:10.764     0     0 I max98927_mono_out_get_r: value:0
02-22 16:55:10.764     0     0 I max98927_feedback_en_get_l: value:3
02-22 16:55:10.764     0     0 I max98927_feedback_en_get_r: value:0
02-22 16:55:10.765     0     0 I max98927_left_channel_enable_get: value:0
02-22 16:55:10.765     0     0 I max98927_right_channel_enable_get: value:0
02-22 16:55:10.866     0     0 E         : msm_qti_pp_get_rms_value_control, back not active to query rms be_idx:3
02-22 16:55:10.874     0     0 I core_get_license_status: cmdrsp_license_result.result = 0x15 for module 0x131ff
02-22 16:55:10.875     0     0 E msm-ext-disp-audio-codec-rx soc: qcom,msm-ext-disp:qcom,msm-ext-disp-audio-codec-rx: msm_ext_disp_audio_type_get: codec_data, get_audio_edid_blk() or get_intf_id is NULL
02-22 16:55:10.875     0     0 E         : max98927_info_rivision_ctl
02-22 16:55:10.875     0     0 E         : max98927_info_rivision_ctl
02-22 16:55:10.875     0     0 E         : max98927_get_rivision_ctl
02-22 16:55:10.875     0     0 I max98927_spk_gain_get: spk_gain setting returned 0
02-22 16:55:10.875     0     0 I max98927_digital_gain_get: spk_gain setting returned 0
02-22 16:55:10.880     0     0 I max98927_mono_out_get_l: value:128
02-22 16:55:10.880     0     0 I max98927_mono_out_get_r: value:0
02-22 16:55:10.880     0     0 I max98927_feedback_en_get_l: value:3
02-22 16:55:10.880     0     0 I max98927_feedback_en_get_r: value:0
02-22 16:55:10.880     0     0 I max98927_left_channel_enable_get: value:0
02-22 16:55:10.881     0     0 I max98927_right_channel_enable_get: value:0
02-22 16:55:12.939  2620  2620 F linker  : CANNOT LINK EXECUTABLE "/system/bin/netd": library "libnetd_resolv.so" not found: needed by main executable
02-22 16:55:12.964     0     0 I binder  : 2621:2621 ioctl 40046210 7fe8d60950 returned -22
02-22 16:55:12.964     0     0 D vdc     : Waited 0ms for vold
02-22 16:55:12.968     0     0 I libprocessgroup: Successfully killed process cgroup uid 1047 pid 2557 in 5ms
02-22 16:55:12.968     0     0 I init    : Sending signal 9 to service 'media' (pid 2558) process group...
02-22 16:55:12.974     0     0 I libprocessgroup: Successfully killed process cgroup uid 1013 pid 2558 in 5ms
02-22 16:55:12.974     0     0 I init    : Command 'restart media.tuner' action=onrestart (<Service 'zygote' onrestart>:6) took 0ms and failed: service media.tuner not found
02-22 16:55:12.974     0     0 I init    : Sending signal 9 to service 'wificond' (pid 2564) process group...
02-22 16:55:12.979     0     0 I libprocessgroup: Successfully killed process cgroup uid 1010 pid 2564 in 5ms
02-22 16:55:12.980     0     0 I init    : Service 'audioserver' (pid 2556) received signal 9
02-22 16:55:12.980     0     0 I init    : Sending signal 9 to service 'vendor.audio-hal' (pid 2559) process group...
02-22 16:55:12.985     0     0 I libprocessgroup: Successfully killed process cgroup uid 1041 pid 2559 in 5ms
02-22 16:55:12.986     0     0 I init    : Command 'restart vendor.audio-hal-4-0-msd' action=onrestart (<Service 'audioserver' onrestart>:2) took 0ms and failed: service vendor.audio-hal-4-0-msd not found
02-22 16:55:15.472     0     0 I binder  : 2627:2627 ioctl 40046210 ffc3e580 returned -22
02-22 16:55:15.472     0     0 I binder  : 2627:2627 ioctl 40046210 ffc3e570 returned -22
02-22 16:55:15.472     0     0 I binder  : 2627:2627 ioctl 40046210 ffc3e748 returned -22
02-22 16:55:15.479     0     0 I binder  : 2624:2624 ioctl 40046210 7fd5b6cf84 returned -22
02-22 16:55:15.479     0     0 I binder  : 2624:2624 ioctl 40046210 7fd5b6cd60 returned -22
02-22 16:55:15.487  2628  2628 I wificond: wificond is starting up...
02-22 16:55:15.487     0     0 I binder  : 2628:2628 ioctl 40046210 7fc59e8a20 returned -22
02-22 16:55:15.490  2628  2628 I HidlServiceManagement: Registered android.system.wifi.keystore@1.0::IKeystore/default
02-22 16:55:15.489     0     0 I binder  : 2628:2628 ioctl 40046210 7fc59e8be4 returned -22
02-22 16:55:15.498     0     0 I headset_imp_feature_get: get success!
02-22 16:55:15.498     0     0 I binder  : 2625:2625 ioctl 40046210 7fceb545e4 returned -22
02-22 16:55:15.498     0     0 I binder  : 2625:2625 ioctl 40046210 7fceb543c0 returned -22
02-22 16:55:15.504     0     0 I binder  : 2626:2626 ioctl 40046210 ffc2c8d0 returned -22
02-22 16:55:15.505     0     0 I binder  : 2626:2626 ioctl 40046210 ffc2ca98 returned -22
02-22 16:55:15.506     0     0 I QCOM-BATT: pl_fcc_vote_callback: total_fcc_ua=1950000
02-22 16:55:15.506     0     0 I QCOM-BATT: pl_fv_vote_callback: fv_uv=4400000
02-22 16:55:15.523     0     0 I headset_imp_feature_get: get success!
02-22 16:55:15.748     0     0 E         : msm_qti_pp_get_rms_value_control, back not active to query rms be_idx:3
02-22 16:55:15.761     0     0 I core_get_license_status: cmdrsp_license_result.result = 0x15 for module 0x131ff
02-22 16:55:15.762     0     0 E msm-ext-disp-audio-codec-rx soc: qcom,msm-ext-disp:qcom,msm-ext-disp-audio-codec-rx: msm_ext_disp_audio_type_get: codec_data, get_audio_edid_blk() or get_intf_id is NULL
02-22 16:55:15.762     0     0 E         : max98927_info_rivision_ctl
02-22 16:55:15.762     0     0 E         : max98927_info_rivision_ctl
02-22 16:55:15.762     0     0 E         : max98927_get_rivision_ctl
02-22 16:55:15.763     0     0 I max98927_spk_gain_get: spk_gain setting returned 0
02-22 16:55:15.763     0     0 I max98927_digital_gain_get: spk_gain setting returned 0
02-22 16:55:15.771     0     0 I max98927_mono_out_get_l: value:128
02-22 16:55:15.771     0     0 I max98927_mono_out_get_r: value:0
02-22 16:55:15.771     0     0 I max98927_feedback_en_get_l: value:3
02-22 16:55:15.772     0     0 I max98927_feedback_en_get_r: value:0
02-22 16:55:15.772     0     0 I max98927_left_channel_enable_get: value:0
02-22 16:55:15.772     0     0 I max98927_right_channel_enable_get: value:0
02-22 16:55:15.863     0     0 E FG      : fg_psy_get_property: unsupported property 79
02-22 16:55:15.869     0     0 E FG      : fg_psy_get_property: unsupported property 79
02-22 16:55:15.872     0     0 W healthd : battery l=8 v=3841 t=26.7 h=2 st=2 c=-1379000 fc=3092 chg=a
02-22 16:55:15.872     0     0 E         : msm_qti_pp_get_rms_value_control, back not active to query rms be_idx:3
02-22 16:55:15.877     0     0 E FG      : fg_psy_get_property: unsupported property 79
02-22 16:55:15.881     0     0 I core_get_license_status: cmdrsp_license_result.result = 0x15 for module 0x131ff
02-22 16:55:15.882     0     0 E msm-ext-disp-audio-codec-rx soc: qcom,msm-ext-disp:qcom,msm-ext-disp-audio-codec-rx: msm_ext_disp_audio_type_get: codec_data, get_audio_edid_blk() or get_intf_id is NULL
02-22 16:55:15.882     0     0 E         : max98927_info_rivision_ctl
02-22 16:55:15.882     0     0 E         : max98927_info_rivision_ctl
02-22 16:55:15.882     0     0 E         : max98927_get_rivision_ctl
02-22 16:55:15.882     0     0 I max98927_spk_gain_get: spk_gain setting returned 0
02-22 16:55:15.883     0     0 I max98927_digital_gain_get: spk_gain setting returned 0
02-22 16:55:15.887     0     0 I max98927_mono_out_get_l: value:128
02-22 16:55:15.887     0     0 I max98927_mono_out_get_r: value:0
02-22 16:55:15.887     0     0 I max98927_feedback_en_get_l: value:3
02-22 16:55:15.888     0     0 I max98927_feedback_en_get_r: value:0
02-22 16:55:15.888     0     0 I max98927_left_channel_enable_get: value:0
02-22 16:55:15.888     0     0 I max98927_right_channel_enable_get: value:0
02-22 16:55:17.941  2686  2686 F linker  : CANNOT LINK EXECUTABLE "/system/bin/netd": library "libnetd_resolv.so" not found: needed by main executable
02-22 16:55:17.966     0     0 I binder  : 2687:2687 ioctl 40046210 7fea176410 returned -22
02-22 16:55:17.967     0     0 D vdc     : Waited 0ms for vold
02-22 16:55:17.981     0     0 I libprocessgroup: Successfully killed process cgroup uid 1013 pid 2626 in 5ms
02-22 16:55:17.982     0     0 I init    : Command 'restart media.tuner' action=onrestart (<Service 'zygote' onrestart>:6) took 0ms and failed: service media.tuner not found
02-22 16:55:17.982     0     0 I init    : Sending signal 9 to service 'wificond' (pid 2628) process group...
02-22 16:55:17.987     0     0 I libprocessgroup: Successfully killed process cgroup uid 1010 pid 2628 in 5ms
02-22 16:55:17.987     0     0 I init    : Service 'audioserver' (pid 2624) received signal 9
02-22 16:55:17.988     0     0 I init    : Sending signal 9 to service 'vendor.audio-hal' (pid 2627) process group...
02-22 16:55:17.993     0     0 I libprocessgroup: Successfully killed process cgroup uid 1041 pid 2627 in 5ms
02-22 16:55:17.993     0     0 I init    : Command 'restart vendor.audio-hal-4-0-msd' action=onrestart (<Service 'audioserver' onrestart>:2) took 0ms and failed: service vendor.audio-hal-4-0-msd not found
02-22 16:55:17.993     0     0 I init    : Command 'restart audio_proxy_service' action=onrestart (<Service 'audioserver' onrestart>:3) took 0ms and failed: service audio_proxy_service not found
02-22 16:55:17.993     0     0 I init    : Command 'restart vendor.audio-hal-2-0' action=onrestart (<Service 'audioserver' onrestart>:4) took 0ms and failed: service vendor.audio-hal-2-0 not found
02-22 16:55:20.466     0     0 I binder  : 2693:2693 ioctl 40046210 ffe785b0 returned -22
02-22 16:55:20.467     0     0 I binder  : 2693:2693 ioctl 40046210 ffe785a0 returned -22
02-22 16:55:20.467     0     0 I binder  : 2693:2693 ioctl 40046210 ffe78778 returned -22
02-22 16:55:20.485     0     0 I binder  : 2690:2690 ioctl 40046210 7fca84b9d4 returned -22
02-22 16:55:20.485     0     0 I binder  : 2690:2690 ioctl 40046210 7fca84b7b0 returned -22
02-22 16:55:20.494  2698  2698 I wificond: wificond is starting up...
02-22 16:55:20.490     0     0 I headset_imp_feature_get: get success!
02-22 16:55:20.495     0     0 I binder  : 2698:2698 ioctl 40046210 7fd71356d0 returned -22
02-22 16:55:20.496     0     0 I binder  : 2698:2698 ioctl 40046210 7fd7135894 returned -22
02-22 16:55:20.498  2698  2698 I HidlServiceManagement: Registered android.system.wifi.keystore@1.0::IKeystore/default
02-22 16:55:20.505     0     0 I binder  : 2691:2691 ioctl 40046210 7ff7e80a14 returned -22
02-22 16:55:20.505     0     0 I binder  : 2691:2691 ioctl 40046210 7ff7e807f0 returned -22
02-22 16:55:20.507     0     0 I binder  : 2692:2692 ioctl 40046210 ffe7cb70 returned -22
02-22 16:55:20.508     0     0 I binder  : 2692:2692 ioctl 40046210 ffe7cd38 returned -22
02-22 16:55:20.533     0     0 I headset_imp_feature_get: get success!
02-22 16:55:20.737     0     0 E         : msm_qti_pp_get_rms_value_control, back not active to query rms be_idx:3
02-22 16:55:20.748     0     0 I core_get_license_status: cmdrsp_license_result.result = 0x15 for module 0x131ff
02-22 16:55:20.749     0     0 E msm-ext-disp-audio-codec-rx soc: qcom,msm-ext-disp:qcom,msm-ext-disp-audio-codec-rx: msm_ext_disp_audio_type_get: codec_data, get_audio_edid_blk() or get_intf_id is NULL
02-22 16:55:20.749     0     0 E         : max98927_info_rivision_ctl
02-22 16:55:20.749     0     0 E         : max98927_info_rivision_ctl
02-22 16:55:20.749     0     0 E         : max98927_get_rivision_ctl
02-22 16:55:20.749     0     0 I max98927_spk_gain_get: spk_gain setting returned 0
02-22 16:55:20.749     0     0 I max98927_digital_gain_get: spk_gain setting returned 0
02-22 16:55:20.756     0     0 E BQ      : bq27541_battery_soc: bq27541_battery_soc = 9
02-22 16:55:20.756     0     0 I max98927_mono_out_get_l: value:128
02-22 16:55:20.757     0     0 I max98927_mono_out_get_r: value:0
02-22 16:55:20.757     0     0 I max98927_feedback_en_get_l: value:3
02-22 16:55:20.757     0     0 I max98927_feedback_en_get_r: value:0
02-22 16:55:20.758     0     0 I max98927_left_channel_enable_get: value:0
02-22 16:55:20.758     0     0 I max98927_right_channel_enable_get: value:0
02-22 16:55:20.759     0     0 I BQ      : fg_soc_calibrate: soc:9, soc_calib:9, VOLT:3842, current:-1376
02-22 16:55:20.762     0     0 I QCOM-BATT: pl_fcc_vote_callback: total_fcc_ua=1950000
02-22 16:55:20.762     0     0 I QCOM-BATT: pl_fv_vote_callback: fv_uv=4400000
02-22 16:55:20.764     0     0 E FG      : fg_psy_get_property: unsupported property 79
02-22 16:55:20.775     0     0 W healthd : battery l=9 v=3842 t=26.7 h=2 st=2 c=-1376000 fc=3092 chg=a
02-22 16:55:20.781     0     0 E FG      : fg_psy_get_property: unsupported property 79
02-22 16:55:20.875     0     0 E         : msm_qti_pp_get_rms_value_control, back not active to query rms be_idx:3
02-22 16:55:20.882     0     0 I core_get_license_status: cmdrsp_license_result.result = 0x15 for module 0x131ff
02-22 16:55:20.882     0     0 E msm-ext-disp-audio-codec-rx soc: qcom,msm-ext-disp:qcom,msm-ext-disp-audio-codec-rx: msm_ext_disp_audio_type_get: codec_data, get_audio_edid_blk() or get_intf_id is NULL
02-22 16:55:20.882     0     0 E         : max98927_info_rivision_ctl
02-22 16:55:20.882     0     0 E         : max98927_info_rivision_ctl
02-22 16:55:20.882     0     0 E         : max98927_get_rivision_ctl
02-22 16:55:20.883     0     0 I max98927_spk_gain_get: spk_gain setting returned 0
02-22 16:55:20.883     0     0 I max98927_digital_gain_get: spk_gain setting returned 0
02-22 16:55:20.887     0     0 I max98927_mono_out_get_l: value:128
02-22 16:55:20.887     0     0 I max98927_mono_out_get_r: value:0
02-22 16:55:20.887     0     0 I max98927_feedback_en_get_l: value:3
02-22 16:55:20.888     0     0 I max98927_feedback_en_get_r: value:0
02-22 16:55:20.888     0     0 I max98927_left_channel_enable_get: value:0
02-22 16:55:20.888     0     0 I max98927_right_channel_enable_get: value:0
02-22 16:55:21.013     0     0 E FG      : fg_psy_get_property: unsupported property 79
02-22 16:55:21.018     0     0 E FG      : fg_psy_get_property: unsupported property 79
02-22 16:55:21.022     0     0 W healthd : battery l=9 v=3842 t=26.7 h=2 st=2 c=-1376000 fc=3092 chg=a
02-22 16:55:21.027     0     0 E FG      : fg_psy_get_property: unsupported property 79
02-22 16:55:22.545     0     0 I QCOM-BATT: pl_fcc_vote_callback: total_fcc_ua=1950000
02-22 16:55:22.545     0     0 I QCOM-BATT: pl_fv_vote_callback: fv_uv=4400000
02-22 16:55:22.783     0     0 E FG      : fg_psy_get_property: unsupported property 79
02-22 16:55:22.788     0     0 E FG      : fg_psy_get_property: unsupported property 79
02-22 16:55:22.792     0     0 W healthd : battery l=9 v=3841 t=26.7 h=2 st=2 c=-1471000 fc=3092 chg=a
02-22 16:55:22.797     0     0 E FG      : fg_psy_get_property: unsupported property 79
02-22 16:55:22.949  2752  2752 F linker  : CANNOT LINK EXECUTABLE "/system/bin/netd": library "libnetd_resolv.so" not found: needed by main executable
02-22 16:55:22.974     0     0 I binder  : 2753:2753 ioctl 40046210 7fff043880 returned -22
02-22 16:55:22.974     0     0 D vdc     : Waited 0ms for vold
02-22 16:55:22.989     0     0 I libprocessgroup: Successfully killed process cgroup uid 1010 pid 2698 in 5ms
02-22 16:55:22.989     0     0 I init    : Service 'audioserver' (pid 2690) received signal 9
02-22 16:55:22.989     0     0 I init    : Sending signal 9 to service 'vendor.audio-hal' (pid 2693) process group...
02-22 16:55:22.995     0     0 I libprocessgroup: Successfully killed process cgroup uid 1041 pid 2693 in 5ms
02-22 16:55:22.995     0     0 I init    : Command 'restart vendor.audio-hal-4-0-msd' action=onrestart (<Service 'audioserver' onrestart>:2) took 0ms and failed: service vendor.audio-hal-4-0-msd not found
02-22 16:55:22.995     0     0 I init    : Command 'restart audio_proxy_service' action=onrestart (<Service 'audioserver' onrestart>:3) took 0ms and failed: service audio_proxy_service not found
02-22 16:55:22.995     0     0 I init    : Command 'restart vendor.audio-hal-2-0' action=onrestart (<Service 'audioserver' onrestart>:4) took 0ms and failed: service vendor.audio-hal-2-0 not found
02-22 16:55:22.995     0     0 I init    : Command 'restart audio-hal-2-0' action=onrestart (<Service 'audioserver' onrestart>:5) took 0ms and failed: service audio-hal-2-0 not found
02-22 16:55:22.995     0     0 I init    : Service 'cameraserver' (pid 2691) received signal 9
02-22 16:55:22.996     0     0 I init    : Service 'media' (pid 2692) received signal 9
02-22 16:55:25.475     0     0 I binder  : 2759:2759 ioctl 40046210 ff96eee0 returned -22
02-22 16:55:25.475     0     0 I binder  : 2759:2759 ioctl 40046210 ff96eed0 returned -22
02-22 16:55:25.475     0     0 I binder  : 2759:2759 ioctl 40046210 ff96f0a8 returned -22
02-22 16:55:25.497     0     0 I binder  : 2756:2756 ioctl 40046210 7ffe69fb94 returned -22
02-22 16:55:25.497     0     0 I binder  : 2756:2756 ioctl 40046210 7ffe69f970 returned -22
02-22 16:55:25.503  2764  2764 I wificond: wificond is starting up...
02-22 16:55:25.502     0     0 I headset_imp_feature_get: get success!
02-22 16:55:25.503     0     0 I binder  : 2764:2764 ioctl 40046210 7fc477da00 returned -22
02-22 16:55:25.505     0     0 I binder  : 2764:2764 ioctl 40046210 7fc477dbc4 returned -22
02-22 16:55:25.508  2764  2764 I HidlServiceManagement: Registered android.system.wifi.keystore@1.0::IKeystore/default
02-22 16:55:25.508     0     0 I binder  : 2757:2757 ioctl 40046210 7fd4e6dd24 returned -22
02-22 16:55:25.508     0     0 I binder  : 2757:2757 ioctl 40046210 7fd4e6db00 returned -22
02-22 16:55:25.519     0     0 I binder  : 2758:2758 ioctl 40046210 ffc25920 returned -22
02-22 16:55:25.520     0     0 I binder  : 2758:2758 ioctl 40046210 ffc25ae8 returned -22
02-22 16:55:25.536     0     0 I headset_imp_feature_get: get success!
02-22 16:55:25.752     0     0 E         : msm_qti_pp_get_rms_value_control, back not active to query rms be_idx:3
02-22 16:55:25.764     0     0 I core_get_license_status: cmdrsp_license_result.result = 0x15 for module 0x131ff
02-22 16:55:25.765     0     0 E msm-ext-disp-audio-codec-rx soc: qcom,msm-ext-disp:qcom,msm-ext-disp-audio-codec-rx: msm_ext_disp_audio_type_get: codec_data, get_audio_edid_blk() or get_intf_id is NULL
02-22 16:55:25.765     0     0 E         : max98927_info_rivision_ctl
02-22 16:55:25.765     0     0 E         : max98927_info_rivision_ctl
02-22 16:55:25.766     0     0 E         : max98927_get_rivision_ctl
02-22 16:55:25.766     0     0 I max98927_spk_gain_get: spk_gain setting returned 0
02-22 16:55:25.766     0     0 I max98927_digital_gain_get: spk_gain setting returned 0
02-22 16:55:25.774     0     0 I max98927_mono_out_get_l: value:128
02-22 16:55:25.774     0     0 I max98927_mono_out_get_r: value:0
02-22 16:55:25.775     0     0 I max98927_feedback_en_get_l: value:3
02-22 16:55:25.775     0     0 I max98927_feedback_en_get_r: value:0
02-22 16:55:25.776     0     0 I max98927_left_channel_enable_get: value:0
02-22 16:55:25.776     0     0 I max98927_right_channel_enable_get: value:0
02-22 16:55:25.875     0     0 E         : msm_qti_pp_get_rms_value_control, back not active to query rms be_idx:3
02-22 16:55:25.887     0     0 I core_get_license_status: cmdrsp_license_result.result = 0x15 for module 0x131ff
02-22 16:55:25.888     0     0 E msm-ext-disp-audio-codec-rx soc: qcom,msm-ext-disp:qcom,msm-ext-disp-audio-codec-rx: msm_ext_disp_audio_type_get: codec_data, get_audio_edid_blk() or get_intf_id is NULL
02-22 16:55:25.889     0     0 E         : max98927_info_rivision_ctl
02-22 16:55:25.889     0     0 E         : max98927_info_rivision_ctl
02-22 16:55:25.889     0     0 E         : max98927_get_rivision_ctl
02-22 16:55:25.889     0     0 I max98927_spk_gain_get: spk_gain setting returned 0
02-22 16:55:25.889     0     0 I max98927_digital_gain_get: spk_gain setting returned 0
02-22 16:55:25.895     0     0 I max98927_mono_out_get_l: value:128
02-22 16:55:25.895     0     0 I max98927_mono_out_get_r: value:0
02-22 16:55:25.895     0     0 I max98927_feedback_en_get_l: value:3
02-22 16:55:25.896     0     0 I max98927_feedback_en_get_r: value:0
02-22 16:55:25.896     0     0 I max98927_left_channel_enable_get: value:0
02-22 16:55:25.896     0     0 I max98927_right_channel_enable_get: value:0
02-22 16:55:27.950  2819  2819 F linker  : CANNOT LINK EXECUTABLE "/system/bin/netd": library "libnetd_resolv.so" not found: needed by main executable
02-22 16:55:27.982     0     0 I binder  : 2820:2820 ioctl 40046210 7feadc2f60 returned -22
02-22 16:55:27.983     0     0 D vdc     : Waited 0ms for vold
02-22 16:55:27.998     0     0 I init    : Service 'wificond' (pid 2764) received signal 9
02-22 16:55:27.999     0     0 I init    : Service 'zygote_secondary' (pid 2818) received signal 9
02-22 16:55:27.999     0     0 I init    : Service 'exec 52 (/system/bin/vdc volume abort_fuse)' (pid 2820) exited with status 0 oneshot service took 0.032000 seconds in background
02-22 16:55:27.999     0     0 I init    : Sending signal 9 to service 'exec 52 (/system/bin/vdc volume abort_fuse)' (pid 2820) process group...
02-22 16:55:27.999     0     0 I libprocessgroup: Successfully killed process cgroup uid 1000 pid 2820 in 0ms
02-22 16:55:28.000     0     0 I init    : processing action (sys.init.updatable_crashing=1) from (/system/etc/init/flags_health_check.rc:10)
02-22 16:55:28.000     0     0 I init    : starting service 'exec 53 (/system/bin/flags_health_check UPDATABLE_CRASHING)'...
02-22 16:55:28.003     0     0 I init    : SVC_EXEC service 'exec 53 (/system/bin/flags_health_check UPDATABLE_CRASHING)' pid 2822 (uid 1000 gid 1000+0 context default) started; waiting...
02-22 16:55:28.012     0     0 I init    : Service 'exec 53 (/system/bin/flags_health_check UPDATABLE_CRASHING)' (pid 2822) exited with status 0 waiting took 0.009000 seconds
02-22 16:55:28.012     0     0 I init    : Sending signal 9 to service 'exec 53 (/system/bin/flags_health_check UPDATABLE_CRASHING)' (pid 2822) process group...
02-22 16:55:29.585     0     0 I QCOM-BATT: pl_fcc_vote_callback: total_fcc_ua=1950000
02-22 16:55:29.585     0     0 I QCOM-BATT: pl_fv_vote_callback: fv_uv=4400000
02-22 16:55:29.943     0     0 E FG      : fg_psy_get_property: unsupported property 79
02-22 16:55:29.949     0     0 E FG      : fg_psy_get_property: unsupported property 79
02-22 16:55:29.952     0     0 W healthd : battery l=9 v=3842 t=26.8 h=2 st=2 c=-1476000 fc=3092 chg=a
02-22 16:55:29.957     0     0 E FG      : fg_psy_get_property: unsupported property 79
02-22 16:55:30.474     0     0 I binder  : 2826:2826 ioctl 40046210 ffd95900 returned -22
02-22 16:55:30.474     0     0 I binder  : 2826:2826 ioctl 40046210 ffd958f0 returned -22
02-22 16:55:30.474     0     0 I binder  : 2826:2826 ioctl 40046210 ffd95ac8 returned -22
02-22 16:55:30.494     0     0 I binder  : 2823:2823 ioctl 40046210 7fee6832a4 returned -22
02-22 16:55:30.494     0     0 I binder  : 2823:2823 ioctl 40046210 7fee683080 returned -22
02-22 16:55:30.502     0     0 I binder  : 2831:2831 ioctl 40046210 7fec0a2b20 returned -22
02-22 16:55:30.502  2831  2831 I wificond: wificond is starting up...
02-22 16:55:30.504     0     0 I binder  : 2831:2831 ioctl 40046210 7fec0a2ce4 returned -22
02-22 16:55:30.504     0     0 I headset_imp_feature_get: get success!
02-22 16:55:30.505  2831  2831 I HidlServiceManagement: Registered android.system.wifi.keystore@1.0::IKeystore/default
02-22 16:55:30.516     0     0 I binder  : 2824:2824 ioctl 40046210 7fe9464e84 returned -22
02-22 16:55:30.516     0     0 I binder  : 2824:2824 ioctl 40046210 7fe9464c60 returned -22
02-22 16:55:30.532     0     0 I binder  : 2825:2825 ioctl 40046210 ffa94b70 returned -22
02-22 16:55:30.533     0     0 I binder  : 2825:2825 ioctl 40046210 ffa94d38 returned -22
02-22 16:55:30.535     0     0 I headset_imp_feature_get: get success!
02-22 16:55:30.754     0     0 E         : msm_qti_pp_get_rms_value_control, back not active to query rms be_idx:3
02-22 16:55:30.765     0     0 I core_get_license_status: cmdrsp_license_result.result = 0x15 for module 0x131ff
02-22 16:55:30.766     0     0 E msm-ext-disp-audio-codec-rx soc: qcom,msm-ext-disp:qcom,msm-ext-disp-audio-codec-rx: msm_ext_disp_audio_type_get: codec_data, get_audio_edid_blk() or get_intf_id is NULL
02-22 16:55:30.766     0     0 E         : max98927_info_rivision_ctl
02-22 16:55:30.766     0     0 E         : max98927_info_rivision_ctl
02-22 16:55:30.766     0     0 E         : max98927_get_rivision_ctl
02-22 16:55:30.766     0     0 I max98927_spk_gain_get: spk_gain setting returned 0
02-22 16:55:30.767     0     0 I max98927_digital_gain_get: spk_gain setting returned 0
02-22 16:55:30.775     0     0 I max98927_mono_out_get_l: value:128
02-22 16:55:30.775     0     0 I max98927_mono_out_get_r: value:0
02-22 16:55:30.775     0     0 I max98927_feedback_en_get_l: value:3
02-22 16:55:30.777     0     0 I max98927_feedback_en_get_r: value:0
02-22 16:55:30.777     0     0 I max98927_left_channel_enable_get: value:0
02-22 16:55:30.777     0     0 I max98927_right_channel_enable_get: value:0
02-22 16:55:30.886     0     0 E         : msm_qti_pp_get_rms_value_control, back not active to query rms be_idx:3
02-22 16:55:30.894     0     0 I core_get_license_status: cmdrsp_license_result.result = 0x15 for module 0x131ff
02-22 16:55:30.894     0     0 E msm-ext-disp-audio-codec-rx soc: qcom,msm-ext-disp:qcom,msm-ext-disp-audio-codec-rx: msm_ext_disp_audio_type_get: codec_data, get_audio_edid_blk() or get_intf_id is NULL
02-22 16:55:30.895     0     0 E         : max98927_info_rivision_ctl
02-22 16:55:30.895     0     0 E         : max98927_info_rivision_ctl
02-22 16:55:30.895     0     0 E         : max98927_get_rivision_ctl
02-22 16:55:30.895     0     0 I max98927_spk_gain_get: spk_gain setting returned 0
02-22 16:55:30.895     0     0 I max98927_digital_gain_get: spk_gain setting returned 0
02-22 16:55:30.899     0     0 I max98927_mono_out_get_l: value:128
02-22 16:55:30.899     0     0 I max98927_mono_out_get_r: value:0
02-22 16:55:30.900     0     0 I max98927_feedback_en_get_l: value:3
02-22 16:55:30.900     0     0 I max98927_feedback_en_get_r: value:0
02-22 16:55:30.900     0     0 I max98927_left_channel_enable_get: value:0
02-22 16:55:30.900     0     0 I max98927_right_channel_enable_get: value:0
02-22 16:55:32.957  2887  2887 F linker  : CANNOT LINK EXECUTABLE "/system/bin/netd": library "libnetd_resolv.so" not found: needed by main executable
02-22 16:55:32.980     0     0 I binder  : 2888:2888 ioctl 40046210 7fc4f19600 returned -22
02-22 16:55:32.982     0     0 D vdc     : Waited 0ms for vold
02-22 16:55:33.008     0     0 I init    : SVC_EXEC service 'exec 55 (/system/bin/flags_health_check UPDATABLE_CRASHING)' pid 2890 (uid 1000 gid 1000+0 context default) started; waiting...
02-22 16:55:33.017     0     0 I init    : Service 'exec 55 (/system/bin/flags_health_check UPDATABLE_CRASHING)' (pid 2890) exited with status 0 waiting took 0.009000 seconds
02-22 16:55:33.017     0     0 I init    : Sending signal 9 to service 'exec 55 (/system/bin/flags_health_check UPDATABLE_CRASHING)' (pid 2890) process group...
02-22 16:55:33.017     0     0 I libprocessgroup: Successfully killed process cgroup uid 1000 pid 2890 in 0ms
02-22 16:55:33.018     0     0 I init    : processing action (init.svc.media=*) from (/system/etc/init/mediaserver.rc:1)
02-22 16:55:33.018     0     0 I init    : processing action (init.svc.media=*) from (/system/etc/init/mediaserver.rc:1)
02-22 16:55:35.457     0     0 I init    : starting service 'audioserver'...
02-22 16:55:35.461     0     0 I init    : starting service 'cameraserver'...
02-22 16:55:35.463     0     0 I init    : starting service 'media'...
02-22 16:55:35.467     0     0 I init    : processing action (init.svc.audioserver=running) from (/system/etc/init/audioserver.rc:38)
02-22 16:55:35.481     0     0 I binder  : 2894:2894 ioctl 40046210 ffb0d700 returned -22
02-22 16:55:35.481     0     0 I binder  : 2894:2894 ioctl 40046210 ffb0d6f0 returned -22
02-22 16:55:35.482     0     0 I binder  : 2894:2894 ioctl 40046210 ffb0d8c8 returned -22
02-22 16:55:35.496  2899  2899 I wificond: wificond is starting up...
02-22 16:55:35.496     0     0 I binder  : 2899:2899 ioctl 40046210 7fc8762ba0 returned -22
02-22 16:55:35.499     0     0 I binder  : 2899:2899 ioctl 40046210 7fc8762d64 returned -22
02-22 16:55:35.500  2899  2899 I HidlServiceManagement: Registered android.system.wifi.keystore@1.0::IKeystore/default
02-22 16:55:35.501     0     0 I binder  : 2891:2891 ioctl 40046210 7fc1e7ed74 returned -22
02-22 16:55:35.501     0     0 I binder  : 2891:2891 ioctl 40046210 7fc1e7eb50 returned -22
02-22 16:55:35.517     0     0 I headset_imp_feature_get: get success!
02-22 16:55:35.519     0     0 I binder  : 2892:2892 ioctl 40046210 7fe84ec034 returned -22
02-22 16:55:35.519     0     0 I binder  : 2892:2892 ioctl 40046210 7fe84ebe10 returned -22
02-22 16:55:35.534     0     0 I binder  : 2893:2893 ioctl 40046210 fffcc7e0 returned -22
02-22 16:55:35.536     0     0 I binder  : 2893:2893 ioctl 40046210 fffcc9a8 returned -22
02-22 16:55:35.544     0     0 I headset_imp_feature_get: get success!
02-22 16:55:35.767     0     0 E         : msm_qti_pp_get_rms_value_control, back not active to query rms be_idx:3
02-22 16:55:35.780     0     0 I core_get_license_status: cmdrsp_license_result.result = 0x15 for module 0x131ff
02-22 16:55:35.781     0     0 E msm-ext-disp-audio-codec-rx soc: qcom,msm-ext-disp:qcom,msm-ext-disp-audio-codec-rx: msm_ext_disp_audio_type_get: codec_data, get_audio_edid_blk() or get_intf_id is NULL
02-22 16:55:35.782     0     0 E         : max98927_info_rivision_ctl
02-22 16:55:35.782     0     0 E         : max98927_info_rivision_ctl
02-22 16:55:35.782     0     0 E         : max98927_get_rivision_ctl
02-22 16:55:35.782     0     0 I max98927_spk_gain_get: spk_gain setting returned 0
02-22 16:55:35.782     0     0 I max98927_digital_gain_get: spk_gain setting returned 0
02-22 16:55:35.790     0     0 I max98927_mono_out_get_l: value:128
02-22 16:55:35.791     0     0 I max98927_mono_out_get_r: value:0
02-22 16:55:35.791     0     0 I max98927_feedback_en_get_l: value:3
02-22 16:55:35.792     0     0 I max98927_feedback_en_get_r: value:0
02-22 16:55:35.792     0     0 I max98927_left_channel_enable_get: value:0
02-22 16:55:35.792     0     0 I max98927_right_channel_enable_get: value:0
02-22 16:55:35.890     0     0 E         : msm_qti_pp_get_rms_value_control, back not active to query rms be_idx:3
02-22 16:55:35.902     0     0 I core_get_license_status: cmdrsp_license_result.result = 0x15 for module 0x131ff
02-22 16:55:35.902     0     0 E msm-ext-disp-audio-codec-rx soc: qcom,msm-ext-disp:qcom,msm-ext-disp-audio-codec-rx: msm_ext_disp_audio_type_get: codec_data, get_audio_edid_blk() or get_intf_id is NULL
02-22 16:55:35.902     0     0 E         : max98927_info_rivision_ctl
02-22 16:55:35.902     0     0 E         : max98927_info_rivision_ctl
02-22 16:55:35.903     0     0 E         : max98927_get_rivision_ctl
02-22 16:55:35.903     0     0 I max98927_spk_gain_get: spk_gain setting returned 0
02-22 16:55:35.903     0     0 I max98927_digital_gain_get: spk_gain setting returned 0
02-22 16:55:35.907     0     0 I max98927_mono_out_get_l: value:128
02-22 16:55:35.907     0     0 I max98927_mono_out_get_r: value:0
02-22 16:55:35.908     0     0 I max98927_feedback_en_get_l: value:3
02-22 16:55:35.908     0     0 I max98927_feedback_en_get_r: value:0
02-22 16:55:35.908     0     0 I max98927_left_channel_enable_get: value:0
02-22 16:55:35.908     0     0 I max98927_right_channel_enable_get: value:0
02-22 16:55:35.985     0     0 I QCOM-BATT: pl_fcc_vote_callback: total_fcc_ua=1950000
02-22 16:55:35.985     0     0 I QCOM-BATT: pl_fv_vote_callback: fv_uv=4400000
02-22 16:55:36.343     0     0 E FG      : fg_psy_get_property: unsupported property 79
02-22 16:55:36.349     0     0 E FG      : fg_psy_get_property: unsupported property 79
02-22 16:55:36.352     0     0 W healthd : battery l=9 v=3843 t=26.8 h=2 st=2 c=-1372000 fc=3092 chg=a
02-22 16:55:36.357     0     0 E FG      : fg_psy_get_property: unsupported property 79
02-22 16:55:37.959  2953  2953 F linker  : CANNOT LINK EXECUTABLE "/system/bin/netd": library "libnetd_resolv.so" not found: needed by main executable
02-22 16:55:37.983     0     0 I binder  : 2954:2954 ioctl 40046210 7ffd9f44c0 returned -22
02-22 16:55:37.984     0     0 D vdc     : Waited 0ms for vold
02-22 16:55:38.020     0     0 I init    : Service 'exec 57 (/system/bin/flags_health_check UPDATABLE_CRASHING)' (pid 2956) exited with status 0 waiting took 0.009000 seconds
02-22 16:55:38.020     0     0 I init    : Sending signal 9 to service 'exec 57 (/system/bin/flags_health_check UPDATABLE_CRASHING)' (pid 2956) process group...
02-22 16:55:38.020     0     0 I libprocessgroup: Successfully killed process cgroup uid 1000 pid 2956 in 0ms
02-22 16:55:38.021     0     0 I init    : processing action (init.svc.media=*) from (/system/etc/init/mediaserver.rc:1)
02-22 16:55:38.021     0     0 I init    : processing action (init.svc.media=*) from (/system/etc/init/mediaserver.rc:1)
02-22 16:55:40.181     0     0 I QCOM-BATT: pl_fcc_vote_callback: total_fcc_ua=1950000
02-22 16:55:40.181     0     0 I QCOM-BATT: pl_fv_vote_callback: fv_uv=4400000
02-22 16:55:40.423     0     0 E FG      : fg_psy_get_property: unsupported property 79
02-22 16:55:40.428     0     0 E FG      : fg_psy_get_property: unsupported property 79
02-22 16:55:40.432     0     0 W healthd : battery l=9 v=3844 t=26.8 h=2 st=2 c=-1477000 fc=3092 chg=a
02-22 16:55:40.437     0     0 E FG      : fg_psy_get_property: unsupported property 79
02-22 16:55:40.463     0     0 I init    : starting service 'audioserver'...
02-22 16:55:40.466     0     0 I init    : starting service 'cameraserver'...
02-22 16:55:40.469     0     0 I init    : starting service 'media'...
02-22 16:55:40.472     0     0 I init    : processing action (init.svc.audioserver=running) from (/system/etc/init/audioserver.rc:38)
02-22 16:55:40.472     0     0 I init    : starting service 'vendor.audio-hal'...
02-22 16:55:40.491     0     0 I binder  : 2960:2960 ioctl 40046210 ffe6a570 returned -22
02-22 16:55:40.491     0     0 I binder  : 2960:2960 ioctl 40046210 ffe6a560 returned -22
02-22 16:55:40.493     0     0 I binder  : 2960:2960 ioctl 40046210 ffe6a738 returned -22
02-22 16:55:40.501  2961  2961 I wificond: wificond is starting up...
02-22 16:55:40.501     0     0 I binder  : 2961:2961 ioctl 40046210 7fcf9d9f20 returned -22
02-22 16:55:40.502     0     0 I binder  : 2961:2961 ioctl 40046210 7fcf9da0e4 returned -22
02-22 16:55:40.503  2961  2961 I HidlServiceManagement: Registered android.system.wifi.keystore@1.0::IKeystore/default
02-22 16:55:40.505     0     0 I binder  : 2957:2957 ioctl 40046210 7fe077ea34 returned -22
02-22 16:55:40.505     0     0 I binder  : 2957:2957 ioctl 40046210 7fe077e810 returned -22
02-22 16:55:40.519     0     0 I headset_imp_feature_get: get success!
02-22 16:55:40.524     0     0 I binder  : 2958:2958 ioctl 40046210 7fe1ba6b64 returned -22
02-22 16:55:40.524     0     0 I binder  : 2958:2958 ioctl 40046210 7fe1ba6940 returned -22
02-22 16:55:40.531     0     0 I binder  : 2959:2959 ioctl 40046210 ff8d0400 returned -22
02-22 16:55:40.533     0     0 I binder  : 2959:2959 ioctl 40046210 ff8d05c8 returned -22
02-22 16:55:40.547     0     0 I headset_imp_feature_get: get success!
02-22 16:55:40.767     0     0 E         : msm_qti_pp_get_rms_value_control, back not active to query rms be_idx:3
02-22 16:55:40.778     0     0 I core_get_license_status: cmdrsp_license_result.result = 0x15 for module 0x131ff
02-22 16:55:40.779     0     0 E msm-ext-disp-audio-codec-rx soc: qcom,msm-ext-disp:qcom,msm-ext-disp-audio-codec-rx: msm_ext_disp_audio_type_get: codec_data, get_audio_edid_blk() or get_intf_id is NULL
02-22 16:55:40.780     0     0 E         : max98927_info_rivision_ctl
02-22 16:55:40.780     0     0 E         : max98927_info_rivision_ctl
02-22 16:55:40.780     0     0 E         : max98927_get_rivision_ctl
02-22 16:55:40.780     0     0 I max98927_spk_gain_get: spk_gain setting returned 0
02-22 16:55:40.780     0     0 I max98927_digital_gain_get: spk_gain setting returned 0
02-22 16:55:40.788     0     0 I max98927_mono_out_get_l: value:128
02-22 16:55:40.789     0     0 I max98927_mono_out_get_r: value:0
02-22 16:55:40.789     0     0 I max98927_feedback_en_get_l: value:3
02-22 16:55:40.789     0     0 I max98927_feedback_en_get_r: value:0
02-22 16:55:40.790     0     0 I max98927_left_channel_enable_get: value:0
02-22 16:55:40.790     0     0 I max98927_right_channel_enable_get: value:0
02-22 16:55:40.897     0     0 E         : msm_qti_pp_get_rms_value_control, back not active to query rms be_idx:3
02-22 16:55:40.904     0     0 I core_get_license_status: cmdrsp_license_result.result = 0x15 for module 0x131ff
02-22 16:55:40.905     0     0 E msm-ext-disp-audio-codec-rx soc: qcom,msm-ext-disp:qcom,msm-ext-disp-audio-codec-rx: msm_ext_disp_audio_type_get: codec_data, get_audio_edid_blk() or get_intf_id is NULL
02-22 16:55:40.905     0     0 E         : max98927_info_rivision_ctl
02-22 16:55:40.905     0     0 E         : max98927_info_rivision_ctl
02-22 16:55:40.905     0     0 E         : max98927_get_rivision_ctl
02-22 16:55:40.905     0     0 I max98927_spk_gain_get: spk_gain setting returned 0
02-22 16:55:40.905     0     0 I max98927_digital_gain_get: spk_gain setting returned 0
02-22 16:55:40.910     0     0 I max98927_mono_out_get_l: value:128
02-22 16:55:40.910     0     0 I max98927_mono_out_get_r: value:0
02-22 16:55:40.910     0     0 I max98927_feedback_en_get_l: value:3
02-22 16:55:40.910     0     0 I max98927_feedback_en_get_r: value:0
02-22 16:55:40.910     0     0 I max98927_left_channel_enable_get: value:0
02-22 16:55:40.910     0     0 I max98927_right_channel_enable_get: value:0
02-22 16:55:42.385     0     0 I QCOM-BATT: pl_fcc_vote_callback: total_fcc_ua=1950000
02-22 16:55:42.385     0     0 I QCOM-BATT: pl_fv_vote_callback: fv_uv=4400000
02-22 16:55:42.743     0     0 E FG      : fg_psy_get_property: unsupported property 79
02-22 16:55:42.748     0     0 E FG      : fg_psy_get_property: unsupported property 79
02-22 16:55:42.752     0     0 W healthd : battery l=9 v=3843 t=26.8 h=2 st=2 c=-1470000 fc=3092 chg=a
02-22 16:55:42.757     0     0 E FG      : fg_psy_get_property: unsupported property 79
02-22 16:55:42.960  3019  3019 F linker  : CANNOT LINK EXECUTABLE "/system/bin/netd": library "libnetd_resolv.so" not found: needed by main executable
02-22 16:55:42.984     0     0 I binder  : 3020:3020 ioctl 40046210 7fc65789e0 returned -22
02-22 16:55:42.984     0     0 D vdc     : Waited 0ms for vold
02-22 16:55:45.468     0     0 I init    : starting service 'audioserver'...
02-22 16:55:45.471     0     0 I init    : starting service 'cameraserver'...
02-22 16:55:45.474     0     0 I init    : starting service 'media'...
02-22 16:55:45.477     0     0 I init    : processing action (init.svc.audioserver=running) from (/system/etc/init/audioserver.rc:38)
02-22 16:55:45.477     0     0 I init    : starting service 'vendor.audio-hal'...
02-22 16:55:45.481     0     0 I init    : Command 'start vendor.audio-hal-4-0-msd' action=init.svc.audioserver=running (/system/etc/init/audioserver.rc:40) took 0ms and failed: service vendor.audio-hal-4-0-msd not found
02-22 16:55:45.481     0     0 I init    : Command 'start audio_proxy_service' action=init.svc.audioserver=running (/system/etc/init/audioserver.rc:41) took 0ms and failed: service audio_proxy_service not found
02-22 16:55:45.481     0     0 I init    : Command 'start vendor.audio-hal-2-0' action=init.svc.audioserver=running (/system/etc/init/audioserver.rc:43) took 0ms and failed: service vendor.audio-hal-2-0 not found
02-22 16:55:45.481     0     0 I init    : Command 'start audio-hal-2-0' action=init.svc.audioserver=running (/system/etc/init/audioserver.rc:44) took 0ms and failed: service audio-hal-2-0 not found
02-22 16:55:45.482     0     0 I init    : processing action (init.svc.media=*) from (/system/etc/init/mediaserver.rc:1)
02-22 16:55:45.491     0     0 I binder  : 3026:3026 ioctl 40046210 ffd35c20 returned -22
02-22 16:55:45.491     0     0 I binder  : 3026:3026 ioctl 40046210 ffd35c10 returned -22
02-22 16:55:45.492     0     0 I binder  : 3026:3026 ioctl 40046210 ffd35de8 returned -22
02-22 16:55:45.504  3027  3027 I wificond: wificond is starting up...
02-22 16:55:45.506  3027  3027 I HidlServiceManagement: Registered android.system.wifi.keystore@1.0::IKeystore/default
02-22 16:55:45.504     0     0 I binder  : 3027:3027 ioctl 40046210 7fee09b090 returned -22
02-22 16:55:45.506     0     0 I binder  : 3027:3027 ioctl 40046210 7fee09b254 returned -22
02-22 16:55:45.514     0     0 I binder  : 3023:3023 ioctl 40046210 7fcb8f3f04 returned -22
02-22 16:55:45.514     0     0 I binder  : 3023:3023 ioctl 40046210 7fcb8f3ce0 returned -22
02-22 16:55:45.523     0     0 I headset_imp_feature_get: get success!
02-22 16:55:45.530     0     0 I binder  : 3024:3024 ioctl 40046210 7fc8558324 returned -22
02-22 16:55:45.530     0     0 I binder  : 3024:3024 ioctl 40046210 7fc8558100 returned -22
02-22 16:55:45.549     0     0 I binder  : 3025:3025 ioctl 40046210 fff39860 returned -22
02-22 16:55:45.550     0     0 I binder  : 3025:3025 ioctl 40046210 fff39a28 returned -22
02-22 16:55:45.556     0     0 I headset_imp_feature_get: get success!
02-22 16:55:45.767     0     0 E         : msm_qti_pp_get_rms_value_control, back not active to query rms be_idx:3
02-22 16:55:45.778     0     0 I core_get_license_status: cmdrsp_license_result.result = 0x15 for module 0x131ff
02-22 16:55:45.778     0     0 E msm-ext-disp-audio-codec-rx soc: qcom,msm-ext-disp:qcom,msm-ext-disp-audio-codec-rx: msm_ext_disp_audio_type_get: codec_data, get_audio_edid_blk() or get_intf_id is NULL
02-22 16:55:45.779     0     0 E         : max98927_info_rivision_ctl
02-22 16:55:45.779     0     0 E         : max98927_info_rivision_ctl
02-22 16:55:45.779     0     0 E         : max98927_get_rivision_ctl
02-22 16:55:45.779     0     0 I max98927_spk_gain_get: spk_gain setting returned 0
02-22 16:55:45.779     0     0 I max98927_digital_gain_get: spk_gain setting returned 0
02-22 16:55:45.786     0     0 I max98927_mono_out_get_l: value:128
02-22 16:55:45.786     0     0 I max98927_mono_out_get_r: value:0
02-22 16:55:45.787     0     0 I max98927_feedback_en_get_l: value:3
02-22 16:55:45.787     0     0 I max98927_feedback_en_get_r: value:0
02-22 16:55:45.787     0     0 I max98927_left_channel_enable_get: value:0
02-22 16:55:45.788     0     0 I max98927_right_channel_enable_get: value:0
02-22 16:55:45.905     0     0 E         : msm_qti_pp_get_rms_value_control, back not active to query rms be_idx:3
02-22 16:55:45.912     0     0 I core_get_license_status: cmdrsp_license_result.result = 0x15 for module 0x131ff
02-22 16:55:45.913     0     0 E msm-ext-disp-audio-codec-rx soc: qcom,msm-ext-disp:qcom,msm-ext-disp-audio-codec-rx: msm_ext_disp_audio_type_get: codec_data, get_audio_edid_blk() or get_intf_id is NULL
02-22 16:55:45.913     0     0 E         : max98927_info_rivision_ctl
02-22 16:55:45.913     0     0 E         : max98927_info_rivision_ctl
02-22 16:55:45.913     0     0 E         : max98927_get_rivision_ctl
02-22 16:55:45.913     0     0 I max98927_spk_gain_get: spk_gain setting returned 0
02-22 16:55:45.914     0     0 I max98927_digital_gain_get: spk_gain setting returned 0
02-22 16:55:45.918     0     0 I max98927_mono_out_get_l: value:128
02-22 16:55:45.918     0     0 I max98927_mono_out_get_r: value:0
02-22 16:55:45.918     0     0 I max98927_feedback_en_get_l: value:3
02-22 16:55:45.919     0     0 I max98927_feedback_en_get_r: value:0
02-22 16:55:45.919     0     0 I max98927_left_channel_enable_get: value:0
02-22 16:55:45.919     0     0 I max98927_right_channel_enable_get: value:0
02-22 16:55:47.966  3086  3086 F linker  : CANNOT LINK EXECUTABLE "/system/bin/netd": library "libnetd_resolv.so" not found: needed by main executable
02-22 16:55:47.993     0     0 I binder  : 3087:3087 ioctl 40046210 7fcae1d770 returned -22
02-22 16:55:47.993     0     0 D vdc     : Waited 0ms for vold
02-22 16:55:49.425     0     0 I QCOM-BATT: pl_fcc_vote_callback: total_fcc_ua=1950000
02-22 16:55:49.425     0     0 I QCOM-BATT: pl_fv_vote_callback: fv_uv=4400000
02-22 16:55:49.783     0     0 E FG      : fg_psy_get_property: unsupported property 79
02-22 16:55:49.789     0     0 E FG      : fg_psy_get_property: unsupported property 79
02-22 16:55:49.792     0     0 W healthd : battery l=9 v=3844 t=26.8 h=2 st=2 c=-1475000 fc=3092 chg=a
02-22 16:55:49.797     0     0 E FG      : fg_psy_get_property: unsupported property 79
02-22 16:55:50.479     0     0 I init    : starting service 'media'...
02-22 16:55:50.488     0     0 I init    : processing action (init.svc.audioserver=running) from (/system/etc/init/audioserver.rc:38)
02-22 16:55:50.488     0     0 I init    : starting service 'vendor.audio-hal'...
02-22 16:55:50.498     0     0 I init    : starting service 'wificond'...
02-22 16:55:50.501     0     0 I init    : Command 'start vendor.audio-hal-4-0-msd' action=init.svc.audioserver=running (/system/etc/init/audioserver.rc:40) took 0ms and failed: service vendor.audio-hal-4-0-msd not found
02-22 16:55:50.501     0     0 I init    : Command 'start audio_proxy_service' action=init.svc.audioserver=running (/system/etc/init/audioserver.rc:41) took 0ms and failed: service audio_proxy_service not found
02-22 16:55:50.501     0     0 I init    : Command 'start vendor.audio-hal-2-0' action=init.svc.audioserver=running (/system/etc/init/audioserver.rc:43) took 0ms and failed: service vendor.audio-hal-2-0 not found
02-22 16:55:50.501     0     0 I init    : Command 'start audio-hal-2-0' action=init.svc.audioserver=running (/system/etc/init/audioserver.rc:44) took 0ms and failed: service audio-hal-2-0 not found
02-22 16:55:50.502     0     0 I init    : processing action (init.svc.media=*) from (/system/etc/init/mediaserver.rc:1)
02-22 16:55:50.502     0     0 I init    : processing action (init.svc.mediadrm=running) from (/vendor/etc/init/android.hardware.drm@1.3-service.widevine.rc:1)
02-22 16:55:50.508     0     0 I binder  : 3093:3093 ioctl 40046210 ff801060 returned -22
02-22 16:55:50.508     0     0 I binder  : 3093:3093 ioctl 40046210 ff801050 returned -22
02-22 16:55:50.509     0     0 I binder  : 3093:3093 ioctl 40046210 ff801228 returned -22
02-22 16:55:50.517     0     0 I binder  : 3090:3090 ioctl 40046210 7ff6a4b3c4 returned -22
02-22 16:55:50.517     0     0 I binder  : 3090:3090 ioctl 40046210 7ff6a4b1a0 returned -22
02-22 16:55:50.525  3094  3094 I wificond: wificond is starting up...
02-22 16:55:50.526     0     0 I binder  : 3094:3094 ioctl 40046210 7fe53d5070 returned -22
